Archive member included because of file (symbol)

..\mesh_common\mesh\libraries\CSR102x_A06\libcsrmesh.a(csr_mesh.o)
                              depend_Debug_CSR102x_A06\core_mesh_handler.o (CSRmeshRegisterAppCallback)
..\mesh_common\mesh\libraries\CSR102x_A06\libcsrmesh.a(csr_mesh_masp_mcp_common.o)
                              ..\mesh_common\mesh\libraries\CSR102x_A06\libcsrmesh.a(csr_mesh.o) (___libcsrmesh_215)
..\mesh_common\mesh\libraries\CSR102x_A06\libcsrmesh.a(csr_mesh_mtl.o)
                              ..\mesh_common\mesh\libraries\CSR102x_A06\libcsrmesh.a(csr_mesh.o) (___libcsrmesh_269)
..\mesh_common\mesh\libraries\CSR102x_A06\libcsrmesh.a(csr_mesh_ec_alloc.o)
                              ..\mesh_common\mesh\libraries\CSR102x_A06\libcsrmesh.a(csr_mesh.o) (___libcsrmesh_118)
..\mesh_common\mesh\libraries\CSR102x_A06\libcsrmesh.a(csr_mesh_masp.o)
                              ..\mesh_common\mesh\libraries\CSR102x_A06\libcsrmesh.a(csr_mesh.o) (___libcsrmesh_212)
..\mesh_common\mesh\libraries\CSR102x_A06\libcsrmesh.a(csr_mesh_mcp.o)
                              ..\mesh_common\mesh\libraries\CSR102x_A06\libcsrmesh.a(csr_mesh.o) (___libcsrmesh_243)
..\mesh_common\mesh\libraries\CSR102x_A06\libcsrmesh.a(csr_mesh_sha256_get_results.o)
                              ..\mesh_common\mesh\libraries\CSR102x_A06\libcsrmesh.a(csr_mesh_masp_mcp_common.o) (___libcsrmesh_297)
..\mesh_common\mesh\libraries\CSR102x_A06\libcsrmesh.a(csr_mesh_sha256_hmac.o)
                              ..\mesh_common\mesh\libraries\CSR102x_A06\libcsrmesh.a(csr_mesh_masp_mcp_common.o) (___libcsrmesh_308)
..\mesh_common\mesh\libraries\CSR102x_A06\libcsrmesh.a(csr_mesh_sha256_initialise.o)
                              ..\mesh_common\mesh\libraries\CSR102x_A06\libcsrmesh.a(csr_mesh_masp_mcp_common.o) (___libcsrmesh_311)
..\mesh_common\mesh\libraries\CSR102x_A06\libcsrmesh.a(csr_mesh_sha256_process_data.o)
                              ..\mesh_common\mesh\libraries\CSR102x_A06\libcsrmesh.a(csr_mesh_sha256_hmac.o) (___libcsrmesh_317)
..\mesh_common\mesh\libraries\CSR102x_A06\libcsrmesh.a(csr_mesh_bearer.o)
                              ..\mesh_common\mesh\libraries\CSR102x_A06\libcsrmesh.a(csr_mesh_mtl.o) (___libcsrmesh_335)
..\mesh_common\mesh\libraries\CSR102x_A06\libcsrmesh.a(csr_mesh_bearer_porting_util.o)
                              ..\mesh_common\mesh\libraries\CSR102x_A06\libcsrmesh.a(csr_mesh_bearer.o) (___libcsrmesh_353)
..\mesh_common\mesh\libraries\CSR102x_A06\libcsrmesh.a(csr1010_scheduler.o)
                              ..\mesh_common\mesh\libraries\CSR102x_A06\libcsrmesh.a(csr_mesh_bearer_porting_util.o) (IsCSRSchedRunning)
..\mesh_common\mesh\libraries\CSR102x_A06\libcsrmesh.a(csr_mesh_hal_ifce.o)
                              ..\mesh_common\mesh\libraries\CSR102x_A06\libcsrmesh.a(csr_mesh_masp.o) (___libcsrmesh_363)
..\mesh_common\mesh\libraries\CSR102x_A06\libcsrmesh.a(csr_mesh_security_ifce_101x.o)
                              ..\mesh_common\mesh\libraries\CSR102x_A06\libcsrmesh.a(csr_mesh_mtl.o) (___libcsrmesh_371)
..\mesh_common\mesh\libraries\CSR102x_A06\libcsrmesh.a(csr_mesh_config_model.o)
                              ..\mesh_common\mesh\libraries\CSR102x_A06\libcsrmesh.a(csr_mesh_mcp.o) (ConfigModelInit)
..\mesh_common\mesh\libraries\CSR102x_A06\libcsrmesh.a(csr_mesh_bearer_model.o)
                              ..\mesh_common\mesh\libraries\CSR102x_A06\libcsrmesh.a(csr_mesh_mcp.o) (BearerModelInit)
..\mesh_common\mesh\libraries\CSR102x_A06\libcsrmesh.a(csr_mesh_ec_math.o)
                              ..\mesh_common\mesh\libraries\CSR102x_A06\libcsrmesh.a(csr_mesh_masp.o) (___libcsrmesh_127)
..\mesh_common\mesh\libraries\CSR102x_A06\libcsrmesh.a(csr_mesh_group_model.o)
                              ..\mesh_common\mesh\libraries\CSR102x_A06\libcsrmesh.a(csr_mesh_mcp.o) (GroupModelInit)
..\mesh_common\mesh\libraries\CSR102x_A06\libcsrmesh.a(csr_mesh_large_num.o)
                              ..\mesh_common\mesh\libraries\CSR102x_A06\libcsrmesh.a(csr_mesh_ec_math.o) (___libcsrmesh_161)
..\mesh_common\mesh\libraries\CSR102x_A06\libcsrmesh.a(csr_mesh_sha_add_to_cache.o)
                              ..\mesh_common\mesh\libraries\CSR102x_A06\libcsrmesh.a(csr_mesh_sha256_get_results.o) (___libcsrmesh_286)
..\mesh_common\mesh\libraries\CSR102x_A06\libcsrmesh.a(csr_mesh_sha256_calc_ith_hash_val.o)
                              ..\mesh_common\mesh\libraries\CSR102x_A06\libcsrmesh.a(csr_mesh_sha256_process_data.o) (___libcsrmesh_292)
C:\CSR102x_SDK-3.1.1\tools\lib\CSR102x_A06\libgatt_lib_ram.a(gatt_init.o)
                              depend_Debug_CSR102x_A06\cm_common.o (GattInit)
C:\CSR102x_SDK-3.1.1\tools\lib\CSR102x_A06\libgatt_lib_ram.a(gatt_exchange_mtu_rsp_api.o)
                              depend_Debug_CSR102x_A06\cm_private.o (GattExchangeMtuRsp)
C:\CSR102x_SDK-3.1.1\tools\lib\CSR102x_A06\libgatt_lib_ram.a(sm_ram.o)
[...]
Memory Configuration

Name             Origin             Length             Attributes
p_rom            0x00000000         0x00018000
p_otp            0x00018000         0x00008000
p_cram0          0x00020000         0x00004000
p_cram1          0x00024000         0x00002000
p_cram2          0x00026000         0x00002000
p_smem           0x00028000         0x00020000
p_ram            0x00048000         0x00002000
p_flexi          0x00050000         0x00020000
p_app            0x00000000         0x00070000
d_mtp            0x00000080         0x00000080
d_pmem           0x00000200         0x00000200
d_imem           0x00000600         0x00000080
d_memarb         0x00000800         0x00000800
d_rom            0x00001000         0x00004000
d_fwromcram      0x00005000         0x00001000
d_appdata        0x00006000         0x00004000
d_appconst       0x0000a000         0x00001000
d_fwsmemotp      0x0000b000         0x00001000
d_appsmem        0x0000c000         0x00001000
d_ram            0x0000d000         0x00002000
d_app            0x00000000         0x0000f000
*default*        0x00000000         0xffffffff

Linker script and memory map

LOAD depend_Debug_CSR102x_A06\app_gatt_db.o
LOAD depend_Debug_CSR102x_A06\gaia_client.o
LOAD depend_Debug_CSR102x_A06\gaia_client_service.o
LOAD depend_Debug_CSR102x_A06\gaia_otau_client.o
LOAD depend_Debug_CSR102x_A06\conn_param_update.o
LOAD depend_Debug_CSR102x_A06\nvm_access.o
LOAD depend_Debug_CSR102x_A06\cm_common.o
LOAD depend_Debug_CSR102x_A06\cm_hal.o
LOAD depend_Debug_CSR102x_A06\cm_private.o
LOAD depend_Debug_CSR102x_A06\cm_security.o
LOAD depend_Debug_CSR102x_A06\cm_server.o
LOAD depend_Debug_CSR102x_A06\cm_observer.o
LOAD depend_Debug_CSR102x_A06\cm_peripheral.o
LOAD depend_Debug_CSR102x_A06\cm_central.o
LOAD depend_Debug_CSR102x_A06\cm_client.o
LOAD depend_Debug_CSR102x_A06\battery_hw.o
LOAD depend_Debug_CSR102x_A06\fast_pwm.o
LOAD depend_Debug_CSR102x_A06\iot_hw.o
LOAD depend_Debug_CSR102x_A06\csr_mesh_ps_ifce.o
LOAD depend_Debug_CSR102x_A06\attention_model_handler.o
LOAD depend_Debug_CSR102x_A06\battery_model_handler.o
LOAD depend_Debug_CSR102x_A06\core_mesh_handler.o
LOAD depend_Debug_CSR102x_A06\data_model_handler.o
LOAD depend_Debug_CSR102x_A06\light_model_handler.o
LOAD depend_Debug_CSR102x_A06\power_model_handler.o
LOAD depend_Debug_CSR102x_A06\app_util.o
LOAD depend_Debug_CSR102x_A06\connection_handler.o
LOAD depend_Debug_CSR102x_A06\advertisement_handler.o
LOAD depend_Debug_CSR102x_A06\time_model_handler.o
LOAD depend_Debug_CSR102x_A06\action_model_handler.o
LOAD depend_Debug_CSR102x_A06\largeobjecttransfer_model_handler.o
LOAD depend_Debug_CSR102x_A06\asset_model_handler.o
LOAD depend_Debug_CSR102x_A06\tracker_model_handler.o
LOAD depend_Debug_CSR102x_A06\app_otau_handler.o
LOAD depend_Debug_CSR102x_A06\scan_handler.o
LOAD depend_Debug_CSR102x_A06\app_otau_client_handler.o
LOAD depend_Debug_CSR102x_A06\extension_model_handler.o
LOAD depend_Debug_CSR102x_A06\gap_service.o
LOAD depend_Debug_CSR102x_A06\gatt_service.o
LOAD depend_Debug_CSR102x_A06\mesh_control_service.o
LOAD depend_Debug_CSR102x_A06\byte_utils.o
LOAD depend_Debug_CSR102x_A06\gaia.o
LOAD depend_Debug_CSR102x_A06\gaia_otau.o
LOAD depend_Debug_CSR102x_A06\gaia_service.o
LOAD depend_Debug_CSR102x_A06\main_app.o
LOAD depend_Debug_CSR102x_A06\app_mesh_handler.o
LOAD depend_Debug_CSR102x_A06\app_hw.o
LOAD depend_Debug_CSR102x_A06\ONESECOND.o
LOAD depend_Debug_CSR102x_A06\uart_queue.o
LOAD depend_Debug_CSR102x_A06\UARTMCU.o
LOAD depend_Debug_CSR102x_A06\pio_ctrlr_code.o
LOAD ..\mesh_common\mesh\libraries\CSR102x_A06\libcsrmesh.a
LOAD ..\mesh_common\mesh\libraries\CSR102x_A06\libasset_server.a
LOAD ..\mesh_common\mesh\libraries\CSR102x_A06\libasset_client.a
LOAD ..\mesh_common\mesh\libraries\CSR102x_A06\libtracker_server.a
LOAD ..\mesh_common\mesh\libraries\CSR102x_A06\libtracker_client.a
LOAD ..\mesh_common\mesh\libraries\CSR102x_A06\libaction_server.a
LOAD ..\mesh_common\mesh\libraries\CSR102x_A06\libtuning_server.a
LOAD ..\mesh_common\mesh\libraries\CSR102x_A06\libtime_server.a
LOAD ..\mesh_common\mesh\libraries\CSR102x_A06\libtime_client.a
LOAD ..\mesh_common\mesh\libraries\CSR102x_A06\liblight_server.a
LOAD ..\mesh_common\mesh\libraries\CSR102x_A06\libpower_server.a
LOAD ..\mesh_common\mesh\libraries\CSR102x_A06\libping_server.a
LOAD ..\mesh_common\mesh\libraries\CSR102x_A06\libattention_server.a
LOAD ..\mesh_common\mesh\libraries\CSR102x_A06\libdata_server.a
LOAD ..\mesh_common\mesh\libraries\CSR102x_A06\libdata_client.a
LOAD ..\mesh_common\mesh\libraries\CSR102x_A06\libbattery_server.a
LOAD ..\mesh_common\mesh\libraries\CSR102x_A06\liblargeobjecttransfer_server.a
LOAD ..\mesh_common\mesh\libraries\CSR102x_A06\liblargeobjecttransfer_client.a
LOAD C:\CSR102x_SDK-3.1.1\tools\lib\CSR102x_A06\libgatt_lib_ram.a
                0x00050000                PROG_APPCODE_START = PROG_FLEXI_START
                0x00000000                APP_SIGNATURE_SIZE = 0x0
                0x00000001                DRAM_APPDATA_MODEL = 0x1
                0x00000000                STORE_OFFSET = 0x0
LOAD C:\CSR102x_SDK-3.1.1\tools\lib\CSR102x_A06\rom_img.elf
                0x00028000                PROG_SMEM_START = 0x28000
                0x00018000                PROG_OTP_START = 0x18000
                0x00050000                PROG_FLEXI_START = 0x50000
                0x00048000                PROG_DRAM_START = 0x48000
                0x00005000                DATA_FW_ROM_CRAM_WINDOW = 0x5000
                0x0000b000                DATA_FW_SMEM_OTP_WINDOW = 0xb000
                0x0000c000                DATA_APP_SMEM_WINDOW = 0xc000
                0x00020000                PROG_CRAM0_START = 0x20000
                0x0000a000                DATA_APPCONST_START = DEFINED (DATA_APPCONST_OVERRIDE)?DATA_APPCONST_OVERRIDE:0xa000
                [0x00000001]                DRAM_APPDATA_MODEL = DEFINED (DRAM_APPDATA_MODEL)?DRAM_APPDATA_MODEL:0x0
                0x00006000                DATA_APPDATA_START = (DRAM_APPDATA_MODEL == 0x0)?DATA_APPHOLE_START:0x6000
                0x00002000                DATA_APPDATA_MAX_SIZE = (DRAM_APPDATA_MODEL == 0x0)?APPDATA_SIZE:(DRAM_APPDATA_MODEL == 0x1)?0x2000:0x4000
                0x80000000                $CODE$ = 0x80000000
                0x00000000                $DATA$ = 0x0
                0x0000ffe0                PROVIDE ($XAP_AH, 0xffe0)
                0x0000ffe1                PROVIDE ($XAP_AL, 0xffe1)
                0x0000ffe2                PROVIDE ($XAP_UXH, 0xffe2)
                0x0000ffe3                PROVIDE ($XAP_UXL, 0xffe3)
                0x0000ffe4                PROVIDE ($XAP_UY, 0xffe4)
                0x0000ffe5                PROVIDE ($XAP_IXH, 0xffe5)
                0x0000ffe6                PROVIDE ($XAP_IXL, 0xffe6)
                0x0000ffe7                PROVIDE ($XAP_IY, 0xffe7)
                0x00000001                ASSERT (DEFINED (DATA_APPCONST_START), DATA_APPCONST_START must be defined.)
                0x00000001                ASSERT (DEFINED (DATA_APPDATA_START), DATA_APPDATA_START not defined - check the firmware is valid.)
                [0x00050000]                PROG_APPCODE_START = DEFINED (PROG_APPCODE_START)?PROG_APPCODE_START:PROG_FLEXI_START
                0x00000001                ASSERT (DEFINED (APP_SIGNATURE_SIZE), APP_SIGNATURE_SIZE must be defined)
                0x00000010                APP_HASH_SIZE = 0x10
                [0x00000000]                STORE_OFFSET = DEFINED (STORE_OFFSET)?STORE_OFFSET:0x0
                0x00000000                STORE_SEG_BASE = (STORE_OFFSET & 0xfffff000)
                0x00000000                STORE_SEG_OFFSET = (STORE_OFFSET & 0xfff)
                0x00050000                PROG_FLEXI_OFFSET = (PROG_FLEXI_START - STORE_SEG_BASE)
                0x00000008                APP_ENC_IV_SIZE = 0x8
                0x00000010                APPHEADER_SIZE = (0x8 + APP_ENC_IV_SIZE)
                0x00000001                ASSERT (((STORE_OFFSET % APPHEADER_SIZE) == 0x0), STORE_OFFSET is not an exact multiple of APPHEADER_SIZE)

.appheader      0x00050000       0x10 load address 0x80050000
                0x00050000                PROG_APPCRT_START = .
 *app_proxy_crt.o(.text)
 .text          0x00050000        0x7 C:\CSR102x_SDK-3.1.1\tools\lib\CSR102x_A06\libgatt_lib_ram.a(app_proxy_crt.o)
                0x00050005                _app_store_header_fw_init
 *app_proxy_crt.o(.text.*)
                0x00050010                . = ALIGN (APPHEADER_SIZE)
 *fill*         0x00050007       0x12 00
                0x00050010                PROG_APPCRT_END = .

.appconst       0x0000a010      0x3dd load address 0x00050010
                0x0000a010                D_APPCONST_START = .
 *(CONST)
 *(CONST.*)
 *(.rodata)
 .rodata        0x0000a010        0x2 depend_Debug_CSR102x_A06\advertisement_handler.o
 *(.rodata.*)
 .rodata.handleConnMgrEvent
                0x0000a012        0xc depend_Debug_CSR102x_A06\gaia_client_service.o
 .rodata.g_gaia_client_handler
                0x0000a01e        0x2 depend_Debug_CSR102x_A06\gaia_client_service.o
 .rodata.HandleGaiaResponseNotification
                0x0000a020       0x16 depend_Debug_CSR102x_A06\gaia_otau_client.o
 .rodata.ConnectionParamUpdateEvent
                0x0000a036        0x5 depend_Debug_CSR102x_A06\conn_param_update.o
 .rodata.str2.2
                0x0000a03b        0x8 depend_Debug_CSR102x_A06\cm_hal.o
 .rodata.csr_mesh_pskey_offset_table
                0x0000a043       0x1e depend_Debug_CSR102x_A06\csr_mesh_ps_ifce.o
 .rodata.fh_tx_pwr_map
                0x0000a061       0x10 depend_Debug_CSR102x_A06\core_mesh_handler.o
 .rodata.appHandleConnMgrProcEvent
                0x0000a071       0x1c depend_Debug_CSR102x_A06\connection_handler.o
 .rodata.C.2..3950.
                0x0000a08d        0x3 depend_Debug_CSR102x_A06\advertisement_handler.o
 .rodata.str2.2
                0x0000a090        0x9 depend_Debug_CSR102x_A06\app_otau_handler.o
 .rodata.appHandleGaiaOtauEvent
                0x0000a099        0xf depend_Debug_CSR102x_A06\app_otau_handler.o
 .rodata.str2.2
                0x0000a0a8       0x12 depend_Debug_CSR102x_A06\app_otau_client_handler.o
                                 0x1b (size before relaxing)
 .rodata.appHandleGaiaOtauClientEvent
                0x0000a0ba        0x6 depend_Debug_CSR102x_A06\app_otau_client_handler.o
 .rodata.str2.2
                0x0000a0c0        0x8 depend_Debug_CSR102x_A06\gap_service.o
 .rodata.g_service_handler
                0x0000a0c8        0x2 depend_Debug_CSR102x_A06\gap_service.o
 .rodata.g_server_handler
                0x0000a0ca        0x2 depend_Debug_CSR102x_A06\gatt_service.o
 .rodata.handleAccessWrite
                0x0000a0cc        0x7 depend_Debug_CSR102x_A06\mesh_control_service.o
 .rodata.g_mesh_server_handlers
                0x0000a0d3        0x2 depend_Debug_CSR102x_A06\mesh_control_service.o
 .rodata.GaiaOtauHandleStoreUpdateMsg
                0x0000a0d5        0xf depend_Debug_CSR102x_A06\gaia_otau.o
 .rodata.str2.2
                0x00000000       0x12 depend_Debug_CSR102x_A06\gaia_otau.o
 .rodata.handleOtauFileTransfer
                0x0000a0e4        0x8 depend_Debug_CSR102x_A06\gaia_otau.o
 .rodata.GaiaOtauHandleVmUpgradeControlCommand
                0x0000a0ec       0x16 depend_Debug_CSR102x_A06\gaia_otau.o
 .rodata.g_gaia_server_handlers
                0x0000a102        0x2 depend_Debug_CSR102x_A06\gaia_service.o
 .rodata.masp_enc_key
                0x0000a104       0x1f ..\mesh_common\mesh\libraries\CSR102x_A06\libcsrmesh.a(csr_mesh_mtl.o)
 .rodata.masp_nw_iv
                0x0000a123        0x8 ..\mesh_common\mesh\libraries\CSR102x_A06\libcsrmesh.a(csr_mesh_mtl.o)
 .rodata.masp_nw_key
                0x0000a12b       0x10 ..\mesh_common\mesh\libraries\CSR102x_A06\libcsrmesh.a(csr_mesh_mtl.o)
 .rodata.str2.2
                0x0000a13b        0x6 ..\mesh_common\mesh\libraries\CSR102x_A06\libcsrmesh.a(csr_mesh_ec_alloc.o)
 .rodata.handleMaspMessage
                0x0000a141       0x17 ..\mesh_common\mesh\libraries\CSR102x_A06\libcsrmesh.a(csr_mesh_masp.o)
 .rodata.str2.2
                0x0000a158       0x14 ..\mesh_common\mesh\libraries\CSR102x_A06\libcsrmesh.a(csr_mesh_masp.o)
 .rodata.masp_msg_len
                0x0000a16c       0x19 ..\mesh_common\mesh\libraries\CSR102x_A06\libcsrmesh.a(csr_mesh_masp.o)
 .rodata.sha256_init_table
                0x0000a185       0x10 ..\mesh_common\mesh\libraries\CSR102x_A06\libcsrmesh.a(csr_mesh_sha256_initialise.o)
 .rodata.csr_mesh_ad_data
                0x0000a195        0x3 ..\mesh_common\mesh\libraries\CSR102x_A06\libcsrmesh.a(csr1010_scheduler.o)
 .rodata.handleConfigGetDeviceInfo
                0x0000a198        0x9 ..\mesh_common\mesh\libraries\CSR102x_A06\libcsrmesh.a(csr_mesh_config_model.o)
 .rodata.configModelServerHandler
                0x0000a1a1       0x11 ..\mesh_common\mesh\libraries\CSR102x_A06\libcsrmesh.a(csr_mesh_config_model.o)
 .rodata.P192_curve_generator_x
                0x0000a1b2        0xd ..\mesh_common\mesh\libraries\CSR102x_A06\libcsrmesh.a(csr_mesh_ec_math.o)
 .rodata.P192_curve_generator_y
                0x0000a1bf        0xd ..\mesh_common\mesh\libraries\CSR102x_A06\libcsrmesh.a(csr_mesh_ec_math.o)
 .rodata.sha256_consts
                0x0000a1cc       0x80 ..\mesh_common\mesh\libraries\CSR102x_A06\libcsrmesh.a(csr_mesh_sha256_calc_ith_hash_val.o)
 .rodata.ram_build_identifier_integer
                0x0000a24c        0x1 C:\CSR102x_SDK-3.1.1\tools\lib\CSR102x_A06\libgatt_lib_ram.a(id_ram.o)
                0x0000a24c                ram_build_identifier_integer
 .rodata.ram_build_identifier_string
                0x0000a24d       0x25 C:\CSR102x_SDK-3.1.1\tools\lib\CSR102x_A06\libgatt_lib_ram.a(id_ram.o)
                0x0000a24d                ram_build_identifier_string
 .rodata.patch_table_data
                0x0000a272       0x36 C:\CSR102x_SDK-3.1.1\tools\lib\CSR102x_A06\libgatt_lib_ram.a(sw_patch_ram.o)
 .rodata.patch_shared_reset
                0x0000a2a8        0x5 C:\CSR102x_SDK-3.1.1\tools\lib\CSR102x_A06\libgatt_lib_ram.a(patch_reset.o)
 .rodata.p_halmem_api_rom
                0x0000a2ad        0x5 C:\CSR102x_SDK-3.1.1\tools\lib\CSR102x_A06\libgatt_lib_ram.a(patch_reset.o)
                0x0000a2ad                ___libgatt_lib_db_5602
 .rodata.p_halmem_smem_instance
                0x0000a2b2       0x12 C:\CSR102x_SDK-3.1.1\tools\lib\CSR102x_A06\libgatt_lib_ram.a(patch_reset.o)
 .rodata.haluart_api_patch
                0x0000a2c4        0x1 C:\CSR102x_SDK-3.1.1\tools\lib\CSR102x_A06\libgatt_lib_ram.a(patch_hal_uart.o)
                0x0000a2c4                ___libgatt_lib_db_5625
 .rodata.patched_uart_instances
                0x0000a2c5       0x12 C:\CSR102x_SDK-3.1.1\tools\lib\CSR102x_A06\libgatt_lib_ram.a(patch_hal_uart.o)
 *(.pio_ctrlr_code)
                0x0000a2d7                APP_BUILD_VERSION = .
 *(.app_bld_ver)
                0x0000a2d7                PROG_PATCH_ADDRESS = .
 *(.hw_patch)
 .hw_patch      0x0000a2d7      0x116 C:\CSR102x_SDK-3.1.1\tools\lib\CSR102x_A06\libgatt_lib_ram.a(patch_flashheart_d06.o)
                0x0000a2d7                hw_patch
                0x0000a3ed                PROG_PATCH_END = .
                0x0000a3ed                D_APPCONST_END = .
                0x000003dd                APPCONST_SIZE = SIZEOF (.appconst)
                0x00000001                ASSERT (((D_APPCONST_START & 0x1000) == (D_APPCONST_END & 0x1000)), Application uses too much CONST data (page boundary exceeded))

.progapp_appconst
                0x00050010      0x3dd
                0x000503ed                . = (. + APPCONST_SIZE)
 *fill*         0x00050010      0x7ba 00

.appdata        0x00006000       0xf3 load address 0x000503ed
                0x00006000                DATA_APPINITDATA_START = .
 *(.data)
 *(.data.*)
 .data.gattDatabase
                0x00006000       0xb8 depend_Debug_CSR102x_A06\app_gatt_db.o
                0x00006000                gattDatabase
 .data.g_gaia_client_service_uuid
                0x000060b8        0x8 depend_Debug_CSR102x_A06\gaia_client_service.o
 .data.g_nvm_type
                0x000060c0        0x1 depend_Debug_CSR102x_A06\nvm_access.o
 .data.g_cm_app_handler
                0x000060c1        0x2 depend_Debug_CSR102x_A06\connection_handler.o
 .data.mesh_ad_data
                0x000060c3        0x3 depend_Debug_CSR102x_A06\app_mesh_handler.o
                0x000060c3                mesh_ad_data
 .data.vid_pid_info
                0x000060c6        0x4 depend_Debug_CSR102x_A06\app_mesh_handler.o
                0x000060c6                vid_pid_info
 .data.appearance
                0x000060ca        0xd depend_Debug_CSR102x_A06\app_mesh_handler.o
                0x000060ca                appearance
 .data.g_headPtr
                0x000060d7        0x1 depend_Debug_CSR102x_A06\uart_queue.o
                0x000060d7                g_headPtr
 .data.g_writePtr
                0x000060d8        0x1 depend_Debug_CSR102x_A06\uart_queue.o
                0x000060d8                g_writePtr
 .data.g_readPtr
                0x000060d9        0x1 depend_Debug_CSR102x_A06\uart_queue.o
                0x000060d9                g_readPtr
 .data.key_iv_status_values
                0x000060da        0x8 ..\mesh_common\mesh\libraries\CSR102x_A06\libcsrmesh.a(csr_mesh_masp.o)
 .data.P192_p   0x000060e2        0xd ..\mesh_common\mesh\libraries\CSR102x_A06\libcsrmesh.a(csr_mesh_ec_math.o)
                0x000060e2                ___libcsrmesh_132
 .data.PATCH_DBG_UART_CONFIG
                0x000060ef        0x1 C:\CSR102x_SDK-3.1.1\tools\lib\CSR102x_A06\libgatt_lib_ram.a(patch_uart.o)
                0x000060ef                ___libgatt_lib_db_5598
 .data.patched_halbleradio_api
                0x000060f0        0x1 C:\CSR102x_SDK-3.1.1\tools\lib\CSR102x_A06\libgatt_lib_ram.a(patch_hal_bleradio.o)
 .data.first_run
                0x000060f1        0x1 C:\CSR102x_SDK-3.1.1\tools\lib\CSR102x_A06\libgatt_lib_ram.a(patch_sysop_fosc_trim.o)
                0x000060f1                ___libgatt_lib_db_5630
 .data.switch_pio_g
                0x000060f2        0x1 C:\CSR102x_SDK-3.1.1\tools\lib\CSR102x_A06\libgatt_lib_ram.a(patch_activity.o)
                0x000060f3                DATA_APPINITDATA_END = .
                0x000000f3                APPINITDATA_SIZE = SIZEOF (.appdata)
                0x00000001                ASSERT (((APPCONST_SIZE + APPINITDATA_SIZE) <= 0x1000), Application uses too much CONST / Initialised data)

.progapp_appdata
                0x000503ed       0xf3
                0x000504e0                . = (. + APPINITDATA_SIZE)
 *fill*         0x000503ed      0x1e6 00

.patchtext      0x000504e0        0x0 load address 0x800504e0
                0x000504e0                PROG_SW_PATCH_FN_START = .
 *(.patch_text)
 *(.patch_text.*)
                0x000504e0                PROG_SW_PATCH_FN_END = .

.apptext        0x000504e0     0x7c20 load address 0x800504e0
 *(.extra_crt)
 *(.text)
 .text          0x000504e0       0x2f C:\CSR102x_SDK-3.1.1\tools\lib\CSR102x_A06\libgatt_lib_ram.a(sm_ram.o)
                0x000504e0                ___libgatt_lib_db_962
                0x00050509                SMInit
 .text          0x0005050f        0x3 C:\CSR102x_SDK-3.1.1\tools\lib\CSR102x_A06\libgatt_lib_ram.a(sm_key_req_api.o)
                0x0005050f                SMKeyRequestRsp
 .text          0x00050512        0x3 C:\CSR102x_SDK-3.1.1\tools\lib\CSR102x_A06\libgatt_lib_ram.a(sm_div_approval_api.o)
                0x00050512                SMDivApprovalRsp
 .text          0x00050515        0x3 C:\CSR102x_SDK-3.1.1\tools\lib\CSR102x_A06\libgatt_lib_ram.a(sm_pairing_auth_api.o)
                0x00050515                SMPairingAuthRsp
 .text          0x00050518        0x6 C:\CSR102x_SDK-3.1.1\tools\lib\CSR102x_A06\libgatt_lib_ram.a(sm_ltk_api.o)
                0x00050518                SMLongTermKeyRsp
 *(.text.*)
 .text.GattGetDatabase
                0x0005051e        0x8 depend_Debug_CSR102x_A06\app_gatt_db.o
                0x0005051e                GattGetDatabase
 .text.GaiaClientSendConnectPacket
                0x00050526       0x10 depend_Debug_CSR102x_A06\gaia_client.o
                0x00050526                GaiaClientSendConnectPacket
 .text.GaiaClientSendDisconnectPacket
                0x00050536       0x10 depend_Debug_CSR102x_A06\gaia_client.o
                0x00050536                GaiaClientSendDisconnectPacket
 .text.GaiaClientSendAcknowledgement
                0x00050546       0x18 depend_Debug_CSR102x_A06\gaia_client.o
                0x00050546                GaiaClientSendAcknowledgement
 .text.GaiaClientSendCommandPacket
                0x0005055e       0x1d depend_Debug_CSR102x_A06\gaia_client.o
                0x0005055e                GaiaClientSendCommandPacket
 .text.GAIAClientProcessCommand
                0x0005057b       0x58 depend_Debug_CSR102x_A06\gaia_client.o
                0x0005057b                GAIAClientProcessCommand
 .text.GaiaClientIsServiceDiscovered
                0x000505d3        0xc depend_Debug_CSR102x_A06\gaia_client_service.o
                0x000505d3                GaiaClientIsServiceDiscovered
 .text.GaiaConfigureService
                0x000505df       0x3f depend_Debug_CSR102x_A06\gaia_client_service.o
                0x000505df                GaiaConfigureService
 .text.GaiaWriteCommandEndpoint
                0x0005061e       0x2d depend_Debug_CSR102x_A06\gaia_client_service.o
                0x0005061e                GaiaWriteCommandEndpoint
 .text.GaiaInitClientService
                0x0005064b       0xb7 depend_Debug_CSR102x_A06\gaia_client_service.o
                0x0005064b                GaiaInitClientService
 .text.handleConnMgrEvent
                0x00050702       0x9f depend_Debug_CSR102x_A06\gaia_client_service.o
 .text.notifyApplication
                0x000507a1       0x15 depend_Debug_CSR102x_A06\gaia_otau_client.o
 .text.upgradeSendData
                0x000507b6       0x24 depend_Debug_CSR102x_A06\gaia_otau_client.o
 .text.GaiaOtauClientConnNotifyEvent
                0x000507da        0xc depend_Debug_CSR102x_A06\gaia_otau_client.o
                0x000507da                GaiaOtauClientConnNotifyEvent
 .text.GaiaOtauClientRegisterCallback
                0x000507e6        0x5 depend_Debug_CSR102x_A06\gaia_otau_client.o
                0x000507e6                GaiaOtauClientRegisterCallback
 .text.GaiaOtauClientGetState
                0x000507eb        0x3 depend_Debug_CSR102x_A06\gaia_otau_client.o
                0x000507eb                GaiaOtauClientGetState
 .text.GaiaOtauClientConfigurationComplete
                0x000507ee        0x7 depend_Debug_CSR102x_A06\gaia_otau_client.o
                0x000507ee                GaiaOtauClientConfigurationComplete
 .text.upgradeSendIsValidationDoneRequest
                0x000507f5       0x1b depend_Debug_CSR102x_A06\gaia_otau_client.o
 .text.handleValidationTimerExpiry
                0x00050810       0x12 depend_Debug_CSR102x_A06\gaia_otau_client.o
 .text.HandleUpgradeControlRequestAck
                0x00050822       0x21 depend_Debug_CSR102x_A06\gaia_otau_client.o
                0x00050822                HandleUpgradeControlRequestAck
 .text.GaiaOtauClientResetTransferState
                0x00050843       0x14 depend_Debug_CSR102x_A06\gaia_otau_client.o
                0x00050843                GaiaOtauClientResetTransferState
 .text.upgradeDeviceResetTransferState
                0x00050857        0x7 depend_Debug_CSR102x_A06\gaia_otau_client.o
 .text.HandleUpgradeDisconnectAck
                0x0005085e        0x8 depend_Debug_CSR102x_A06\gaia_otau_client.o
                0x0005085e                HandleUpgradeDisconnectAck
 .text.GaiaOtauClientInitEvent
                0x00050866        0x6 depend_Debug_CSR102x_A06\gaia_otau_client.o
                0x00050866                GaiaOtauClientInitEvent
 .text.HandleGaiaResponseNotification
                0x0005086c      0x1b4 depend_Debug_CSR102x_A06\gaia_otau_client.o
                0x0005086c                HandleGaiaResponseNotification
 .text.HandleUpgradeConnectAck
                0x00050a20       0x48 depend_Debug_CSR102x_A06\gaia_otau_client.o
                0x00050a20                HandleUpgradeConnectAck
 .text.GaiaOtauClientUpdateConnStatus
                0x00050a68       0x28 depend_Debug_CSR102x_A06\gaia_otau_client.o
                0x00050a68                GaiaOtauClientUpdateConnStatus
 .text.GaiaOtauClientSendData
                0x00050a90       0x32 depend_Debug_CSR102x_A06\gaia_otau_client.o
                0x00050a90                GaiaOtauClientSendData
 .text.GaiaOtauClientStartUpgrade
                0x00050ac2        0x8 depend_Debug_CSR102x_A06\gaia_otau_client.o
                0x00050ac2                GaiaOtauClientStartUpgrade
 .text.GetUpdatedConnParams
                0x00050aca        0xd depend_Debug_CSR102x_A06\conn_param_update.o
                0x00050aca                GetUpdatedConnParams
 .text.ConnectionParamUpdateSetCallback
                0x00050ad7        0x5 depend_Debug_CSR102x_A06\conn_param_update.o
                0x00050ad7                ConnectionParamUpdateSetCallback
 .text.handleGapCppTimerExpiry
                0x00050adc       0x14 depend_Debug_CSR102x_A06\conn_param_update.o
 .text.requestConnParamUpdate
                0x00050af0       0x41 depend_Debug_CSR102x_A06\conn_param_update.o
 .text.ConnectionParamUpdateEvent
                0x00050b31       0x94 depend_Debug_CSR102x_A06\conn_param_update.o
                0x00050b31                ConnectionParamUpdateEvent
 .text.StopConnParamsUpdate
                0x00050bc5        0xf depend_Debug_CSR102x_A06\conn_param_update.o
                0x00050bc5                StopConnParamsUpdate
 .text.processNewParams
                0x00050bd4       0x49 depend_Debug_CSR102x_A06\conn_param_update.o
 .text.RequestConnParamsUpdateOnce
                0x00050c1d       0x27 depend_Debug_CSR102x_A06\conn_param_update.o
                0x00050c1d                RequestConnParamsUpdateOnce
 .text.RequestConnParamsUpdate
                0x00050c44       0x28 depend_Debug_CSR102x_A06\conn_param_update.o
                0x00050c44                RequestConnParamsUpdate
 .text.Nvm_Read_Secure_Key
                0x00050c6c        0x9 depend_Debug_CSR102x_A06\nvm_access.o
                0x00050c6c                Nvm_Read_Secure_Key
 .text.Nvm_Init
                0x00050c75       0x19 depend_Debug_CSR102x_A06\nvm_access.o
                0x00050c75                Nvm_Init
 .text.reportPanic
                0x00050c8e        0x3 depend_Debug_CSR102x_A06\nvm_access.o
 .text.Nvm_Write
                0x00050c91       0x17 depend_Debug_CSR102x_A06\nvm_access.o
                0x00050c91                Nvm_Write
 .text.Nvm_Read
                0x00050ca8        0xb depend_Debug_CSR102x_A06\nvm_access.o
                0x00050ca8                Nvm_Read
 .text.NvmProcessEvent
                0x00050cb3      0x100 depend_Debug_CSR102x_A06\nvm_access.o
                0x00050cb3                NvmProcessEvent
 .text.CMUuidEqual
                0x00050db3       0x53 depend_Debug_CSR102x_A06\cm_common.o
                0x00050db3                CMUuidEqual
 .text.CMIsAddressResolvableRandom
                0x00050e06       0x11 depend_Debug_CSR102x_A06\cm_common.o
                0x00050e06                CMIsAddressResolvableRandom
 .text.CMSignalNumberOfCompletedPackets
                0x00050e17        0x7 depend_Debug_CSR102x_A06\cm_common.o
                0x00050e17                CMSignalNumberOfCompletedPackets
 .text.CMGetDeviceBondState
                0x00050e1e        0xb depend_Debug_CSR102x_A06\cm_common.o
                0x00050e1e                CMGetDeviceBondState
 .text.CMEnableEarlyWakeup
                0x00050e29        0x9 depend_Debug_CSR102x_A06\cm_common.o
                0x00050e29                CMEnableEarlyWakeup
 .text.CMReadRssi
                0x00050e32        0x9 depend_Debug_CSR102x_A06\cm_common.o
                0x00050e32                CMReadRssi
 .text.CMConfigureRadioEvent
                0x00050e3b        0xc depend_Debug_CSR102x_A06\cm_common.o
                0x00050e3b                CMConfigureRadioEvent
 .text.CMGetDevConnParam
                0x00050e47       0x17 depend_Debug_CSR102x_A06\cm_common.o
                0x00050e47                CMGetDevConnParam
 .text.CMGetPeerDeviceRole
                0x00050e5e       0x13 depend_Debug_CSR102x_A06\cm_common.o
                0x00050e5e                CMGetPeerDeviceRole
 .text.CMGetDevState
                0x00050e71       0x13 depend_Debug_CSR102x_A06\cm_common.o
                0x00050e71                CMGetDevState
 .text.CMConnectionUpdateSignalingRsp
                0x00050e84        0x2 depend_Debug_CSR102x_A06\cm_common.o
                0x00050e84                CMConnectionUpdateSignalingRsp
 .text.CMConnParamUpdateReq
                0x00050e86        0x2 depend_Debug_CSR102x_A06\cm_common.o
                0x00050e86                CMConnParamUpdateReq
 .text.CMGetBdAdressFromDeviceId
                0x00050e88       0x17 depend_Debug_CSR102x_A06\cm_common.o
                0x00050e88                CMGetBdAdressFromDeviceId
 .text.CMGetBondIdFromDeviceId
                0x00050e9f       0x14 depend_Debug_CSR102x_A06\cm_common.o
                0x00050e9f                CMGetBondIdFromDeviceId
 .text.CMDisconnect
                0x00050eb3        0xe depend_Debug_CSR102x_A06\cm_common.o
                0x00050eb3                CMDisconnect
 .text.CMInit   0x00050ec1       0x25 depend_Debug_CSR102x_A06\cm_common.o
                0x00050ec1                CMInit
 .text.asyncApiTimeout
                0x00050ee6        0x7 depend_Debug_CSR102x_A06\cm_common.o
 .text.getDeviceIdFromCid
                0x00050eed       0x12 depend_Debug_CSR102x_A06\cm_hal.o
 .text.HALGetMsgId
                0x00050eff        0x5 depend_Debug_CSR102x_A06\cm_hal.o
                0x00050eff                HALGetMsgId
 .text.HALGetMsg
                0x00050f04        0x5 depend_Debug_CSR102x_A06\cm_hal.o
                0x00050f04                HALGetMsg
 .text.HALAddNewDevice
                0x00050f09       0x1f depend_Debug_CSR102x_A06\cm_hal.o
                0x00050f09                HALAddNewDevice
 .text.HALGetDeviceId
                0x00050f28       0x76 depend_Debug_CSR102x_A06\cm_hal.o
                0x00050f28                HALGetDeviceId
 .text.HALParseConnCompleteInd
                0x00050f9e        0xa depend_Debug_CSR102x_A06\cm_hal.o
                0x00050f9e                HALParseConnCompleteInd
 .text.HALParseEncChangeInd
                0x00050fa8        0xa depend_Debug_CSR102x_A06\cm_hal.o
                0x00050fa8                HALParseEncChangeInd
 .text.HALParseRadioEventInd
                0x00050fb2        0xb depend_Debug_CSR102x_A06\cm_hal.o
                0x00050fb2                HALParseRadioEventInd
 .text.HALIsAdvertisingReport
                0x00050fbd       0x12 depend_Debug_CSR102x_A06\cm_hal.o
                0x00050fbd                HALIsAdvertisingReport
 .text.HALParseAccessWriteInd
                0x00050fcf        0xb depend_Debug_CSR102x_A06\cm_hal.o
                0x00050fcf                HALParseAccessWriteInd
 .text.HALParseAccessReadInd
                0x00050fda        0xb depend_Debug_CSR102x_A06\cm_hal.o
                0x00050fda                HALParseAccessReadInd
 .text.HALParseDiscoverServiceInd
                0x00050fe5        0x6 depend_Debug_CSR102x_A06\cm_hal.o
                0x00050fe5                HALParseDiscoverServiceInd
 .text.HALParseReadCharValCfm
                0x00050feb        0xf depend_Debug_CSR102x_A06\cm_hal.o
                0x00050feb                HALParseReadCharValCfm
 .text.HALParseNotifInd
                0x00050ffa        0xb depend_Debug_CSR102x_A06\cm_hal.o
                0x00050ffa                HALParseNotifInd
 .text.HALParseSmPairingAuthInd
                0x00051005        0x1 depend_Debug_CSR102x_A06\cm_hal.o
                0x00051005                HALParseSmPairingAuthInd
 .text.HALParseConnectionUpdateInd
                0x00051006        0xf depend_Debug_CSR102x_A06\cm_hal.o
                0x00051006                HALParseConnectionUpdateInd
 .text.CMProcessMsg
                0x00051015        0x6 depend_Debug_CSR102x_A06\cm_hal.o
                0x00051015                CMProcessMsg
 .text.HALMatchBluetoothAddress
                0x0005101b       0x2d depend_Debug_CSR102x_A06\cm_hal.o
                0x0005101b                HALMatchBluetoothAddress
 .text.HALConnectionUpdateSignallingRsp
                0x00051048        0xb depend_Debug_CSR102x_A06\cm_hal.o
                0x00051048                HALConnectionUpdateSignallingRsp
 .text.HALConnectionParamUpdateReq
                0x00051053       0x10 depend_Debug_CSR102x_A06\cm_hal.o
                0x00051053                HALConnectionParamUpdateReq
 .text.HALSMDivApprovalRsp
                0x00051063        0x2 depend_Debug_CSR102x_A06\cm_hal.o
                0x00051063                HALSMDivApprovalRsp
 .text.HALSMKeyRequestResponse
                0x00051065        0x8 depend_Debug_CSR102x_A06\cm_hal.o
                0x00051065                HALSMKeyRequestResponse
 .text.HALSendLongTermKeyAuthRsp
                0x0005106d        0xb depend_Debug_CSR102x_A06\cm_hal.o
                0x0005106d                HALSendLongTermKeyAuthRsp
 .text.HALSendValueNotificationExt
                0x00051078       0x11 depend_Debug_CSR102x_A06\cm_hal.o
                0x00051078                HALSendValueNotificationExt
 .text.HALParseDisconnCompleteInd
                0x00051089       0x12 depend_Debug_CSR102x_A06\cm_hal.o
                0x00051089                HALParseDisconnCompleteInd
 .text.HALSendValueNotification
                0x0005109b       0x33 depend_Debug_CSR102x_A06\cm_hal.o
                0x0005109b                HALSendValueNotification
 .text.sendNotificationCfmTimer
                0x000510ce       0x12 depend_Debug_CSR102x_A06\cm_hal.o
 .text.HALSMInit
                0x000510e0        0x9 depend_Debug_CSR102x_A06\cm_hal.o
                0x000510e0                HALSMInit
 .text.HALServerWriteInit
                0x000510e9        0x3 depend_Debug_CSR102x_A06\cm_hal.o
                0x000510e9                HALServerWriteInit
 .text.HALGapSetPeripheralMode
                0x000510ec        0xb depend_Debug_CSR102x_A06\cm_hal.o
                0x000510ec                HALGapSetPeripheralMode
 .text.HALGapLsFindAdType
                0x000510f7        0x6 depend_Debug_CSR102x_A06\cm_hal.o
                0x000510f7                HALGapLsFindAdType
 .text.parseName
                0x000510fd       0x5f depend_Debug_CSR102x_A06\cm_hal.o
 .text.HALParseAdvertisingReportInd
                0x0005115c       0x24 depend_Debug_CSR102x_A06\cm_hal.o
                0x0005115c                HALParseAdvertisingReportInd
 .text.CMGetMainData
                0x00051180        0x3 depend_Debug_CSR102x_A06\cm_private.o
                0x00051180                CMGetMainData
 .text.CMNotifyEventToApplication
                0x00051183       0x13 depend_Debug_CSR102x_A06\cm_private.o
                0x00051183                CMNotifyEventToApplication
 .text.CMPrivateInit
                0x00051196       0x1d depend_Debug_CSR102x_A06\cm_private.o
                0x00051196                CMPrivateInit
 .text.CMResetDevConnParam
                0x000511b3        0xd depend_Debug_CSR102x_A06\cm_private.o
                0x000511b3                CMResetDevConnParam
 .text.CMIsDeviceIdValid
                0x000511c0        0x7 depend_Debug_CSR102x_A06\cm_private.o
                0x000511c0                CMIsDeviceIdValid
 .text.CMSetDeviceBondState
                0x000511c7        0x9 depend_Debug_CSR102x_A06\cm_private.o
                0x000511c7                CMSetDeviceBondState
 .text.CMReportPanic
                0x000511d0        0x3 depend_Debug_CSR102x_A06\cm_private.o
                0x000511d0                CMReportPanic
 .text.CMSetDeviceEncryptState
                0x000511d3       0x11 depend_Debug_CSR102x_A06\cm_private.o
                0x000511d3                CMSetDeviceEncryptState
 .text.CMGetConnId
                0x000511e4        0xe depend_Debug_CSR102x_A06\cm_private.o
                0x000511e4                CMGetConnId
 .text.CMSetConnParam
                0x000511f2       0x13 depend_Debug_CSR102x_A06\cm_private.o
                0x000511f2                CMSetConnParam
 .text.CMSetDevState
                0x00051205       0x2a depend_Debug_CSR102x_A06\cm_private.o
                0x00051205                CMSetDevState
 .text.CMGetDeviceId
                0x0005122f        0x7 depend_Debug_CSR102x_A06\cm_private.o
                0x0005122f                CMGetDeviceId
 .text.handleSignalLmDisconnectComplete
                0x00051236       0x3c depend_Debug_CSR102x_A06\cm_private.o
 .text.handleSignalLsDataRxTimingInd
                0x00051272       0x1c depend_Debug_CSR102x_A06\cm_private.o
 .text.handleSignalLsConnUpdateSignallingInd
                0x0005128e       0x1b depend_Debug_CSR102x_A06\cm_private.o
 .text.handleSignalLsConnParamUpdateInd
                0x000512a9       0x1e depend_Debug_CSR102x_A06\cm_private.o
 .text.handleSignalLsConnParamUpdateCfm
                0x000512c7       0x18 depend_Debug_CSR102x_A06\cm_private.o
 .text.handleSignalLsConnectionUpdate
                0x000512df       0x1e depend_Debug_CSR102x_A06\cm_private.o
 .text.CMProcessEvent
                0x000512fd      0x1ee depend_Debug_CSR102x_A06\cm_private.o
                0x000512fd                CMProcessEvent
 .text.CMGetBondedBDAddr
                0x000514eb       0x11 depend_Debug_CSR102x_A06\cm_security.o
                0x000514eb                CMGetBondedBDAddr
 .text.handleSignalSMLongTermKeyInd
                0x000514fc       0x3b depend_Debug_CSR102x_A06\cm_security.o
 .text.ClearBondingInfo
                0x00051537       0x2f depend_Debug_CSR102x_A06\cm_security.o
                0x00051537                ClearBondingInfo
 .text.handleSignalSmSimplePairingCompleteInd
                0x00051566       0x47 depend_Debug_CSR102x_A06\cm_security.o
 .text.CMGetBondId
                0x000515ad       0x21 depend_Debug_CSR102x_A06\cm_security.o
                0x000515ad                CMGetBondId
 .text.storeBondedDeviceInfo
                0x000515ce       0x32 depend_Debug_CSR102x_A06\cm_security.o
 .text.handleSignalSmKeysInd
                0x00051600       0x26 depend_Debug_CSR102x_A06\cm_security.o
 .text.CMSecurityHandleProcessLMEvent
                0x00051626       0xd5 depend_Debug_CSR102x_A06\cm_security.o
                0x00051626                CMSecurityHandleProcessLMEvent
 .text.CMIsDeviceBonded
                0x000516fb       0x20 depend_Debug_CSR102x_A06\cm_security.o
                0x000516fb                CMIsDeviceBonded
 .text.CMSecurityInit
                0x0005171b       0x4c depend_Debug_CSR102x_A06\cm_security.o
                0x0005171b                CMSecurityInit
 .text.CMServerGetHandler
                0x00051767       0x13 depend_Debug_CSR102x_A06\cm_server.o
                0x00051767                CMServerGetHandler
 .text.CMServerNotifyGenericEvent
                0x0005177a       0x1e depend_Debug_CSR102x_A06\cm_server.o
                0x0005177a                CMServerNotifyGenericEvent
 .text.CMServerNotifyGattEvent
                0x00051798       0x13 depend_Debug_CSR102x_A06\cm_server.o
                0x00051798                CMServerNotifyGattEvent
 .text.CMServerInitRegisterHandler
                0x000517ab       0x26 depend_Debug_CSR102x_A06\cm_server.o
                0x000517ab                CMServerInitRegisterHandler
 .text.CMServerHandleProcessLMEvent
                0x000517d1       0xb7 depend_Debug_CSR102x_A06\cm_server.o
                0x000517d1                CMServerHandleProcessLMEvent
 .text.CMSendValueNotification
                0x00051888        0x5 depend_Debug_CSR102x_A06\cm_server.o
                0x00051888                CMSendValueNotification
 .text.CMSendValueNotificationExt
                0x0005188d        0x2 depend_Debug_CSR102x_A06\cm_server.o
                0x0005188d                CMSendValueNotificationExt
 .text.CMSendAccessRsp
                0x0005188f       0x15 depend_Debug_CSR102x_A06\cm_server.o
                0x0005188f                CMSendAccessRsp
 .text.CMServerInit
                0x000518a4       0x1b depend_Debug_CSR102x_A06\cm_server.o
                0x000518a4                CMServerInit
 .text.CMObserverInit
                0x000518bf        0x4 depend_Debug_CSR102x_A06\cm_observer.o
                0x000518bf                CMObserverInit
 .text.CMObserverEnableRawReports
                0x000518c3        0x3 depend_Debug_CSR102x_A06\cm_observer.o
                0x000518c3                CMObserverEnableRawReports
 .text.CMObserverHandleProcessLMEvent
                0x000518c6       0x1f depend_Debug_CSR102x_A06\cm_observer.o
                0x000518c6                CMObserverHandleProcessLMEvent
 .text.CMPeripheralInit
                0x000518e5        0xa depend_Debug_CSR102x_A06\cm_peripheral.o
                0x000518e5                CMPeripheralInit
 .text.CMGetAdvState
                0x000518ef        0x3 depend_Debug_CSR102x_A06\cm_peripheral.o
                0x000518ef                CMGetAdvState
 .text.CMIsAdvertising
                0x000518f2        0x9 depend_Debug_CSR102x_A06\cm_peripheral.o
                0x000518f2                CMIsAdvertising
 .text.addAdvScanData
                0x000518fb       0x9e depend_Debug_CSR102x_A06\cm_peripheral.o
 .text.gattAdvertTimerHandler
                0x00051999       0x1c depend_Debug_CSR102x_A06\cm_peripheral.o
 .text.CMSetAdvState
                0x000519b5       0x27 depend_Debug_CSR102x_A06\cm_peripheral.o
                0x000519b5                CMSetAdvState
 .text.startAdvertisements
                0x000519dc       0xe4 depend_Debug_CSR102x_A06\cm_peripheral.o
 .text.handleSignalLsCancelConnectCfm
                0x00051ac0       0x23 depend_Debug_CSR102x_A06\cm_peripheral.o
 .text.CMPeripheralDirectAdvTimeout
                0x00051ae3       0x10 depend_Debug_CSR102x_A06\cm_peripheral.o
                0x00051ae3                CMPeripheralDirectAdvTimeout
 .text.CMPeripheralHandleProcessLmEvent
                0x00051af3       0x28 depend_Debug_CSR102x_A06\cm_peripheral.o
                0x00051af3                CMPeripheralHandleProcessLmEvent
 .text.CMCentralInit
                0x00051b1b        0x8 depend_Debug_CSR102x_A06\cm_central.o
                0x00051b1b                CMCentralInit
 .text.CMGetScanState
                0x00051b23        0x3 depend_Debug_CSR102x_A06\cm_central.o
                0x00051b23                CMGetScanState
 .text.CMGetConnState
                0x00051b26        0x3 depend_Debug_CSR102x_A06\cm_central.o
                0x00051b26                CMGetConnState
 .text.CMSetConnState
                0x00051b29        0xe depend_Debug_CSR102x_A06\cm_central.o
                0x00051b29                CMSetConnState
 .text.CMSetScanState
                0x00051b37        0xe depend_Debug_CSR102x_A06\cm_central.o
                0x00051b37                CMSetScanState
 .text.interestedDevice
                0x00051b45       0xa5 depend_Debug_CSR102x_A06\cm_central.o
 .text.CMCentralHandleProcessLMEvent
                0x00051bea       0x54 depend_Debug_CSR102x_A06\cm_central.o
                0x00051bea                CMCentralHandleProcessLMEvent
 .text.CMCentralCancelConnect
                0x00051c3e        0xf depend_Debug_CSR102x_A06\cm_central.o
                0x00051c3e                CMCentralCancelConnect
 .text.connTimerHandler
                0x00051c4d        0x9 depend_Debug_CSR102x_A06\cm_central.o
 .text.CMCentralStopScanning
                0x00051c56       0x16 depend_Debug_CSR102x_A06\cm_central.o
                0x00051c56                CMCentralStopScanning
 .text.CMCentralConnect
                0x00051c6c       0x36 depend_Debug_CSR102x_A06\cm_central.o
                0x00051c6c                CMCentralConnect
 .text.moreCharDiscriptors
                0x00051ca2       0x21 depend_Debug_CSR102x_A06\cm_client.o
 .text.moreCharacteristics
                0x00051cc3       0x38 depend_Debug_CSR102x_A06\cm_client.o
 .text.CMClientNotifyGenericEvent
                0x00051cfb       0x1e depend_Debug_CSR102x_A06\cm_client.o
                0x00051cfb                CMClientNotifyGenericEvent
 .text.CMClientNotifyGattEvent
                0x00051d19       0x13 depend_Debug_CSR102x_A06\cm_client.o
                0x00051d19                CMClientNotifyGattEvent
 .text.CMClientFindDevice
                0x00051d2c       0x19 depend_Debug_CSR102x_A06\cm_client.o
                0x00051d2c                CMClientFindDevice
 .text.CMClientCheckHandleRange
                0x00051d45        0xc depend_Debug_CSR102x_A06\cm_client.o
                0x00051d45                CMClientCheckHandleRange
 .text.getInstanceAndHandler
                0x00051d51       0x3c depend_Debug_CSR102x_A06\cm_client.o
 .text.discoverServiceChar
                0x00051d8d        0xd depend_Debug_CSR102x_A06\cm_client.o
 .text.discoveryComplete
                0x00051d9a       0x3e depend_Debug_CSR102x_A06\cm_client.o
 .text.discoverCharacteristicDesc
                0x00051dd8       0x15 depend_Debug_CSR102x_A06\cm_client.o
 .text.CMClientHandleProcessLMEvent
                0x00051ded      0x278 depend_Debug_CSR102x_A06\cm_client.o
                0x00051ded                CMClientHandleProcessLMEvent
 .text.CMClientStartDiscovery
                0x00052065       0x19 depend_Debug_CSR102x_A06\cm_client.o
                0x00052065                CMClientStartDiscovery
 .text.CMClientWriteRequest
                0x0005207e       0x1a depend_Debug_CSR102x_A06\cm_client.o
                0x0005207e                CMClientWriteRequest
 .text.CMClientInitRegisterHandler
                0x00052098       0x1a depend_Debug_CSR102x_A06\cm_client.o
                0x00052098                CMClientInitRegisterHandler
 .text.CMClientInit
                0x000520b2       0x14 depend_Debug_CSR102x_A06\cm_client.o
                0x000520b2                CMClientInit
 .text.ReadBatteryLevel
                0x000520c6       0x28 depend_Debug_CSR102x_A06\battery_hw.o
                0x000520c6                ReadBatteryLevel
 .text.SendLowBatteryIndication
                0x000520ee        0x1 depend_Debug_CSR102x_A06\battery_hw.o
                0x000520ee                SendLowBatteryIndication
 .text.setPioMask
                0x000520ef       0x21 depend_Debug_CSR102x_A06\iot_hw.o
                0x000520ef                setPioMask
 .text.GetIOTSwitchMask
                0x00052110        0xf depend_Debug_CSR102x_A06\iot_hw.o
                0x00052110                GetIOTSwitchMask
 .text.IOTSwitchInit
                0x0005211f       0x6a depend_Debug_CSR102x_A06\iot_hw.o
                0x0005211f                IOTSwitchInit
 .text.getPsKeyOffset
                0x00052189       0x16 depend_Debug_CSR102x_A06\csr_mesh_ps_ifce.o
 .text.CSRmeshPsInit
                0x0005219f        0x2 depend_Debug_CSR102x_A06\csr_mesh_ps_ifce.o
                0x0005219f                CSRmeshPsInit
 .text.CSRmeshPsSecureWrite
                0x000521a1        0xa depend_Debug_CSR102x_A06\csr_mesh_ps_ifce.o
                0x000521a1                CSRmeshPsSecureWrite
 .text.CSRmeshPsWriteWithOffset
                0x000521ab        0xb depend_Debug_CSR102x_A06\csr_mesh_ps_ifce.o
                0x000521ab                CSRmeshPsWriteWithOffset
 .text.CSRmeshPsWrite
                0x000521b6        0xa depend_Debug_CSR102x_A06\csr_mesh_ps_ifce.o
                0x000521b6                CSRmeshPsWrite
 .text.CSRmeshPsSecureRead
                0x000521c0        0xa depend_Debug_CSR102x_A06\csr_mesh_ps_ifce.o
                0x000521c0                CSRmeshPsSecureRead
 .text.CSRmeshPsRead
                0x000521ca        0xa depend_Debug_CSR102x_A06\csr_mesh_ps_ifce.o
                0x000521ca                CSRmeshPsRead
 .text.CSRmeshIsPsReadyForAccess
                0x000521d4       0x1a depend_Debug_CSR102x_A06\csr_mesh_ps_ifce.o
                0x000521d4                CSRmeshIsPsReadyForAccess
 .text.CSRmeshPsReadSecureKey
                0x000521ee        0x2 depend_Debug_CSR102x_A06\csr_mesh_ps_ifce.o
                0x000521ee                CSRmeshPsReadSecureKey
 .text.attnTimerHandler
                0x000521f0        0x8 depend_Debug_CSR102x_A06\core_mesh_handler.o
 .text.AppGetAssociatedState
                0x000521f8        0x5 depend_Debug_CSR102x_A06\core_mesh_handler.o
                0x000521f8                AppGetAssociatedState
 .text.IsGattBearerEnabled
                0x000521fd        0x6 depend_Debug_CSR102x_A06\core_mesh_handler.o
                0x000521fd                IsGattBearerEnabled
 .text.AppGetStoredBearerState
                0x00052203        0xb depend_Debug_CSR102x_A06\core_mesh_handler.o
                0x00052203                AppGetStoredBearerState
 .text.AppGetCurrentTTL
                0x0005220e        0x5 depend_Debug_CSR102x_A06\core_mesh_handler.o
                0x0005220e                AppGetCurrentTTL
 .text.AppInitializeSeqCache
                0x00052213        0x1 depend_Debug_CSR102x_A06\core_mesh_handler.o
                0x00052213                AppInitializeSeqCache
 .text.AppClearSeqCache
                0x00052214        0x2 depend_Debug_CSR102x_A06\core_mesh_handler.o
                0x00052214                AppClearSeqCache
 .text.AppSetTxPower
                0x00052216       0x1e depend_Debug_CSR102x_A06\core_mesh_handler.o
                0x00052216                AppSetTxPower
 .text.MeshHandlerInit
                0x00052234        0xb depend_Debug_CSR102x_A06\core_mesh_handler.o
                0x00052234                MeshHandlerInit
 .text.AppUpdateBearerState
                0x0005223f        0xf depend_Debug_CSR102x_A06\core_mesh_handler.o
                0x0005223f                AppUpdateBearerState
 .text.InitiateAssociation
                0x0005224e       0x1f depend_Debug_CSR102x_A06\core_mesh_handler.o
                0x0005224e                InitiateAssociation
 .text.appProcessMeshEvent
                0x0005226d      0x100 depend_Debug_CSR102x_A06\core_mesh_handler.o
 .text.deviceIdAdvertTimeoutHandler
                0x0005236d       0x31 depend_Debug_CSR102x_A06\core_mesh_handler.o
 .text.ReportPanic
                0x0005239e        0x3 depend_Debug_CSR102x_A06\app_util.o
                0x0005239e                ReportPanic
 .text.GetConnectedDeviceId
                0x000523a1        0x3 depend_Debug_CSR102x_A06\connection_handler.o
                0x000523a1                GetConnectedDeviceId
 .text.IsGaiaOtauInProgress
                0x000523a4        0x3 depend_Debug_CSR102x_A06\connection_handler.o
                0x000523a4                IsGaiaOtauInProgress
 .text.GaiaOtauUpgradedApplication
                0x000523a7        0x3 depend_Debug_CSR102x_A06\connection_handler.o
                0x000523a7                GaiaOtauUpgradedApplication
 .text.IsGaiaOtauUpgradedApplication
                0x000523aa        0x3 depend_Debug_CSR102x_A06\connection_handler.o
                0x000523aa                IsGaiaOtauUpgradedApplication
 .text.GetConnInterval
                0x000523ad        0x3 depend_Debug_CSR102x_A06\connection_handler.o
                0x000523ad                GetConnInterval
 .text.AppGetLastConnectedAddress
                0x000523b0        0xa depend_Debug_CSR102x_A06\connection_handler.o
                0x000523b0                AppGetLastConnectedAddress
 .text.AppSendConnectRequest
                0x000523ba       0x25 depend_Debug_CSR102x_A06\connection_handler.o
                0x000523ba                AppSendConnectRequest
 .text.connTimeoutHandler
                0x000523df       0x14 depend_Debug_CSR102x_A06\connection_handler.o
 .text.SendConnectRequest
                0x000523f3       0x12 depend_Debug_CSR102x_A06\connection_handler.o
                0x000523f3                SendConnectRequest
 .text.AppConfigureNextService
                0x00052405       0x13 depend_Debug_CSR102x_A06\connection_handler.o
                0x00052405                AppConfigureNextService
 .text.GaiaOtauInProgress
                0x00052418       0x1e depend_Debug_CSR102x_A06\connection_handler.o
                0x00052418                GaiaOtauInProgress
 .text.AppRequestConnParamUpdate
                0x00052436       0x3e depend_Debug_CSR102x_A06\connection_handler.o
                0x00052436                AppRequestConnParamUpdate
 .text.AppSetState
                0x00052474       0x20 depend_Debug_CSR102x_A06\connection_handler.o
                0x00052474                AppSetState
 .text.InitialiseGattData
                0x00052494       0x1d depend_Debug_CSR102x_A06\connection_handler.o
                0x00052494                InitialiseGattData
 .text.startGattDiscovery
                0x000524b1       0x19 depend_Debug_CSR102x_A06\connection_handler.o
 .text.AppCMInit
                0x000524ca       0x25 depend_Debug_CSR102x_A06\connection_handler.o
                0x000524ca                AppCMInit
 .text.handleConnNotify
                0x000524ef       0xd1 depend_Debug_CSR102x_A06\connection_handler.o
 .text.startDiscoveryTimeout
                0x000525c0        0xc depend_Debug_CSR102x_A06\connection_handler.o
 .text.appHandleConnMgrProcEvent
                0x000525cc       0xea depend_Debug_CSR102x_A06\connection_handler.o
 .text.GattStopAdverts
                0x000526b6        0xa depend_Debug_CSR102x_A06\advertisement_handler.o
                0x000526b6                GattStopAdverts
 .text.csrStoreUserAdvData
                0x000526c0       0x2e depend_Debug_CSR102x_A06\advertisement_handler.o
 .text.gattSetAdvertData
                0x000526ee       0x69 depend_Debug_CSR102x_A06\advertisement_handler.o
 .text.GattTriggerConnectableAdverts
                0x00052757       0x87 depend_Debug_CSR102x_A06\advertisement_handler.o
                0x00052757                GattTriggerConnectableAdverts
 .text.gattAdvertTimerHandler
                0x000527de        0xa depend_Debug_CSR102x_A06\advertisement_handler.o
 .text.AppGaiaOtauDataInit
                0x000527e8        0xd depend_Debug_CSR102x_A06\app_otau_handler.o
                0x000527e8                AppGaiaOtauDataInit
 .text.AppGaiaOtauInit
                0x000527f5        0xf depend_Debug_CSR102x_A06\app_otau_handler.o
                0x000527f5                AppGaiaOtauInit
 .text.handleConnParamUpdateCallback
                0x00052804        0xc depend_Debug_CSR102x_A06\app_otau_handler.o
 .text.updateStoreType
                0x00052810       0x15 depend_Debug_CSR102x_A06\app_otau_handler.o
 .text.appHandleGaiaOtauEvent
                0x00052825      0x15c depend_Debug_CSR102x_A06\app_otau_handler.o
 .text.appHandleGaiaEvent
                0x00052981       0x14 depend_Debug_CSR102x_A06\app_otau_handler.o
 .text.StopScanning
                0x00052995        0xf depend_Debug_CSR102x_A06\scan_handler.o
                0x00052995                StopScanning
 .text.resetOtauTransferStateData
                0x000529a4        0xd depend_Debug_CSR102x_A06\app_otau_client_handler.o
 .text.setCalculateHashStatus
                0x000529b1        0xd depend_Debug_CSR102x_A06\app_otau_client_handler.o
 .text.updatePreviousStore
                0x000529be       0x48 depend_Debug_CSR102x_A06\app_otau_client_handler.o
 .text.GaiaOtauSetCommitStatus
                0x00052a06        0xd depend_Debug_CSR102x_A06\app_otau_client_handler.o
                0x00052a06                GaiaOtauSetCommitStatus
 .text.StoreRelayStoreInfo
                0x00052a13       0x30 depend_Debug_CSR102x_A06\app_otau_client_handler.o
                0x00052a13                StoreRelayStoreInfo
 .text.GaiaOtauClientConfigStoreMsg
                0x00052a43       0x14 depend_Debug_CSR102x_A06\app_otau_client_handler.o
                0x00052a43                GaiaOtauClientConfigStoreMsg
 .text.startSHA256sum
                0x00052a57       0x30 depend_Debug_CSR102x_A06\app_otau_client_handler.o
 .text.SendLOTAnnouncePacket
                0x00052a87       0x9f depend_Debug_CSR102x_A06\app_otau_client_handler.o
                0x00052a87                SendLOTAnnouncePacket
 .text.handleAnnounceTimerExpiry
                0x00052b26        0x6 depend_Debug_CSR102x_A06\app_otau_client_handler.o
 .text.GaiaOtauSetRelayStore
                0x00052b2c       0x79 depend_Debug_CSR102x_A06\app_otau_client_handler.o
                0x00052b2c                GaiaOtauSetRelayStore
 .text.StorePartitionSignatureToNVM
                0x00052ba5       0x27 depend_Debug_CSR102x_A06\app_otau_client_handler.o
                0x00052ba5                StorePartitionSignatureToNVM
 .text.GaiaOtauClientHandleStoreUpdateMsg
                0x00052bcc       0x5e depend_Debug_CSR102x_A06\app_otau_client_handler.o
                0x00052bcc                GaiaOtauClientHandleStoreUpdateMsg
 .text.StoreHeaderDataToNVM
                0x00052c2a       0x11 depend_Debug_CSR102x_A06\app_otau_client_handler.o
                0x00052c2a                StoreHeaderDataToNVM
 .text.StorePartitionDataToNVM
                0x00052c3b       0x28 depend_Debug_CSR102x_A06\app_otau_client_handler.o
                0x00052c3b                StorePartitionDataToNVM
 .text.GaiaAppClientInit
                0x00052c63      0x1e5 depend_Debug_CSR102x_A06\app_otau_client_handler.o
                0x00052c63                GaiaAppClientInit
 .text.AppOtauClientInit
                0x00052e48        0x5 depend_Debug_CSR102x_A06\app_otau_client_handler.o
                0x00052e48                AppOtauClientInit
 .text.gaiaClientDataTransferEvent
                0x00052e4d      0x114 depend_Debug_CSR102x_A06\app_otau_client_handler.o
 .text.appHandleGaiaOtauClientEvent
                0x00052f61       0x5a depend_Debug_CSR102x_A06\app_otau_client_handler.o
 .text.startUpgradeTimerExpiry
                0x00052fbb       0x10 depend_Debug_CSR102x_A06\app_otau_client_handler.o
 .text.extendedMsgHandler
                0x00052fcb       0xa6 depend_Debug_CSR102x_A06\extension_model_handler.o
 .text.extensionModelEventHandler
                0x00053071        0x9 depend_Debug_CSR102x_A06\extension_model_handler.o
 .text.ProcessRxData
                0x0005307a       0xd3 depend_Debug_CSR102x_A06\extension_model_handler.o
                0x0005307a                ProcessRxData
 .text.ExtensionModelDataInit
                0x0005314d        0x7 depend_Debug_CSR102x_A06\extension_model_handler.o
                0x0005314d                ExtensionModelDataInit
 .text.ExtensionModelHandlerInit
                0x00053154       0x23 depend_Debug_CSR102x_A06\extension_model_handler.o
                0x00053154                ExtensionModelHandlerInit
 .text.writeDeviceNameToNvm
                0x00053177       0x16 depend_Debug_CSR102x_A06\gap_service.o
 .text.handleConnMgrProcedureEvent
                0x0005318d       0x53 depend_Debug_CSR102x_A06\gap_service.o
 .text.serviceDataInit
                0x000531e0       0x1b depend_Debug_CSR102x_A06\gap_service.o
 .text.GapInitServerServiceNoBond
                0x000531fb       0x12 depend_Debug_CSR102x_A06\gap_service.o
                0x000531fb                GapInitServerServiceNoBond
 .text.GapGetNameAndLength
                0x0005320d        0xc depend_Debug_CSR102x_A06\gap_service.o
                0x0005320d                GapGetNameAndLength
 .text.writeToNvm
                0x00053219       0x1f depend_Debug_CSR102x_A06\gatt_service.o
 .text.handleConnMgrProcedureEvent
                0x00053238       0x85 depend_Debug_CSR102x_A06\gatt_service.o
 .text.readDataFromNVM
                0x000532bd       0x30 depend_Debug_CSR102x_A06\gatt_service.o
 .text.GattExtInitServerService
                0x000532ed       0x24 depend_Debug_CSR102x_A06\gatt_service.o
                0x000532ed                GattExtInitServerService
 .text.MeshControlServiceDataInit
                0x00053311        0x8 depend_Debug_CSR102x_A06\mesh_control_service.o
                0x00053311                MeshControlServiceDataInit
 .text.MeshControlNotifyResponse
                0x00053319       0x2a depend_Debug_CSR102x_A06\mesh_control_service.o
                0x00053319                MeshControlNotifyResponse
 .text.MeshControlInitServerService
                0x00053343       0x12 depend_Debug_CSR102x_A06\mesh_control_service.o
                0x00053343                MeshControlInitServerService
 .text.handleAccessRead
                0x00053355       0x3f depend_Debug_CSR102x_A06\mesh_control_service.o
 .text.handleAccessWrite
                0x00053394       0xa0 depend_Debug_CSR102x_A06\mesh_control_service.o
 .text.handleConnMgrProcedureEvent
                0x00053434        0xe depend_Debug_CSR102x_A06\mesh_control_service.o
 .text.SetUint8InArray
                0x00053442        0x7 depend_Debug_CSR102x_A06\byte_utils.o
                0x00053442                SetUint8InArray
 .text.SetUint16InArray
                0x00053449        0xd depend_Debug_CSR102x_A06\byte_utils.o
                0x00053449                SetUint16InArray
 .text.SetUint32InArray
                0x00053456       0x16 depend_Debug_CSR102x_A06\byte_utils.o
                0x00053456                SetUint32InArray
 .text.GetUint8FromArray
                0x0005346c        0x4 depend_Debug_CSR102x_A06\byte_utils.o
                0x0005346c                GetUint8FromArray
 .text.GetUint16FromArray
                0x00053470        0x6 depend_Debug_CSR102x_A06\byte_utils.o
                0x00053470                GetUint16FromArray
 .text.GetUint32FromArray
                0x00053476       0x1b depend_Debug_CSR102x_A06\byte_utils.o
                0x00053476                GetUint32FromArray
 .text.SwapBytes
                0x00053491       0x1d depend_Debug_CSR102x_A06\byte_utils.o
                0x00053491                SwapBytes
 .text.BufReadUint16BE
                0x000534ae        0xc depend_Debug_CSR102x_A06\byte_utils.o
                0x000534ae                BufReadUint16BE
 .text.notifyApplication
                0x000534ba       0x15 depend_Debug_CSR102x_A06\gaia.o
 .text.GaiaLibInit
                0x000534cf        0x9 depend_Debug_CSR102x_A06\gaia.o
                0x000534cf                GaiaLibInit
 .text.GaiaLibHandleConnNotify
                0x000534d8        0x1 depend_Debug_CSR102x_A06\gaia.o
                0x000534d8                GaiaLibHandleConnNotify
 .text.GaiaRegisterCallback
                0x000534d9        0x5 depend_Debug_CSR102x_A06\gaia.o
                0x000534d9                GaiaRegisterCallback
 .text.GaiaSendPacket
                0x000534de       0x2b depend_Debug_CSR102x_A06\gaia.o
                0x000534de                GaiaSendPacket
 .text.GAIAProcessCommand
                0x00053509      0x124 depend_Debug_CSR102x_A06\gaia.o
                0x00053509                GAIAProcessCommand
 .text.initStateVariables
                0x0005362d       0x17 depend_Debug_CSR102x_A06\gaia_otau.o
 .text.notifyApplication
                0x00053644       0x15 depend_Debug_CSR102x_A06\gaia_otau.o
 .text.notifyApplicationRebootWarning
                0x00053659        0xa depend_Debug_CSR102x_A06\gaia_otau.o
 .text.isNewApp
                0x00053663        0x9 depend_Debug_CSR102x_A06\gaia_otau.o
 .text.getAppStoreToUpgrade
                0x0005366c       0x10 depend_Debug_CSR102x_A06\gaia_otau.o
 .text.GaiaOtauConfigStoreMsg
                0x0005367c       0x1a depend_Debug_CSR102x_A06\gaia_otau.o
                0x0005367c                GaiaOtauConfigStoreMsg
 .text.GaiaOtauRegisterCallback
                0x00053696        0x5 depend_Debug_CSR102x_A06\gaia_otau.o
                0x00053696                GaiaOtauRegisterCallback
 .text.GaiaOtauHandleConnNotify
                0x0005369b       0x1f depend_Debug_CSR102x_A06\gaia_otau.o
                0x0005369b                GaiaOtauHandleConnNotify
 .text.setDefaultNVM
                0x000536ba       0x1a depend_Debug_CSR102x_A06\gaia_otau.o
 .text.hostCommitTimeoutHandler
                0x000536d4       0x15 depend_Debug_CSR102x_A06\gaia_otau.o
 .text.handleVmUpgradeHostSyncReq
                0x000536e9       0x74 depend_Debug_CSR102x_A06\gaia_otau.o
 .text.GaiaOtauContinueUpgrade
                0x0005375d        0xe depend_Debug_CSR102x_A06\gaia_otau.o
                0x0005375d                GaiaOtauContinueUpgrade
 .text.upgradeDeviceSendDataBytesReq
                0x0005376b       0x43 depend_Debug_CSR102x_A06\gaia_otau.o
 .text.upgradeDeviceSendErrorInd
                0x000537ae       0x33 depend_Debug_CSR102x_A06\gaia_otau.o
 .text.upgradeDeviceSendValidationCfm
                0x000537e1       0x2f depend_Debug_CSR102x_A06\gaia_otau.o
 .text.GaiaOtauHandleStoreUpdateMsg
                0x00053810       0xb3 depend_Debug_CSR102x_A06\gaia_otau.o
                0x00053810                GaiaOtauHandleStoreUpdateMsg
 .text.hostCommitTimeoutCreate
                0x000538c3       0x15 depend_Debug_CSR102x_A06\gaia_otau.o
 .text.upgradeDeviceSendStartCfm
                0x000538d8       0x3c depend_Debug_CSR102x_A06\gaia_otau.o
 .text.handleOtauFileTransfer
                0x00053914      0x211 depend_Debug_CSR102x_A06\gaia_otau.o
 .text.hostCommitTimeoutDelete
                0x00053b25        0xc depend_Debug_CSR102x_A06\gaia_otau.o
 .text.runNewApp
                0x00053b31       0x17 depend_Debug_CSR102x_A06\gaia_otau.o
 .text.GaiaOtauHandleVmUpgradeControlCommand
                0x00053b48      0x142 depend_Debug_CSR102x_A06\gaia_otau.o
                0x00053b48                GaiaOtauHandleVmUpgradeControlCommand
 .text.GaiaOtauInit
                0x00053c8a       0x41 depend_Debug_CSR102x_A06\gaia_otau.o
                0x00053c8a                GaiaOtauInit
 .text.GAIASendNotification
                0x00053ccb       0x28 depend_Debug_CSR102x_A06\gaia_service.o
                0x00053ccb                GAIASendNotification
 .text.handleConnMgrProcedureEvent
                0x00053cf3       0x89 depend_Debug_CSR102x_A06\gaia_service.o
 .text.GAIAInitServerService
                0x00053d7c       0x38 depend_Debug_CSR102x_A06\gaia_service.o
                0x00053d7c                GAIAInitServerService
 .text.HextoASCII
                0x00053db4        0x6 depend_Debug_CSR102x_A06\main_app.o
                0x00053db4                HextoASCII
 .text.AppProcessEvent
                0x00053dba       0xa2 depend_Debug_CSR102x_A06\main_app.o
                0x00053dba                AppProcessEvent
 .text.AppProcessSystemEvent
                0x00053e5c        0xc depend_Debug_CSR102x_A06\main_app.o
                0x00053e5c                AppProcessSystemEvent
 .text.AppNvmReady
                0x00053e68        0xd depend_Debug_CSR102x_A06\main_app.o
                0x00053e68                AppNvmReady
 .text.AppInit  0x00053e75       0x27 depend_Debug_CSR102x_A06\main_app.o
                0x00053e75                AppInit
 .text.appUserReadIndCallback
                0x00053e9c       0x67 depend_Debug_CSR102x_A06\main_app.o
 .text.AppDataInit
                0x00053f03        0x8 depend_Debug_CSR102x_A06\main_app.o
                0x00053f03                AppDataInit
 .text.InitAppSupportedServices
                0x00053f0b       0x2b depend_Debug_CSR102x_A06\main_app.o
                0x00053f0b                InitAppSupportedServices
 .text.UUIDrandom
                0x00053f36       0x18 depend_Debug_CSR102x_A06\app_mesh_handler.o
                0x00053f36                UUIDrandom
 .text.HandleGroupSetMsg
                0x00053f4e       0x1d depend_Debug_CSR102x_A06\app_mesh_handler.o
                0x00053f4e                HandleGroupSetMsg
 .text.writeSupportedModelGroupsOntoNVM
                0x00053f6b        0x9 depend_Debug_CSR102x_A06\app_mesh_handler.o
                0x00053f6b                writeSupportedModelGroupsOntoNVM
 .text.IsAppAssociated
                0x00053f74        0x9 depend_Debug_CSR102x_A06\app_mesh_handler.o
                0x00053f74                IsAppAssociated
 .text.AppHandleAssociationComplete
                0x00053f7d       0x1a depend_Debug_CSR102x_A06\app_mesh_handler.o
                0x00053f7d                AppHandleAssociationComplete
 .text.initializeSupportedModelGroups
                0x00053f97       0x32 depend_Debug_CSR102x_A06\app_mesh_handler.o
                0x00053f97                initializeSupportedModelGroups
 .text.RemoveAssociation
                0x00053fc9       0x48 depend_Debug_CSR102x_A06\app_mesh_handler.o
                0x00053fc9                RemoveAssociation
 .text.AppMeshInit
                0x00054011      0x10c depend_Debug_CSR102x_A06\app_mesh_handler.o
                0x00054011                AppMeshInit
 .text.LightHardwareInit
                0x0005411d        0x2 depend_Debug_CSR102x_A06\app_hw.o
                0x0005411d                LightHardwareInit
 .text.HandlePIOChangedEvent
                0x0005411f       0x22 depend_Debug_CSR102x_A06\app_hw.o
                0x0005411f                HandlePIOChangedEvent
 .text.genUartCheckSum
                0x00054141       0x14 depend_Debug_CSR102x_A06\ONESECOND.o
                0x00054141                genUartCheckSum
 .text.setUartTxAckFlag
                0x00054155        0x3 depend_Debug_CSR102x_A06\ONESECOND.o
                0x00054155                setUartTxAckFlag
 .text.createUartTxAckTimeout
                0x00054158       0x11 depend_Debug_CSR102x_A06\ONESECOND.o
                0x00054158                createUartTxAckTimeout
 .text.timerCallbackUartTxedPinToLow
                0x00054169        0x5 depend_Debug_CSR102x_A06\ONESECOND.o
                0x00054169                timerCallbackUartTxedPinToLow
 .text.timerCallbackUartRxedPinToLow
                0x0005416e        0x5 depend_Debug_CSR102x_A06\ONESECOND.o
                0x0005416e                timerCallbackUartRxedPinToLow
 .text.sendTxData
                0x00054173       0x1b depend_Debug_CSR102x_A06\ONESECOND.o
                0x00054173                sendTxData
 .text.mainUartTxHandler
                0x0005418e       0x2f depend_Debug_CSR102x_A06\ONESECOND.o
                0x0005418e                mainUartTxHandler
 .text.timerCallbackWaitUartTxAck
                0x000541bd        0xc depend_Debug_CSR102x_A06\ONESECOND.o
                0x000541bd                timerCallbackWaitUartTxAck
 .text.getTXPacketBuff
                0x000541c9       0x16 depend_Debug_CSR102x_A06\uart_queue.o
                0x000541c9                getTXPacketBuff
 .text.copyToTXPacketBuffer
                0x000541df       0x14 depend_Debug_CSR102x_A06\uart_queue.o
                0x000541df                copyToTXPacketBuffer
 .text.UARTMCUinit
                0x000541f3       0x35 depend_Debug_CSR102x_A06\UARTMCU.o
                0x000541f3                UARTMCUinit
 .text.AppUartProcessEvent
                0x00054228       0x1f depend_Debug_CSR102x_A06\UARTMCU.o
                0x00054228                AppUartProcessEvent
 .text.CSRmeshRegisterAppCallback
                0x00054247       0x14 ..\mesh_common\mesh\libraries\CSR102x_A06\libcsrmesh.a(csr_mesh.o)
                0x00054247                CSRmeshRegisterAppCallback
 .text.CSRmeshAssociateToANetwork
                0x0005425b       0x18 ..\mesh_common\mesh\libraries\CSR102x_A06\libcsrmesh.a(csr_mesh.o)
                0x0005425b                CSRmeshAssociateToANetwork
 .text.CSRmeshSetDefaultTTL
                0x00054273       0x10 ..\mesh_common\mesh\libraries\CSR102x_A06\libcsrmesh.a(csr_mesh.o)
                0x00054273                CSRmeshSetDefaultTTL
 .text.CSRmeshDisableSequenceCache
                0x00054283        0x2 ..\mesh_common\mesh\libraries\CSR102x_A06\libcsrmesh.a(csr_mesh.o)
                0x00054283                CSRmeshDisableSequenceCache
 .text.CSRmeshSetTransmitState
                0x00054285       0x27 ..\mesh_common\mesh\libraries\CSR102x_A06\libcsrmesh.a(csr_mesh.o)
                0x00054285                CSRmeshSetTransmitState
 .text.CSRmeshRemoveNetwork
                0x000542ac       0x24 ..\mesh_common\mesh\libraries\CSR102x_A06\libcsrmesh.a(csr_mesh.o)
                0x000542ac                CSRmeshRemoveNetwork
 .text.CSRMeshUpdateMeshContextData
                0x000542d0       0x9a ..\mesh_common\mesh\libraries\CSR102x_A06\libcsrmesh.a(csr_mesh.o)
 .text.CSRmeshStop
                0x0005436a       0x18 ..\mesh_common\mesh\libraries\CSR102x_A06\libcsrmesh.a(csr_mesh.o)
                0x0005436a                CSRmeshStop
 .text.CSRmeshStart
                0x00054382       0x20 ..\mesh_common\mesh\libraries\CSR102x_A06\libcsrmesh.a(csr_mesh.o)
                0x00054382                CSRmeshStart
 .text.CSRMeshUpdateConfigRole
                0x000543a2       0x14 ..\mesh_common\mesh\libraries\CSR102x_A06\libcsrmesh.a(csr_mesh.o)
 .text.CSRmeshInit
                0x000543b6       0x67 ..\mesh_common\mesh\libraries\CSR102x_A06\libcsrmesh.a(csr_mesh.o)
                0x000543b6                CSRmeshInit
 .text.___libcsrmesh_215
                0x0005441d       0x22 ..\mesh_common\mesh\libraries\CSR102x_A06\libcsrmesh.a(csr_mesh_masp_mcp_common.o)
                0x0005441d                ___libcsrmesh_215
 .text.___libcsrmesh_281
                0x0005443f        0x5 ..\mesh_common\mesh\libraries\CSR102x_A06\libcsrmesh.a(csr_mesh_mtl.o)
                0x0005443f                ___libcsrmesh_281
 .text.___libcsrmesh_273
                0x00054444        0x6 ..\mesh_common\mesh\libraries\CSR102x_A06\libcsrmesh.a(csr_mesh_mtl.o)
                0x00054444                ___libcsrmesh_273
 .text.___libcsrmesh_274
                0x0005444a        0x5 ..\mesh_common\mesh\libraries\CSR102x_A06\libcsrmesh.a(csr_mesh_mtl.o)
                0x0005444a                ___libcsrmesh_274
 .text.___libcsrmesh_270
                0x0005444f        0x7 ..\mesh_common\mesh\libraries\CSR102x_A06\libcsrmesh.a(csr_mesh_mtl.o)
                0x0005444f                ___libcsrmesh_270
 .text.___libcsrmesh_278
                0x00054456       0x6c ..\mesh_common\mesh\libraries\CSR102x_A06\libcsrmesh.a(csr_mesh_mtl.o)
                0x00054456                ___libcsrmesh_278
 .text.___libcsrmesh_282
                0x000544c2       0x21 ..\mesh_common\mesh\libraries\CSR102x_A06\libcsrmesh.a(csr_mesh_mtl.o)
                0x000544c2                ___libcsrmesh_282
 .text.___libcsrmesh_283
                0x000544e3       0x23 ..\mesh_common\mesh\libraries\CSR102x_A06\libcsrmesh.a(csr_mesh_mtl.o)
                0x000544e3                ___libcsrmesh_283
 .text.___libcsrmesh_272
                0x00054506       0x2d ..\mesh_common\mesh\libraries\CSR102x_A06\libcsrmesh.a(csr_mesh_mtl.o)
                0x00054506                ___libcsrmesh_272
 .text.MtlCryptMessage
                0x00054533       0x28 ..\mesh_common\mesh\libraries\CSR102x_A06\libcsrmesh.a(csr_mesh_mtl.o)
 .text.___libcsrmesh_276
                0x0005455b      0x22b ..\mesh_common\mesh\libraries\CSR102x_A06\libcsrmesh.a(csr_mesh_mtl.o)
                0x0005455b                ___libcsrmesh_276
 .text.___libcsrmesh_279
                0x00054786       0x59 ..\mesh_common\mesh\libraries\CSR102x_A06\libcsrmesh.a(csr_mesh_mtl.o)
                0x00054786                ___libcsrmesh_279
 .text.___libcsrmesh_271
                0x000547df       0x1e ..\mesh_common\mesh\libraries\CSR102x_A06\libcsrmesh.a(csr_mesh_mtl.o)
                0x000547df                ___libcsrmesh_271
 .text.___libcsrmesh_284
                0x000547fd       0x33 ..\mesh_common\mesh\libraries\CSR102x_A06\libcsrmesh.a(csr_mesh_mtl.o)
                0x000547fd                ___libcsrmesh_284
 .text.___libcsrmesh_118
                0x00054830        0x3 ..\mesh_common\mesh\libraries\CSR102x_A06\libcsrmesh.a(csr_mesh_ec_alloc.o)
                0x00054830                ___libcsrmesh_118
 .text.___libcsrmesh_119
                0x00054833        0x1 ..\mesh_common\mesh\libraries\CSR102x_A06\libcsrmesh.a(csr_mesh_ec_alloc.o)
                0x00054833                ___libcsrmesh_119
 .text.___libcsrmesh_117
                0x00054834        0xa ..\mesh_common\mesh\libraries\CSR102x_A06\libcsrmesh.a(csr_mesh_ec_alloc.o)
                0x00054834                ___libcsrmesh_117
 .text.___libcsrmesh_116
                0x0005483e       0x1f ..\mesh_common\mesh\libraries\CSR102x_A06\libcsrmesh.a(csr_mesh_ec_alloc.o)
                0x0005483e                ___libcsrmesh_116
 .text.maspFreeConfirmationBuffers
                0x0005485d       0x12 ..\mesh_common\mesh\libraries\CSR102x_A06\libcsrmesh.a(csr_mesh_masp.o)
 .text.maspFreeClientPublicKeyBuffer
                0x0005486f        0xc ..\mesh_common\mesh\libraries\CSR102x_A06\libcsrmesh.a(csr_mesh_masp.o)
 .text.maspFreeAlgoBuffer
                0x0005487b        0xa ..\mesh_common\mesh\libraries\CSR102x_A06\libcsrmesh.a(csr_mesh_masp.o)
 .text.maspAllocNmakeKeyPair
                0x00054885       0x17 ..\mesh_common\mesh\libraries\CSR102x_A06\libcsrmesh.a(csr_mesh_masp.o)
 .text.maspAllocAlgoBuffer
                0x0005489c        0x6 ..\mesh_common\mesh\libraries\CSR102x_A06\libcsrmesh.a(csr_mesh_masp.o)
 .text.maspAllocClientPublicKeyBuffer
                0x000548a2       0x12 ..\mesh_common\mesh\libraries\CSR102x_A06\libcsrmesh.a(csr_mesh_masp.o)
 .text.maspSendEventToApp
                0x000548b4       0x28 ..\mesh_common\mesh\libraries\CSR102x_A06\libcsrmesh.a(csr_mesh_masp.o)
 .text.maspResetState
                0x000548dc       0x61 ..\mesh_common\mesh\libraries\CSR102x_A06\libcsrmesh.a(csr_mesh_masp.o)
 .text.___libcsrmesh_208
                0x0005493d        0x2 ..\mesh_common\mesh\libraries\CSR102x_A06\libcsrmesh.a(csr_mesh_masp.o)
                0x0005493d                ___libcsrmesh_208
 .text.maspPrepareKeyIVDistributionAckResponse
                0x0005493f       0x1d ..\mesh_common\mesh\libraries\CSR102x_A06\libcsrmesh.a(csr_mesh_masp.o)
 .text.___libcsrmesh_212
                0x0005495c       0x15 ..\mesh_common\mesh\libraries\CSR102x_A06\libcsrmesh.a(csr_mesh_masp.o)
                0x0005495c                ___libcsrmesh_212
 .text.___libcsrmesh_204
                0x00054971        0x9 ..\mesh_common\mesh\libraries\CSR102x_A06\libcsrmesh.a(csr_mesh_masp.o)
                0x00054971                ___libcsrmesh_204
 .text.maspCalculateConfirmation
                0x0005497a       0x51 ..\mesh_common\mesh\libraries\CSR102x_A06\libcsrmesh.a(csr_mesh_masp.o)
 .text.maspGenerateNetworkIdentifier
                0x000549cb       0x26 ..\mesh_common\mesh\libraries\CSR102x_A06\libcsrmesh.a(csr_mesh_masp.o)
 .text.maspGenerateKeyIVStateSignature
                0x000549f1       0x36 ..\mesh_common\mesh\libraries\CSR102x_A06\libcsrmesh.a(csr_mesh_masp.o)
 .text.maspAllocConfirmationBuffers
                0x00054a27       0x26 ..\mesh_common\mesh\libraries\CSR102x_A06\libcsrmesh.a(csr_mesh_masp.o)
 .text.___libcsrmesh_205
                0x00054a4d       0x10 ..\mesh_common\mesh\libraries\CSR102x_A06\libcsrmesh.a(csr_mesh_masp.o)
                0x00054a4d                ___libcsrmesh_205
 .text.maspGenerateRandom
                0x00054a5d       0x2a ..\mesh_common\mesh\libraries\CSR102x_A06\libcsrmesh.a(csr_mesh_masp.o)
 .text.maspUpdateKeyIVStatus
                0x00054a87       0x65 ..\mesh_common\mesh\libraries\CSR102x_A06\libcsrmesh.a(csr_mesh_masp.o)
 .text.maspSendMessage
                0x00054aec       0x44 ..\mesh_common\mesh\libraries\CSR102x_A06\libcsrmesh.a(csr_mesh_masp.o)
 .text.handleMaspMessage
                0x00054b30      0x503 ..\mesh_common\mesh\libraries\CSR102x_A06\libcsrmesh.a(csr_mesh_masp.o)
 .text.___libcsrmesh_207
                0x00055033       0x58 ..\mesh_common\mesh\libraries\CSR102x_A06\libcsrmesh.a(csr_mesh_masp.o)
                0x00055033                ___libcsrmesh_207
 .text.___libcsrmesh_199
                0x0005508b       0x3c ..\mesh_common\mesh\libraries\CSR102x_A06\libcsrmesh.a(csr_mesh_masp.o)
                0x0005508b                ___libcsrmesh_199
 .text.maspWatchdogTimeoutHandler
                0x000550c7       0x1f ..\mesh_common\mesh\libraries\CSR102x_A06\libcsrmesh.a(csr_mesh_masp.o)
 .text.___libcsrmesh_206
                0x000550e6       0x55 ..\mesh_common\mesh\libraries\CSR102x_A06\libcsrmesh.a(csr_mesh_masp.o)
                0x000550e6                ___libcsrmesh_206
 .text.___libcsrmesh_237
                0x0005513b       0x11 ..\mesh_common\mesh\libraries\CSR102x_A06\libcsrmesh.a(csr_mesh_mcp.o)
                0x0005513b                ___libcsrmesh_237
 .text.___libcsrmesh_236
                0x0005514c       0x18 ..\mesh_common\mesh\libraries\CSR102x_A06\libcsrmesh.a(csr_mesh_mcp.o)
                0x0005514c                ___libcsrmesh_236
 .text.___libcsrmesh_247
                0x00055164        0x8 ..\mesh_common\mesh\libraries\CSR102x_A06\libcsrmesh.a(csr_mesh_mcp.o)
                0x00055164                ___libcsrmesh_247
 .text.___libcsrmesh_246
                0x0005516c        0x3 ..\mesh_common\mesh\libraries\CSR102x_A06\libcsrmesh.a(csr_mesh_mcp.o)
                0x0005516c                ___libcsrmesh_246
 .text.___libcsrmesh_233
                0x0005516f        0x3 ..\mesh_common\mesh\libraries\CSR102x_A06\libcsrmesh.a(csr_mesh_mcp.o)
                0x0005516f                ___libcsrmesh_233
 .text.___libcsrmesh_235
                0x00055172        0x3 ..\mesh_common\mesh\libraries\CSR102x_A06\libcsrmesh.a(csr_mesh_mcp.o)
                0x00055172                ___libcsrmesh_235
 .text.___libcsrmesh_232
                0x00055175       0x32 ..\mesh_common\mesh\libraries\CSR102x_A06\libcsrmesh.a(csr_mesh_mcp.o)
                0x00055175                ___libcsrmesh_232
 .text.___libcsrmesh_241
                0x000551a7       0x83 ..\mesh_common\mesh\libraries\CSR102x_A06\libcsrmesh.a(csr_mesh_mcp.o)
                0x000551a7                ___libcsrmesh_241
 .text.___libcsrmesh_245
                0x0005522a       0x13 ..\mesh_common\mesh\libraries\CSR102x_A06\libcsrmesh.a(csr_mesh_mcp.o)
                0x0005522a                ___libcsrmesh_245
 .text.___libcsrmesh_239
                0x0005523d      0x22e ..\mesh_common\mesh\libraries\CSR102x_A06\libcsrmesh.a(csr_mesh_mcp.o)
                0x0005523d                ___libcsrmesh_239
 .text.___libcsrmesh_234
                0x0005546b        0x5 ..\mesh_common\mesh\libraries\CSR102x_A06\libcsrmesh.a(csr_mesh_mcp.o)
                0x0005546b                ___libcsrmesh_234
 .text.___libcsrmesh_459
                0x00055470       0x2e ..\mesh_common\mesh\libraries\CSR102x_A06\libcsrmesh.a(csr_mesh_mcp.o)
                0x00055470                ___libcsrmesh_459
 .text.___libcsrmesh_238
                0x0005549e       0x4f ..\mesh_common\mesh\libraries\CSR102x_A06\libcsrmesh.a(csr_mesh_mcp.o)
                0x0005549e                ___libcsrmesh_238
 .text.___libcsrmesh_297
                0x000554ed       0x97 ..\mesh_common\mesh\libraries\CSR102x_A06\libcsrmesh.a(csr_mesh_sha256_get_results.o)
                0x000554ed                ___libcsrmesh_297
 .text.___libcsrmesh_308
                0x00055584       0x24 ..\mesh_common\mesh\libraries\CSR102x_A06\libcsrmesh.a(csr_mesh_sha256_hmac.o)
                0x00055584                ___libcsrmesh_308
 .text.___libcsrmesh_304
                0x000555a8       0x43 ..\mesh_common\mesh\libraries\CSR102x_A06\libcsrmesh.a(csr_mesh_sha256_hmac.o)
                0x000555a8                ___libcsrmesh_304
 .text.___libcsrmesh_307
                0x000555eb       0x3d ..\mesh_common\mesh\libraries\CSR102x_A06\libcsrmesh.a(csr_mesh_sha256_hmac.o)
                0x000555eb                ___libcsrmesh_307
 .text.___libcsrmesh_305
                0x00055628       0x79 ..\mesh_common\mesh\libraries\CSR102x_A06\libcsrmesh.a(csr_mesh_sha256_hmac.o)
                0x00055628                ___libcsrmesh_305
 .text.___libcsrmesh_311
                0x000556a1       0x19 ..\mesh_common\mesh\libraries\CSR102x_A06\libcsrmesh.a(csr_mesh_sha256_initialise.o)
                0x000556a1                ___libcsrmesh_311
 .text.sha256_process_data
                0x000556ba       0x85 ..\mesh_common\mesh\libraries\CSR102x_A06\libcsrmesh.a(csr_mesh_sha256_process_data.o)
 .text.___libcsrmesh_317
                0x0005573f        0xc ..\mesh_common\mesh\libraries\CSR102x_A06\libcsrmesh.a(csr_mesh_sha256_process_data.o)
                0x0005573f                ___libcsrmesh_317
 .text.___libcsrmesh_318
                0x0005574b        0xa ..\mesh_common\mesh\libraries\CSR102x_A06\libcsrmesh.a(csr_mesh_sha256_process_data.o)
                0x0005574b                ___libcsrmesh_318
 .text.___libcsrmesh_337
                0x00055755       0x11 ..\mesh_common\mesh\libraries\CSR102x_A06\libcsrmesh.a(csr_mesh_bearer.o)
                0x00055755                ___libcsrmesh_337
 .text.___libcsrmesh_330
                0x00055766       0x25 ..\mesh_common\mesh\libraries\CSR102x_A06\libcsrmesh.a(csr_mesh_bearer.o)
                0x00055766                ___libcsrmesh_330
 .text.___libcsrmesh_336
                0x0005578b        0xa ..\mesh_common\mesh\libraries\CSR102x_A06\libcsrmesh.a(csr_mesh_bearer.o)
                0x0005578b                ___libcsrmesh_336
 .text.___libcsrmesh_335
                0x00055795       0x1f ..\mesh_common\mesh\libraries\CSR102x_A06\libcsrmesh.a(csr_mesh_bearer.o)
                0x00055795                ___libcsrmesh_335
 .text.___libcsrmesh_332
                0x000557b4        0x8 ..\mesh_common\mesh\libraries\CSR102x_A06\libcsrmesh.a(csr_mesh_bearer.o)
                0x000557b4                ___libcsrmesh_332
 .text.___libcsrmesh_331
                0x000557bc       0x35 ..\mesh_common\mesh\libraries\CSR102x_A06\libcsrmesh.a(csr_mesh_bearer.o)
                0x000557bc                ___libcsrmesh_331
 .text.___libcsrmesh_333
                0x000557f1       0x21 ..\mesh_common\mesh\libraries\CSR102x_A06\libcsrmesh.a(csr_mesh_bearer.o)
                0x000557f1                ___libcsrmesh_333
 .text.___libcsrmesh_329
                0x00055812        0x8 ..\mesh_common\mesh\libraries\CSR102x_A06\libcsrmesh.a(csr_mesh_bearer.o)
                0x00055812                ___libcsrmesh_329
 .text.___libcsrmesh_334
                0x0005581a       0x62 ..\mesh_common\mesh\libraries\CSR102x_A06\libcsrmesh.a(csr_mesh_bearer.o)
                0x0005581a                ___libcsrmesh_334
 .text.___libcsrmesh_353
                0x0005587c       0x11 ..\mesh_common\mesh\libraries\CSR102x_A06\libcsrmesh.a(csr_mesh_bearer_porting_util.o)
                0x0005587c                ___libcsrmesh_353
 .text.___libcsrmesh_350
                0x0005588d       0x19 ..\mesh_common\mesh\libraries\CSR102x_A06\libcsrmesh.a(csr_mesh_bearer_porting_util.o)
                0x0005588d                ___libcsrmesh_350
 .text.___libcsrmesh_352
                0x000558a6       0x1d ..\mesh_common\mesh\libraries\CSR102x_A06\libcsrmesh.a(csr_mesh_bearer_porting_util.o)
                0x000558a6                ___libcsrmesh_352
 .text.___libcsrmesh_355
                0x000558c3        0x3 ..\mesh_common\mesh\libraries\CSR102x_A06\libcsrmesh.a(csr_mesh_bearer_porting_util.o)
                0x000558c3                ___libcsrmesh_355
 .text.___libcsrmesh_354
                0x000558c6        0x3 ..\mesh_common\mesh\libraries\CSR102x_A06\libcsrmesh.a(csr_mesh_bearer_porting_util.o)
                0x000558c6                ___libcsrmesh_354
 .text.___libcsrmesh_351
                0x000558c9       0x58 ..\mesh_common\mesh\libraries\CSR102x_A06\libcsrmesh.a(csr_mesh_bearer_porting_util.o)
                0x000558c9                ___libcsrmesh_351
 .text.checkMessageInTransmitQueue
                0x00055921       0x40 ..\mesh_common\mesh\libraries\CSR102x_A06\libcsrmesh.a(csr_mesh_bearer_porting_util.o)
 .text.___libcsrmesh_349
                0x00055961       0x74 ..\mesh_common\mesh\libraries\CSR102x_A06\libcsrmesh.a(csr_mesh_bearer_porting_util.o)
                0x00055961                ___libcsrmesh_349
 .text.CSRSchedGetScanDutyCycle
                0x000559d5       0x1b ..\mesh_common\mesh\libraries\CSR102x_A06\libcsrmesh.a(csr1010_scheduler.o)
                0x000559d5                CSRSchedGetScanDutyCycle
 .text.IsCSRSchedRunning
                0x000559f0        0x5 ..\mesh_common\mesh\libraries\CSR102x_A06\libcsrmesh.a(csr1010_scheduler.o)
                0x000559f0                IsCSRSchedRunning
 .text.CSRSchedLeAdvScanDisable
                0x000559f5       0x12 ..\mesh_common\mesh\libraries\CSR102x_A06\libcsrmesh.a(csr1010_scheduler.o)
 .text.CSRSchedLeStartScan
                0x00055a07       0x44 ..\mesh_common\mesh\libraries\CSR102x_A06\libcsrmesh.a(csr1010_scheduler.o)
 .text.CSRSchedEnableListening
                0x00055a4b       0x13 ..\mesh_common\mesh\libraries\CSR102x_A06\libcsrmesh.a(csr1010_scheduler.o)
                0x00055a4b                CSRSchedEnableListening
 .text.CSRSchedSetScanDutyCycle
                0x00055a5e       0xc8 ..\mesh_common\mesh\libraries\CSR102x_A06\libcsrmesh.a(csr1010_scheduler.o)
                0x00055a5e                CSRSchedSetScanDutyCycle
 .text.CSRSchedHandleIncomingData
                0x00055b26       0x4f ..\mesh_common\mesh\libraries\CSR102x_A06\libcsrmesh.a(csr1010_scheduler.o)
                0x00055b26                CSRSchedHandleIncomingData
 .text.CSRSchedMeshLeStartAdverts
                0x00055b75       0xa0 ..\mesh_common\mesh\libraries\CSR102x_A06\libcsrmesh.a(csr1010_scheduler.o)
 .text.CSRSchedSendPriorityMsg
                0x00055c15       0x22 ..\mesh_common\mesh\libraries\CSR102x_A06\libcsrmesh.a(csr1010_scheduler.o)
                0x00055c15                CSRSchedSendPriorityMsg
 .text.CSRSchedAdvertTimeoutHandler
                0x00055c37       0x6e ..\mesh_common\mesh\libraries\CSR102x_A06\libcsrmesh.a(csr1010_scheduler.o)
 .text.CSRSchedLeStartUserAdverts
                0x00055ca5       0x7c ..\mesh_common\mesh\libraries\CSR102x_A06\libcsrmesh.a(csr1010_scheduler.o)
 .text.CSRSchedMeshLeStartAdvertsFromQueue
                0x00055d21       0x13 ..\mesh_common\mesh\libraries\CSR102x_A06\libcsrmesh.a(csr1010_scheduler.o)
 .text.CSRSchedScanTimeoutHandler
                0x00055d34       0x13 ..\mesh_common\mesh\libraries\CSR102x_A06\libcsrmesh.a(csr1010_scheduler.o)
 .text.CSRSchedStart
                0x00055d47       0x24 ..\mesh_common\mesh\libraries\CSR102x_A06\libcsrmesh.a(csr1010_scheduler.o)
                0x00055d47                CSRSchedStart
 .text.CSRSchedNotifyGattEvent
                0x00055d6b       0xae ..\mesh_common\mesh\libraries\CSR102x_A06\libcsrmesh.a(csr1010_scheduler.o)
                0x00055d6b                CSRSchedNotifyGattEvent
 .text.CSRSchedMissingRadioEventTimeoutHandler
                0x00055e19        0xd ..\mesh_common\mesh\libraries\CSR102x_A06\libcsrmesh.a(csr1010_scheduler.o)
 .text.CSRSchedConnectionBusyTimeoutHandler
                0x00055e26       0x23 ..\mesh_common\mesh\libraries\CSR102x_A06\libcsrmesh.a(csr1010_scheduler.o)
 .text.CSRSchedSendUserAdv
                0x00055e49       0x47 ..\mesh_common\mesh\libraries\CSR102x_A06\libcsrmesh.a(csr1010_scheduler.o)
                0x00055e49                CSRSchedSendUserAdv
 .text.CSRSchedGetConfigParams
                0x00055e90       0x41 ..\mesh_common\mesh\libraries\CSR102x_A06\libcsrmesh.a(csr1010_scheduler.o)
                0x00055e90                CSRSchedGetConfigParams
 .text.CSRSchedSetConfigParams
                0x00055ed1       0x76 ..\mesh_common\mesh\libraries\CSR102x_A06\libcsrmesh.a(csr1010_scheduler.o)
                0x00055ed1                CSRSchedSetConfigParams
 .text.CsrSchedSetTxPower
                0x00055f47        0x8 ..\mesh_common\mesh\libraries\CSR102x_A06\libcsrmesh.a(csr1010_scheduler.o)
                0x00055f47                CsrSchedSetTxPower
 .text.CSRSchedEnableRadioEvent
                0x00055f4f       0x12 ..\mesh_common\mesh\libraries\CSR102x_A06\libcsrmesh.a(csr1010_scheduler.o)
                0x00055f4f                CSRSchedEnableRadioEvent
 .text.CSRSchedDisableRadioEvent
                0x00055f61       0x11 ..\mesh_common\mesh\libraries\CSR102x_A06\libcsrmesh.a(csr1010_scheduler.o)
                0x00055f61                CSRSchedDisableRadioEvent
 .text.___libcsrmesh_363