Archive member included because of file (symbol)

..\mesh_common\mesh\libraries\CSR102x_A06\libcsrmesh.a(csr_mesh.o)
                              depend_Debug_CSR102x_A06\core_mesh_handler.o (CSRmeshRegisterAppCallback)
..\mesh_common\mesh\libraries\CSR102x_A06\libcsrmesh.a(csr_mesh_masp_mcp_common.o)
                              ..\mesh_common\mesh\libraries\CSR102x_A06\libcsrmesh.a(csr_mesh.o) (___libcsrmesh_215)
..\mesh_common\mesh\libraries\CSR102x_A06\libcsrmesh.a(csr_mesh_mtl.o)
                              ..\mesh_common\mesh\libraries\CSR102x_A06\libcsrmesh.a(csr_mesh.o) (___libcsrmesh_269)
..\mesh_common\mesh\libraries\CSR102x_A06\libcsrmesh.a(csr_mesh_ec_alloc.o)
                              ..\mesh_common\mesh\libraries\CSR102x_A06\libcsrmesh.a(csr_mesh.o) (___libcsrmesh_118)
..\mesh_common\mesh\libraries\CSR102x_A06\libcsrmesh.a(csr_mesh_masp.o)
                              ..\mesh_common\mesh\libraries\CSR102x_A06\libcsrmesh.a(csr_mesh.o) (___libcsrmesh_212)
..\mesh_common\mesh\libraries\CSR102x_A06\libcsrmesh.a(csr_mesh_mcp.o)
                              ..\mesh_common\mesh\libraries\CSR102x_A06\libcsrmesh.a(csr_mesh.o) (___libcsrmesh_243)
..\mesh_common\mesh\libraries\CSR102x_A06\libcsrmesh.a(csr_mesh_sha256_get_results.o)
                              ..\mesh_common\mesh\libraries\CSR102x_A06\libcsrmesh.a(csr_mesh_masp_mcp_common.o) (___libcsrmesh_297)
..\mesh_common\mesh\libraries\CSR102x_A06\libcsrmesh.a(csr_mesh_sha256_hmac.o)
                              ..\mesh_common\mesh\libraries\CSR102x_A06\libcsrmesh.a(csr_mesh_masp_mcp_common.o) (___libcsrmesh_308)
..\mesh_common\mesh\libraries\CSR102x_A06\libcsrmesh.a(csr_mesh_sha256_initialise.o)
                              ..\mesh_common\mesh\libraries\CSR102x_A06\libcsrmesh.a(csr_mesh_masp_mcp_common.o) (___libcsrmesh_311)
..\mesh_common\mesh\libraries\CSR102x_A06\libcsrmesh.a(csr_mesh_sha256_process_data.o)
                              ..\mesh_common\mesh\libraries\CSR102x_A06\libcsrmesh.a(csr_mesh_sha256_hmac.o) (___libcsrmesh_317)
..\mesh_common\mesh\libraries\CSR102x_A06\libcsrmesh.a(csr_mesh_bearer.o)
                              ..\mesh_common\mesh\libraries\CSR102x_A06\libcsrmesh.a(csr_mesh_mtl.o) (___libcsrmesh_335)
..\mesh_common\mesh\libraries\CSR102x_A06\libcsrmesh.a(csr_mesh_bearer_porting_util.o)
                              ..\mesh_common\mesh\libraries\CSR102x_A06\libcsrmesh.a(csr_mesh_bearer.o) (___libcsrmesh_353)
..\mesh_common\mesh\libraries\CSR102x_A06\libcsrmesh.a(csr1010_scheduler.o)
                              ..\mesh_common\mesh\libraries\CSR102x_A06\libcsrmesh.a(csr_mesh_bearer_porting_util.o) (IsCSRSchedRunning)
..\mesh_common\mesh\libraries\CSR102x_A06\libcsrmesh.a(csr_mesh_hal_ifce.o)
                              ..\mesh_common\mesh\libraries\CSR102x_A06\libcsrmesh.a(csr_mesh_masp.o) (___libcsrmesh_363)
..\mesh_common\mesh\libraries\CSR102x_A06\libcsrmesh.a(csr_mesh_security_ifce_101x.o)
                              ..\mesh_common\mesh\libraries\CSR102x_A06\libcsrmesh.a(csr_mesh_mtl.o) (___libcsrmesh_371)
..\mesh_common\mesh\libraries\CSR102x_A06\libcsrmesh.a(csr_mesh_config_model.o)
                              ..\mesh_common\mesh\libraries\CSR102x_A06\libcsrmesh.a(csr_mesh_mcp.o) (ConfigModelInit)
..\mesh_common\mesh\libraries\CSR102x_A06\libcsrmesh.a(csr_mesh_bearer_model.o)
                              ..\mesh_common\mesh\libraries\CSR102x_A06\libcsrmesh.a(csr_mesh_mcp.o) (BearerModelInit)
..\mesh_common\mesh\libraries\CSR102x_A06\libcsrmesh.a(csr_mesh_ec_math.o)
                              ..\mesh_common\mesh\libraries\CSR102x_A06\libcsrmesh.a(csr_mesh_masp.o) (___libcsrmesh_127)
..\mesh_common\mesh\libraries\CSR102x_A06\libcsrmesh.a(csr_mesh_group_model.o)
                              ..\mesh_common\mesh\libraries\CSR102x_A06\libcsrmesh.a(csr_mesh_mcp.o) (GroupModelInit)
..\mesh_common\mesh\libraries\CSR102x_A06\libcsrmesh.a(csr_mesh_large_num.o)
                              ..\mesh_common\mesh\libraries\CSR102x_A06\libcsrmesh.a(csr_mesh_ec_math.o) (___libcsrmesh_161)
..\mesh_common\mesh\libraries\CSR102x_A06\libcsrmesh.a(csr_mesh_sha_add_to_cache.o)
                              ..\mesh_common\mesh\libraries\CSR102x_A06\libcsrmesh.a(csr_mesh_sha256_get_results.o) (___libcsrmesh_286)
..\mesh_common\mesh\libraries\CSR102x_A06\libcsrmesh.a(csr_mesh_sha256_calc_ith_hash_val.o)
                              ..\mesh_common\mesh\libraries\CSR102x_A06\libcsrmesh.a(csr_mesh_sha256_process_data.o) (___libcsrmesh_292)
..\mesh_common\mesh\libraries\CSR102x_A06\libextension_client.a(extension_client_exception.o)
                              depend_Debug_CSR102x_A06\extension_model_handler.o (ExtensionClientSetupOpcodeList)
..\mesh_common\mesh\libraries\CSR102x_A06\libextension_server.a(extension_model.o)
                              depend_Debug_CSR102x_A06\extension_model_handler.o (ExtensionModelInit)
[...]
Memory Configuration

Name             Origin             Length             Attributes
p_rom            0x00000000         0x00018000
p_otp            0x00018000         0x00008000
p_cram0          0x00020000         0x00004000
p_cram1          0x00024000         0x00002000
p_cram2          0x00026000         0x00002000
p_smem           0x00028000         0x00020000
p_ram            0x00048000         0x00002000
p_flexi          0x00050000         0x00020000
p_app            0x00000000         0x00070000
d_mtp            0x00000080         0x00000080
d_pmem           0x00000200         0x00000200
d_imem           0x00000600         0x00000080
d_memarb         0x00000800         0x00000800
d_rom            0x00001000         0x00004000
d_fwromcram      0x00005000         0x00001000
d_appdata        0x00006000         0x00004000
d_appconst       0x0000a000         0x00001000
d_fwsmemotp      0x0000b000         0x00001000
d_appsmem        0x0000c000         0x00001000
d_ram            0x0000d000         0x00002000
d_app            0x00000000         0x0000f000
*default*        0x00000000         0xffffffff

Linker script and memory map

LOAD depend_Debug_CSR102x_A06\app_gatt_db.o
LOAD depend_Debug_CSR102x_A06\gaia_client.o
LOAD depend_Debug_CSR102x_A06\gaia_client_service.o
LOAD depend_Debug_CSR102x_A06\gaia_otau_client.o
LOAD depend_Debug_CSR102x_A06\conn_param_update.o
LOAD depend_Debug_CSR102x_A06\nvm_access.o
LOAD depend_Debug_CSR102x_A06\cm_common.o
LOAD depend_Debug_CSR102x_A06\cm_hal.o
LOAD depend_Debug_CSR102x_A06\cm_private.o
LOAD depend_Debug_CSR102x_A06\cm_security.o
LOAD depend_Debug_CSR102x_A06\cm_server.o
LOAD depend_Debug_CSR102x_A06\cm_observer.o
LOAD depend_Debug_CSR102x_A06\cm_peripheral.o
LOAD depend_Debug_CSR102x_A06\cm_central.o
LOAD depend_Debug_CSR102x_A06\cm_client.o
LOAD depend_Debug_CSR102x_A06\battery_hw.o
LOAD depend_Debug_CSR102x_A06\fast_pwm.o
LOAD depend_Debug_CSR102x_A06\iot_hw.o
LOAD depend_Debug_CSR102x_A06\csr_mesh_ps_ifce.o
LOAD depend_Debug_CSR102x_A06\attention_model_handler.o
LOAD depend_Debug_CSR102x_A06\battery_model_handler.o
LOAD depend_Debug_CSR102x_A06\core_mesh_handler.o
LOAD depend_Debug_CSR102x_A06\data_model_handler.o
LOAD depend_Debug_CSR102x_A06\light_model_handler.o
LOAD depend_Debug_CSR102x_A06\power_model_handler.o
LOAD depend_Debug_CSR102x_A06\app_util.o
LOAD depend_Debug_CSR102x_A06\connection_handler.o
LOAD depend_Debug_CSR102x_A06\advertisement_handler.o
LOAD depend_Debug_CSR102x_A06\time_model_handler.o
LOAD depend_Debug_CSR102x_A06\action_model_handler.o
LOAD depend_Debug_CSR102x_A06\largeobjecttransfer_model_handler.o
LOAD depend_Debug_CSR102x_A06\asset_model_handler.o
LOAD depend_Debug_CSR102x_A06\tracker_model_handler.o
LOAD depend_Debug_CSR102x_A06\app_otau_handler.o
LOAD depend_Debug_CSR102x_A06\scan_handler.o
LOAD depend_Debug_CSR102x_A06\app_otau_client_handler.o
LOAD depend_Debug_CSR102x_A06\extension_model_handler.o
LOAD depend_Debug_CSR102x_A06\gap_service.o
LOAD depend_Debug_CSR102x_A06\gatt_service.o
LOAD depend_Debug_CSR102x_A06\mesh_control_service.o
LOAD depend_Debug_CSR102x_A06\byte_utils.o
LOAD depend_Debug_CSR102x_A06\gaia.o
LOAD depend_Debug_CSR102x_A06\gaia_otau.o
LOAD depend_Debug_CSR102x_A06\gaia_service.o
LOAD depend_Debug_CSR102x_A06\main_app.o
LOAD depend_Debug_CSR102x_A06\app_mesh_handler.o
LOAD depend_Debug_CSR102x_A06\app_hw.o
LOAD depend_Debug_CSR102x_A06\ONESECOND.o
LOAD depend_Debug_CSR102x_A06\uart_queue.o
LOAD depend_Debug_CSR102x_A06\UARTMCU.o
LOAD depend_Debug_CSR102x_A06\pio_ctrlr_code.o
LOAD ..\mesh_common\mesh\libraries\CSR102x_A06\libcsrmesh.a
LOAD ..\mesh_common\mesh\libraries\CSR102x_A06\libasset_server.a
LOAD ..\mesh_common\mesh\libraries\CSR102x_A06\libasset_client.a
LOAD ..\mesh_common\mesh\libraries\CSR102x_A06\libtracker_server.a
LOAD ..\mesh_common\mesh\libraries\CSR102x_A06\libtracker_client.a
LOAD ..\mesh_common\mesh\libraries\CSR102x_A06\libaction_server.a
LOAD ..\mesh_common\mesh\libraries\CSR102x_A06\libtuning_server.a
LOAD ..\mesh_common\mesh\libraries\CSR102x_A06\libtime_server.a
LOAD ..\mesh_common\mesh\libraries\CSR102x_A06\libtime_client.a
LOAD ..\mesh_common\mesh\libraries\CSR102x_A06\liblight_server.a
LOAD ..\mesh_common\mesh\libraries\CSR102x_A06\libpower_server.a
LOAD ..\mesh_common\mesh\libraries\CSR102x_A06\libping_server.a
LOAD ..\mesh_common\mesh\libraries\CSR102x_A06\libattention_server.a
LOAD ..\mesh_common\mesh\libraries\CSR102x_A06\libdata_server.a
LOAD ..\mesh_common\mesh\libraries\CSR102x_A06\libdata_client.a
LOAD ..\mesh_common\mesh\libraries\CSR102x_A06\libbattery_server.a
LOAD ..\mesh_common\mesh\libraries\CSR102x_A06\liblargeobjecttransfer_server.a
LOAD ..\mesh_common\mesh\libraries\CSR102x_A06\liblargeobjecttransfer_client.a
LOAD ..\mesh_common\mesh\libraries\CSR102x_A06\libextension_client.a
LOAD ..\mesh_common\mesh\libraries\CSR102x_A06\libextension_server.a
LOAD ..\mesh_common\mesh\libraries\CSR102x_A06\libgroup_client.a
LOAD ..\mesh_common\mesh\libraries\CSR102x_A06\libgroup_server.a
LOAD C:\CSR102x_SDK-3.1.1\tools\lib\CSR102x_A06\libgatt_lib_ram.a
                0x00050000                PROG_APPCODE_START = PROG_FLEXI_START
                0x00000000                APP_SIGNATURE_SIZE = 0x0
                0x00000001                DRAM_APPDATA_MODEL = 0x1
                0x00000000                STORE_OFFSET = 0x0
LOAD C:\CSR102x_SDK-3.1.1\tools\lib\CSR102x_A06\rom_img.elf
                0x00028000                PROG_SMEM_START = 0x28000
                0x00018000                PROG_OTP_START = 0x18000
                0x00050000                PROG_FLEXI_START = 0x50000
                0x00048000                PROG_DRAM_START = 0x48000
                0x00005000                DATA_FW_ROM_CRAM_WINDOW = 0x5000
                0x0000b000                DATA_FW_SMEM_OTP_WINDOW = 0xb000
                0x0000c000                DATA_APP_SMEM_WINDOW = 0xc000
                0x00020000                PROG_CRAM0_START = 0x20000
                0x0000a000                DATA_APPCONST_START = DEFINED (DATA_APPCONST_OVERRIDE)?DATA_APPCONST_OVERRIDE:0xa000
                [0x00000001]                DRAM_APPDATA_MODEL = DEFINED (DRAM_APPDATA_MODEL)?DRAM_APPDATA_MODEL:0x0
                0x00006000                DATA_APPDATA_START = (DRAM_APPDATA_MODEL == 0x0)?DATA_APPHOLE_START:0x6000
                0x00002000                DATA_APPDATA_MAX_SIZE = (DRAM_APPDATA_MODEL == 0x0)?APPDATA_SIZE:(DRAM_APPDATA_MODEL == 0x1)?0x2000:0x4000
                0x80000000                $CODE$ = 0x80000000
                0x00000000                $DATA$ = 0x0
                0x0000ffe0                PROVIDE ($XAP_AH, 0xffe0)
                0x0000ffe1                PROVIDE ($XAP_AL, 0xffe1)
                0x0000ffe2                PROVIDE ($XAP_UXH, 0xffe2)
                0x0000ffe3                PROVIDE ($XAP_UXL, 0xffe3)
                0x0000ffe4                PROVIDE ($XAP_UY, 0xffe4)
                0x0000ffe5                PROVIDE ($XAP_IXH, 0xffe5)
                0x0000ffe6                PROVIDE ($XAP_IXL, 0xffe6)
                0x0000ffe7                PROVIDE ($XAP_IY, 0xffe7)
                0x00000001                ASSERT (DEFINED (DATA_APPCONST_START), DATA_APPCONST_START must be defined.)
                0x00000001                ASSERT (DEFINED (DATA_APPDATA_START), DATA_APPDATA_START not defined - check the firmware is valid.)
                [0x00050000]                PROG_APPCODE_START = DEFINED (PROG_APPCODE_START)?PROG_APPCODE_START:PROG_FLEXI_START
                0x00000001                ASSERT (DEFINED (APP_SIGNATURE_SIZE), APP_SIGNATURE_SIZE must be defined)
                0x00000010                APP_HASH_SIZE = 0x10
                [0x00000000]                STORE_OFFSET = DEFINED (STORE_OFFSET)?STORE_OFFSET:0x0
                0x00000000                STORE_SEG_BASE = (STORE_OFFSET & 0xfffff000)
                0x00000000                STORE_SEG_OFFSET = (STORE_OFFSET & 0xfff)
                0x00050000                PROG_FLEXI_OFFSET = (PROG_FLEXI_START - STORE_SEG_BASE)
                0x00000008                APP_ENC_IV_SIZE = 0x8
                0x00000010                APPHEADER_SIZE = (0x8 + APP_ENC_IV_SIZE)
                0x00000001                ASSERT (((STORE_OFFSET % APPHEADER_SIZE) == 0x0), STORE_OFFSET is not an exact multiple of APPHEADER_SIZE)

.appheader      0x00050000       0x10 load address 0x80050000
                0x00050000                PROG_APPCRT_START = .
 *app_proxy_crt.o(.text)
 .text          0x00050000        0x8 C:\CSR102x_SDK-3.1.1\tools\lib\CSR102x_A06\libgatt_lib_ram.a(app_proxy_crt.o)
                0x00050005                _app_store_header_fw_init
 *app_proxy_crt.o(.text.*)
                0x00050010                . = ALIGN (APPHEADER_SIZE)
 *fill*         0x00050008       0x10 00
                0x00050010                PROG_APPCRT_END = .

.appconst       0x0000a010      0x41d load address 0x00050010
                0x0000a010                D_APPCONST_START = .
 *(CONST)
 *(CONST.*)
 *(.rodata)
 .rodata        0x0000a010        0x8 depend_Debug_CSR102x_A06\cm_hal.o
 .rodata        0x0000a018        0x2 depend_Debug_CSR102x_A06\cm_peripheral.o
 .rodata        0x0000a01a        0x2 depend_Debug_CSR102x_A06\advertisement_handler.o
 .rodata        0x0000a01c        0x9 depend_Debug_CSR102x_A06\app_otau_handler.o
 .rodata        0x0000a025       0x1b depend_Debug_CSR102x_A06\app_otau_client_handler.o
 .rodata        0x0000a040        0x8 depend_Debug_CSR102x_A06\gap_service.o
 .rodata        0x0000a048       0x12 depend_Debug_CSR102x_A06\gaia_otau.o
 *(.rodata.*)
 .rodata.handleConnMgrEvent
                0x0000a05a        0xc depend_Debug_CSR102x_A06\gaia_client_service.o
 .rodata.GaiaOtauClientUpdateConnStatus
                0x0000a066       0x11 depend_Debug_CSR102x_A06\gaia_otau_client.o
 .rodata.HandleGaiaResponseNotification
                0x0000a077       0x18 depend_Debug_CSR102x_A06\gaia_otau_client.o
 .rodata.ConnectionParamUpdateEvent
                0x0000a08f        0x5 depend_Debug_CSR102x_A06\conn_param_update.o
 .rodata.CMClientHandleProcessLMEvent
                0x0000a094       0x20 depend_Debug_CSR102x_A06\cm_client.o
 .rodata.fh_tx_pwr_map
                0x0000a0b4       0x10 depend_Debug_CSR102x_A06\core_mesh_handler.o
 .rodata.appHandleConnMgrProcEvent
                0x0000a0c4       0x1c depend_Debug_CSR102x_A06\connection_handler.o
 .rodata.C.5..3989.
                0x0000a0e0        0x3 depend_Debug_CSR102x_A06\advertisement_handler.o
 .rodata.otauCallbackValidateHeaderBody
                0x0000a0e3        0x7 depend_Debug_CSR102x_A06\app_otau_handler.o
 .rodata.appHandleGaiaOtauEvent
                0x0000a0ea        0x8 depend_Debug_CSR102x_A06\app_otau_handler.o
 .rodata.appHandleGaiaOtauClientEvent
                0x0000a0f2        0x6 depend_Debug_CSR102x_A06\app_otau_client_handler.o
 .rodata.handleAccessWrite
                0x0000a0f8        0x7 depend_Debug_CSR102x_A06\mesh_control_service.o
 .rodata.handleOtauFileTransfer
                0x0000a0ff        0x8 depend_Debug_CSR102x_A06\gaia_otau.o
 .rodata.GaiaOtauHandleVmUpgradeControlCommand
                0x0000a107       0x17 depend_Debug_CSR102x_A06\gaia_otau.o
 .rodata.GaiaOtauHandleStoreUpdateMsg
                0x0000a11e        0xf depend_Debug_CSR102x_A06\gaia_otau.o
 .rodata.handleConnMgrProcedureEvent
                0x0000a12d       0x17 depend_Debug_CSR102x_A06\gaia_service.o
 .rodata.masp_enc_key
                0x0000a144       0x1f ..\mesh_common\mesh\libraries\CSR102x_A06\libcsrmesh.a(csr_mesh_mtl.o)
 .rodata.masp_nw_iv
                0x0000a163        0x8 ..\mesh_common\mesh\libraries\CSR102x_A06\libcsrmesh.a(csr_mesh_mtl.o)
 .rodata.masp_nw_key
                0x0000a16b       0x10 ..\mesh_common\mesh\libraries\CSR102x_A06\libcsrmesh.a(csr_mesh_mtl.o)
 .rodata.str2.2
                0x0000a17b        0x6 ..\mesh_common\mesh\libraries\CSR102x_A06\libcsrmesh.a(csr_mesh_ec_alloc.o)
 .rodata.handleMaspMessage
                0x0000a181       0x17 ..\mesh_common\mesh\libraries\CSR102x_A06\libcsrmesh.a(csr_mesh_masp.o)
 .rodata.str2.2
                0x0000a198       0x14 ..\mesh_common\mesh\libraries\CSR102x_A06\libcsrmesh.a(csr_mesh_masp.o)
 .rodata.masp_msg_len
                0x0000a1ac       0x19 ..\mesh_common\mesh\libraries\CSR102x_A06\libcsrmesh.a(csr_mesh_masp.o)
 .rodata.sha256_init_table
                0x0000a1c5       0x10 ..\mesh_common\mesh\libraries\CSR102x_A06\libcsrmesh.a(csr_mesh_sha256_initialise.o)
 .rodata.csr_mesh_ad_data
                0x0000a1d5        0x3 ..\mesh_common\mesh\libraries\CSR102x_A06\libcsrmesh.a(csr1010_scheduler.o)
 .rodata.handleConfigGetDeviceInfo
                0x0000a1d8        0x9 ..\mesh_common\mesh\libraries\CSR102x_A06\libcsrmesh.a(csr_mesh_config_model.o)
 .rodata.configModelServerHandler
                0x0000a1e1       0x11 ..\mesh_common\mesh\libraries\CSR102x_A06\libcsrmesh.a(csr_mesh_config_model.o)
 .rodata.P192_curve_generator_x
                0x0000a1f2        0xd ..\mesh_common\mesh\libraries\CSR102x_A06\libcsrmesh.a(csr_mesh_ec_math.o)
 .rodata.P192_curve_generator_y
                0x0000a1ff        0xd ..\mesh_common\mesh\libraries\CSR102x_A06\libcsrmesh.a(csr_mesh_ec_math.o)
 .rodata.sha256_consts
                0x0000a20c       0x80 ..\mesh_common\mesh\libraries\CSR102x_A06\libcsrmesh.a(csr_mesh_sha256_calc_ith_hash_val.o)
 .rodata.ram_build_identifier_integer
                0x0000a28c        0x1 C:\CSR102x_SDK-3.1.1\tools\lib\CSR102x_A06\libgatt_lib_ram.a(id_ram.o)
                0x0000a28c                ram_build_identifier_integer
 .rodata.ram_build_identifier_string
                0x0000a28d       0x25 C:\CSR102x_SDK-3.1.1\tools\lib\CSR102x_A06\libgatt_lib_ram.a(id_ram.o)
                0x0000a28d                ram_build_identifier_string
 .rodata.patch_table_data
                0x0000a2b2       0x36 C:\CSR102x_SDK-3.1.1\tools\lib\CSR102x_A06\libgatt_lib_ram.a(sw_patch_ram.o)
 .rodata.patch_shared_reset
                0x0000a2e8        0x5 C:\CSR102x_SDK-3.1.1\tools\lib\CSR102x_A06\libgatt_lib_ram.a(patch_reset.o)
 .rodata.p_halmem_api_rom
                0x0000a2ed        0x5 C:\CSR102x_SDK-3.1.1\tools\lib\CSR102x_A06\libgatt_lib_ram.a(patch_reset.o)
                0x0000a2ed                ___libgatt_lib_db_5602
 .rodata.p_halmem_smem_instance
                0x0000a2f2       0x12 C:\CSR102x_SDK-3.1.1\tools\lib\CSR102x_A06\libgatt_lib_ram.a(patch_reset.o)
 .rodata.haluart_api_patch
                0x0000a304        0x1 C:\CSR102x_SDK-3.1.1\tools\lib\CSR102x_A06\libgatt_lib_ram.a(patch_hal_uart.o)
                0x0000a304                ___libgatt_lib_db_5625
 .rodata.patched_uart_instances
                0x0000a305       0x12 C:\CSR102x_SDK-3.1.1\tools\lib\CSR102x_A06\libgatt_lib_ram.a(patch_hal_uart.o)
 *(.pio_ctrlr_code)
                0x0000a317                APP_BUILD_VERSION = .
 *(.app_bld_ver)
                0x0000a317                PROG_PATCH_ADDRESS = .
 *(.hw_patch)
 .hw_patch      0x0000a317      0x116 C:\CSR102x_SDK-3.1.1\tools\lib\CSR102x_A06\libgatt_lib_ram.a(patch_flashheart_d06.o)
                0x0000a317                hw_patch
                0x0000a42d                PROG_PATCH_END = .
                0x0000a42d                D_APPCONST_END = .
                0x0000041d                APPCONST_SIZE = SIZEOF (.appconst)
                0x00000001                ASSERT (((D_APPCONST_START & 0x1000) == (D_APPCONST_END & 0x1000)), Application uses too much CONST data (page boundary exceeded))

.progapp_appconst
                0x00050010      0x41d
                0x0005042d                . = (. + APPCONST_SIZE)
 *fill*         0x00050010      0x83a 00

.appdata        0x00006000      0x11b load address 0x0005042d
                0x00006000                DATA_APPINITDATA_START = .
 *(.data)
 *(.data.*)
 .data.gattDatabase
                0x00006000       0xb8 depend_Debug_CSR102x_A06\app_gatt_db.o
                0x00006000                gattDatabase
 .data.g_gaia_client_service_uuid
                0x000060b8        0x8 depend_Debug_CSR102x_A06\gaia_client_service.o
 .data.g_gaia_client_handler
                0x000060c0        0x2 depend_Debug_CSR102x_A06\gaia_client_service.o
 .data.g_nvm_type
                0x000060c2        0x1 depend_Debug_CSR102x_A06\nvm_access.o
 .data.csr_mesh_pskey_offset_table
                0x000060c3       0x1e depend_Debug_CSR102x_A06\csr_mesh_ps_ifce.o
 .data.g_cm_app_handler
                0x000060e1        0x2 depend_Debug_CSR102x_A06\connection_handler.o
 .data.g_service_handler
                0x000060e3        0x2 depend_Debug_CSR102x_A06\gap_service.o
 .data.g_server_handler
                0x000060e5        0x2 depend_Debug_CSR102x_A06\gatt_service.o
 .data.g_mesh_server_handlers
                0x000060e7        0x2 depend_Debug_CSR102x_A06\mesh_control_service.o
 .data.g_gaia_server_handlers
                0x000060e9        0x2 depend_Debug_CSR102x_A06\gaia_service.o
 .data.mesh_ad_data
                0x000060eb        0x3 depend_Debug_CSR102x_A06\app_mesh_handler.o
                0x000060eb                mesh_ad_data
 .data.vid_pid_info
                0x000060ee        0x4 depend_Debug_CSR102x_A06\app_mesh_handler.o
                0x000060ee                vid_pid_info
 .data.appearance
                0x000060f2        0xd depend_Debug_CSR102x_A06\app_mesh_handler.o
                0x000060f2                appearance
 .data.g_headPtr
                0x000060ff        0x1 depend_Debug_CSR102x_A06\uart_queue.o
                0x000060ff                g_headPtr
 .data.g_writePtr
                0x00006100        0x1 depend_Debug_CSR102x_A06\uart_queue.o
                0x00006100                g_writePtr
 .data.g_readPtr
                0x00006101        0x1 depend_Debug_CSR102x_A06\uart_queue.o
                0x00006101                g_readPtr
 .data.key_iv_status_values
                0x00006102        0x8 ..\mesh_common\mesh\libraries\CSR102x_A06\libcsrmesh.a(csr_mesh_masp.o)
 .data.P192_p   0x0000610a        0xd ..\mesh_common\mesh\libraries\CSR102x_A06\libcsrmesh.a(csr_mesh_ec_math.o)
                0x0000610a                ___libcsrmesh_132
 .data.PATCH_DBG_UART_CONFIG
                0x00006117        0x1 C:\CSR102x_SDK-3.1.1\tools\lib\CSR102x_A06\libgatt_lib_ram.a(patch_uart.o)
                0x00006117                ___libgatt_lib_db_5598
 .data.patched_halbleradio_api
                0x00006118        0x1 C:\CSR102x_SDK-3.1.1\tools\lib\CSR102x_A06\libgatt_lib_ram.a(patch_hal_bleradio.o)
 .data.first_run
                0x00006119        0x1 C:\CSR102x_SDK-3.1.1\tools\lib\CSR102x_A06\libgatt_lib_ram.a(patch_sysop_fosc_trim.o)
                0x00006119                ___libgatt_lib_db_5630
 .data.switch_pio_g
                0x0000611a        0x1 C:\CSR102x_SDK-3.1.1\tools\lib\CSR102x_A06\libgatt_lib_ram.a(patch_activity.o)
                0x0000611b                DATA_APPINITDATA_END = .
                0x0000011b                APPINITDATA_SIZE = SIZEOF (.appdata)
                0x00000001                ASSERT (((APPCONST_SIZE + APPINITDATA_SIZE) <= 0x1000), Application uses too much CONST / Initialised data)

.progapp_appdata
                0x0005042d      0x11b
                0x00050548                . = (. + APPINITDATA_SIZE)
 *fill*         0x0005042d      0x236 00

.patchtext      0x00050548        0x0 load address 0x80050548
                0x00050548                PROG_SW_PATCH_FN_START = .
 *(.patch_text)
 *(.patch_text.*)
                0x00050548                PROG_SW_PATCH_FN_END = .

.apptext        0x00050548     0x98c8 load address 0x80050548
 *(.extra_crt)
 *(.text)
 .text          0x00050548       0x2f C:\CSR102x_SDK-3.1.1\tools\lib\CSR102x_A06\libgatt_lib_ram.a(sm_ram.o)
                0x00050548                ___libgatt_lib_db_962
                0x00050571                SMInit
 .text          0x00050577        0x3 C:\CSR102x_SDK-3.1.1\tools\lib\CSR102x_A06\libgatt_lib_ram.a(sm_key_req_api.o)
                0x00050577                SMKeyRequestRsp
 .text          0x0005057a        0x3 C:\CSR102x_SDK-3.1.1\tools\lib\CSR102x_A06\libgatt_lib_ram.a(sm_div_approval_api.o)
                0x0005057a                SMDivApprovalRsp
 .text          0x0005057d        0x3 C:\CSR102x_SDK-3.1.1\tools\lib\CSR102x_A06\libgatt_lib_ram.a(sm_pairing_auth_api.o)
                0x0005057d                SMPairingAuthRsp
 .text          0x00050580        0x6 C:\CSR102x_SDK-3.1.1\tools\lib\CSR102x_A06\libgatt_lib_ram.a(sm_ltk_api.o)
                0x00050580                SMLongTermKeyRsp
 *(.text.*)
 .text.GattGetDatabase
                0x00050586        0x9 depend_Debug_CSR102x_A06\app_gatt_db.o
                0x00050586                GattGetDatabase
 .text.gaiaHandleNotificationCommand
                0x0005058f       0x26 depend_Debug_CSR102x_A06\gaia_client.o
 .text.gaiaHandleDataTransferCommandAck
                0x000505b5       0x26 depend_Debug_CSR102x_A06\gaia_client.o
 .text.GAIAClientProcessCommand
                0x000505db       0x47 depend_Debug_CSR102x_A06\gaia_client.o
                0x000505db                GAIAClientProcessCommand
 .text.GaiaClientSendCommandPacket
                0x00050622       0x36 depend_Debug_CSR102x_A06\gaia_client.o
                0x00050622                GaiaClientSendCommandPacket
 .text.GaiaClientSendDisconnectPacket
                0x00050658       0x29 depend_Debug_CSR102x_A06\gaia_client.o
                0x00050658                GaiaClientSendDisconnectPacket
 .text.GaiaClientSendConnectPacket
                0x00050681       0x29 depend_Debug_CSR102x_A06\gaia_client.o
                0x00050681                GaiaClientSendConnectPacket
 .text.GaiaClientSendAcknowledgement
                0x000506aa       0x37 depend_Debug_CSR102x_A06\gaia_client.o
                0x000506aa                GaiaClientSendAcknowledgement
 .text.initialiseDescriptor
                0x000506e1        0xd depend_Debug_CSR102x_A06\gaia_client_service.o
 .text.initialiseCharacteristics
                0x000506ee      0x136 depend_Debug_CSR102x_A06\gaia_client_service.o
 .text.gaiaClientDataInit
                0x00050824       0x72 depend_Debug_CSR102x_A06\gaia_client_service.o
 .text.readDataFromNVM
                0x00050896        0x3 depend_Debug_CSR102x_A06\gaia_client_service.o
 .text.validBondId
                0x00050899       0x1e depend_Debug_CSR102x_A06\gaia_client_service.o
 .text.storeGattHandles
                0x000508b7        0x3 depend_Debug_CSR102x_A06\gaia_client_service.o
 .text.configureResponseConfig
                0x000508ba       0x39 depend_Debug_CSR102x_A06\gaia_client_service.o
 .text.handleCMClientConnectionNotify
                0x000508f3       0x4d depend_Debug_CSR102x_A06\gaia_client_service.o
 .text.handleCMClientBondingNotify
                0x00050940       0x20 depend_Debug_CSR102x_A06\gaia_client_service.o
 .text.handleCMClientDiscoveryComplete
                0x00050960       0x25 depend_Debug_CSR102x_A06\gaia_client_service.o
 .text.handleCMClientNotification
                0x00050985       0x21 depend_Debug_CSR102x_A06\gaia_client_service.o
 .text.handleCMClientWriteCfm
                0x000509a6       0x31 depend_Debug_CSR102x_A06\gaia_client_service.o
 .text.handleConnMgrEvent
                0x000509d7       0x20 depend_Debug_CSR102x_A06\gaia_client_service.o
 .text.GaiaInitClientService
                0x000509f7       0x1c depend_Debug_CSR102x_A06\gaia_client_service.o
                0x000509f7                GaiaInitClientService
 .text.GaiaClientIsServiceDiscovered
                0x00050a13       0x10 depend_Debug_CSR102x_A06\gaia_client_service.o
                0x00050a13                GaiaClientIsServiceDiscovered
 .text.GaiaWriteCommandEndpoint
                0x00050a23       0x3e depend_Debug_CSR102x_A06\gaia_client_service.o
                0x00050a23                GaiaWriteCommandEndpoint
 .text.GaiaConfigureService
                0x00050a61       0x20 depend_Debug_CSR102x_A06\gaia_client_service.o
                0x00050a61                GaiaConfigureService
 .text.notifyApplication
                0x00050a81       0x1c depend_Debug_CSR102x_A06\gaia_otau_client.o
 .text.upgradeDeviceResetTransferState
                0x00050a9d        0x7 depend_Debug_CSR102x_A06\gaia_otau_client.o
 .text.upgradeDeviceHandleStartCfm
                0x00050aa4       0x88 depend_Debug_CSR102x_A06\gaia_otau_client.o
 .text.upgradeSendData
                0x00050b2c       0x37 depend_Debug_CSR102x_A06\gaia_otau_client.o
 .text.upgradeDeviceHandleDataBytesReq
                0x00050b63       0x30 depend_Debug_CSR102x_A06\gaia_otau_client.o
 .text.upgradeDeviceHandleAbortCfm
                0x00050b93        0xe depend_Debug_CSR102x_A06\gaia_otau_client.o
 .text.upgradeDeviceHandleTransferCompleteInd
                0x00050ba1       0x5c depend_Debug_CSR102x_A06\gaia_otau_client.o
 .text.upgradeDeviceHandleCommitReq
                0x00050bfd       0x44 depend_Debug_CSR102x_A06\gaia_otau_client.o
 .text.upgradeHandleErrorWarnInd
                0x00050c41       0x1f depend_Debug_CSR102x_A06\gaia_otau_client.o
 .text.upgradeDeviceHandleCompleteInd
                0x00050c60       0x1a depend_Debug_CSR102x_A06\gaia_otau_client.o
 .text.upgradeDeviceSendStartReq
                0x00050c7a       0x26 depend_Debug_CSR102x_A06\gaia_otau_client.o
 .text.upgradeDeviceHandleSyncCfm
                0x00050ca0       0x7b depend_Debug_CSR102x_A06\gaia_otau_client.o
 .text.upgradeSendIsValidationDoneRequest
                0x00050d1b       0x29 depend_Debug_CSR102x_A06\gaia_otau_client.o
 .text.handleValidationTimerExpiry
                0x00050d44       0x15 depend_Debug_CSR102x_A06\gaia_otau_client.o
 .text.upgradeDeviceHandleIsValidationDoneCfm
                0x00050d59       0x3d depend_Debug_CSR102x_A06\gaia_otau_client.o
 .text.GaiaOtauClientInitEvent
                0x00050d96        0x7 depend_Debug_CSR102x_A06\gaia_otau_client.o
                0x00050d96                GaiaOtauClientInitEvent
 .text.GaiaOtauClientConnNotifyEvent
                0x00050d9d       0x10 depend_Debug_CSR102x_A06\gaia_otau_client.o
                0x00050d9d                GaiaOtauClientConnNotifyEvent
 .text.GaiaOtauClientRegisterCallback
                0x00050dad        0xa depend_Debug_CSR102x_A06\gaia_otau_client.o
                0x00050dad                GaiaOtauClientRegisterCallback
 .text.GaiaOtauClientStartUpgrade
                0x00050db7        0x9 depend_Debug_CSR102x_A06\gaia_otau_client.o
                0x00050db7                GaiaOtauClientStartUpgrade
 .text.GaiaOtauClientSendData
                0x00050dc0       0x40 depend_Debug_CSR102x_A06\gaia_otau_client.o
                0x00050dc0                GaiaOtauClientSendData
 .text.GaiaOtauClientGetState
                0x00050e00        0x3 depend_Debug_CSR102x_A06\gaia_otau_client.o
                0x00050e00                GaiaOtauClientGetState
 .text.GaiaOtauClientResetTransferState
                0x00050e03       0x16 depend_Debug_CSR102x_A06\gaia_otau_client.o
                0x00050e03                GaiaOtauClientResetTransferState
 .text.GaiaOtauClientUpdateConnStatus
                0x00050e19       0x36 depend_Debug_CSR102x_A06\gaia_otau_client.o
                0x00050e19                GaiaOtauClientUpdateConnStatus
 .text.GaiaOtauClientConfigurationComplete
                0x00050e4f        0xc depend_Debug_CSR102x_A06\gaia_otau_client.o
                0x00050e4f                GaiaOtauClientConfigurationComplete
 .text.HandleUpgradeConnectAck
                0x00050e5b       0x75 depend_Debug_CSR102x_A06\gaia_otau_client.o
                0x00050e5b                HandleUpgradeConnectAck
 .text.HandleUpgradeControlRequestAck
                0x00050ed0       0x35 depend_Debug_CSR102x_A06\gaia_otau_client.o
                0x00050ed0                HandleUpgradeControlRequestAck
 .text.HandleUpgradeDisconnectAck
                0x00050f05        0xc depend_Debug_CSR102x_A06\gaia_otau_client.o
                0x00050f05                HandleUpgradeDisconnectAck
 .text.HandleGaiaResponseNotification
                0x00050f11       0x78 depend_Debug_CSR102x_A06\gaia_otau_client.o
                0x00050f11                HandleGaiaResponseNotification
 .text.handleGapCppTimerExpiry
                0x00050f89       0x15 depend_Debug_CSR102x_A06\conn_param_update.o
 .text.requestConnParamUpdate
                0x00050f9e       0x55 depend_Debug_CSR102x_A06\conn_param_update.o
 .text.handleConnUpdateSignallingInd
                0x00050ff3        0xd depend_Debug_CSR102x_A06\conn_param_update.o
 .text.handleConnParamUpdateCfm
                0x00051000       0x5b depend_Debug_CSR102x_A06\conn_param_update.o
 .text.handleConnParamUpdateInd
                0x0005105b       0x29 depend_Debug_CSR102x_A06\conn_param_update.o
 .text.handleCmConnectionUpdated
                0x00051084       0x28 depend_Debug_CSR102x_A06\conn_param_update.o
 .text.handleServerAccessed
                0x000510ac       0x23 depend_Debug_CSR102x_A06\conn_param_update.o
 .text.processNewParams
                0x000510cf       0x56 depend_Debug_CSR102x_A06\conn_param_update.o
 .text.RequestConnParamsUpdate
                0x00051125       0x31 depend_Debug_CSR102x_A06\conn_param_update.o
                0x00051125                RequestConnParamsUpdate
 .text.RequestConnParamsUpdateOnce
                0x00051156       0x32 depend_Debug_CSR102x_A06\conn_param_update.o
                0x00051156                RequestConnParamsUpdateOnce
 .text.StopConnParamsUpdate
                0x00051188        0xd depend_Debug_CSR102x_A06\conn_param_update.o
                0x00051188                StopConnParamsUpdate
 .text.GetUpdatedConnParams
                0x00051195       0x11 depend_Debug_CSR102x_A06\conn_param_update.o
                0x00051195                GetUpdatedConnParams
 .text.ConnectionParamUpdateEvent
                0x000511a6       0x23 depend_Debug_CSR102x_A06\conn_param_update.o
                0x000511a6                ConnectionParamUpdateEvent
 .text.ConnectionParamUpdateSetCallback
                0x000511c9        0xa depend_Debug_CSR102x_A06\conn_param_update.o
                0x000511c9                ConnectionParamUpdateSetCallback
 .text.reportPanic
                0x000511d3        0x7 depend_Debug_CSR102x_A06\nvm_access.o
 .text.nvmReadSanity
                0x000511da       0x27 depend_Debug_CSR102x_A06\nvm_access.o
 .text.nvmDisable
                0x00051201        0x1 depend_Debug_CSR102x_A06\nvm_access.o
 .text.Nvm_Init
                0x00051202       0x1e depend_Debug_CSR102x_A06\nvm_access.o
                0x00051202                Nvm_Init
 .text.Nvm_Read
                0x00051220       0x11 depend_Debug_CSR102x_A06\nvm_access.o
                0x00051220                Nvm_Read
 .text.Nvm_Write
                0x00051231       0x19 depend_Debug_CSR102x_A06\nvm_access.o
                0x00051231                Nvm_Write
 .text.Nvm_Read_Secure_Key
                0x0005124a        0xd depend_Debug_CSR102x_A06\nvm_access.o
                0x0005124a                Nvm_Read_Secure_Key
 .text.NvmProcessEvent
                0x00051257      0x15f depend_Debug_CSR102x_A06\nvm_access.o
                0x00051257                NvmProcessEvent
 .text.asyncApiTimeout
                0x000513b6        0x9 depend_Debug_CSR102x_A06\cm_common.o
 .text.CMInit   0x000513bf       0x2c depend_Debug_CSR102x_A06\cm_common.o
                0x000513bf                CMInit
 .text.CMDisconnect
                0x000513eb       0x12 depend_Debug_CSR102x_A06\cm_common.o
                0x000513eb                CMDisconnect
 .text.CMGetDeviceBondState
                0x000513fd       0x12 depend_Debug_CSR102x_A06\cm_common.o
                0x000513fd                CMGetDeviceBondState
 .text.CMGetDevState
                0x0005140f       0x1c depend_Debug_CSR102x_A06\cm_common.o
                0x0005140f                CMGetDevState
 .text.CMGetPeerDeviceRole
                0x0005142b       0x1c depend_Debug_CSR102x_A06\cm_common.o
                0x0005142b                CMGetPeerDeviceRole
 .text.CMGetBondIdFromDeviceId
                0x00051447       0x26 depend_Debug_CSR102x_A06\cm_common.o
                0x00051447                CMGetBondIdFromDeviceId
 .text.CMGetBdAdressFromDeviceId
                0x0005146d       0x24 depend_Debug_CSR102x_A06\cm_common.o
                0x0005146d                CMGetBdAdressFromDeviceId
 .text.CMConnParamUpdateReq
                0x00051491        0x8 depend_Debug_CSR102x_A06\cm_common.o
                0x00051491                CMConnParamUpdateReq
 .text.CMConnectionUpdateSignalingRsp
                0x00051499        0xa depend_Debug_CSR102x_A06\cm_common.o
                0x00051499                CMConnectionUpdateSignalingRsp
 .text.CMGetDevConnParam
                0x000514a3       0x21 depend_Debug_CSR102x_A06\cm_common.o
                0x000514a3                CMGetDevConnParam
 .text.CMConfigureRadioEvent
                0x000514c4        0xe depend_Debug_CSR102x_A06\cm_common.o
                0x000514c4                CMConfigureRadioEvent
 .text.CMReadRssi
                0x000514d2        0xf depend_Debug_CSR102x_A06\cm_common.o
                0x000514d2                CMReadRssi
 .text.CMUuidEqual
                0x000514e1       0x83 depend_Debug_CSR102x_A06\cm_common.o
                0x000514e1                CMUuidEqual
 .text.CMIsAddressResolvableRandom
                0x00051564       0x14 depend_Debug_CSR102x_A06\cm_common.o
                0x00051564                CMIsAddressResolvableRandom
 .text.CMEnableEarlyWakeup
                0x00051578        0xb depend_Debug_CSR102x_A06\cm_common.o
                0x00051578                CMEnableEarlyWakeup
 .text.CMSignalNumberOfCompletedPackets
                0x00051583        0x8 depend_Debug_CSR102x_A06\cm_common.o
                0x00051583                CMSignalNumberOfCompletedPackets
 .text.getDeviceIdFromCid
                0x0005158b       0x26 depend_Debug_CSR102x_A06\cm_hal.o
 .text.parseName
                0x000515b1       0x87 depend_Debug_CSR102x_A06\cm_hal.o
 .text.sendNotificationCfmTimer
                0x00051638       0x17 depend_Debug_CSR102x_A06\cm_hal.o
 .text.HALGetMsgId
                0x0005164f        0x6 depend_Debug_CSR102x_A06\cm_hal.o
                0x0005164f                HALGetMsgId
 .text.HALGetMsg
                0x00051655        0x6 depend_Debug_CSR102x_A06\cm_hal.o
                0x00051655                HALGetMsg
 .text.HALAddNewDevice
                0x0005165b       0x24 depend_Debug_CSR102x_A06\cm_hal.o
                0x0005165b                HALAddNewDevice
 .text.HALGetDeviceId
                0x0005167f      0x197 depend_Debug_CSR102x_A06\cm_hal.o
                0x0005167f                HALGetDeviceId
 .text.HALParseConnCompleteInd
                0x00051816        0xb depend_Debug_CSR102x_A06\cm_hal.o
                0x00051816                HALParseConnCompleteInd
 .text.HALParseDisconnCompleteInd
                0x00051821       0x13 depend_Debug_CSR102x_A06\cm_hal.o
                0x00051821                HALParseDisconnCompleteInd
 .text.HALParseEncChangeInd
                0x00051834        0xb depend_Debug_CSR102x_A06\cm_hal.o
                0x00051834                HALParseEncChangeInd
 .text.HALParseRadioEventInd
                0x0005183f        0xc depend_Debug_CSR102x_A06\cm_hal.o
                0x0005183f                HALParseRadioEventInd
 .text.HALParseAdvertisingReportInd
                0x0005184b       0x2b depend_Debug_CSR102x_A06\cm_hal.o
                0x0005184b                HALParseAdvertisingReportInd
 .text.HALIsAdvertisingReport
                0x00051876       0x18 depend_Debug_CSR102x_A06\cm_hal.o
                0x00051876                HALIsAdvertisingReport
 .text.HALGapLsFindAdType
                0x0005188e        0xe depend_Debug_CSR102x_A06\cm_hal.o
                0x0005188e                HALGapLsFindAdType
 .text.HALGapSetPeripheralMode
                0x0005189c        0xd depend_Debug_CSR102x_A06\cm_hal.o
                0x0005189c                HALGapSetPeripheralMode
 .text.HALServerWriteInit
                0x000518a9        0x5 depend_Debug_CSR102x_A06\cm_hal.o
                0x000518a9                HALServerWriteInit
 .text.HALParseAccessWriteInd
                0x000518ae        0xc depend_Debug_CSR102x_A06\cm_hal.o
                0x000518ae                HALParseAccessWriteInd
 .text.HALParseAccessReadInd
                0x000518ba        0xc depend_Debug_CSR102x_A06\cm_hal.o
                0x000518ba                HALParseAccessReadInd
 .text.HALParseDiscoverServiceInd
                0x000518c6        0x8 depend_Debug_CSR102x_A06\cm_hal.o
                0x000518c6                HALParseDiscoverServiceInd
 .text.HALParseReadCharValCfm
                0x000518ce       0x10 depend_Debug_CSR102x_A06\cm_hal.o
                0x000518ce                HALParseReadCharValCfm
 .text.HALParseNotifInd
                0x000518de        0xc depend_Debug_CSR102x_A06\cm_hal.o
                0x000518de                HALParseNotifInd
 .text.HALSMInit
                0x000518ea        0xb depend_Debug_CSR102x_A06\cm_hal.o
                0x000518ea                HALSMInit
 .text.HALParseSmPairingAuthInd
                0x000518f5        0x4 depend_Debug_CSR102x_A06\cm_hal.o
                0x000518f5                HALParseSmPairingAuthInd
 .text.HALSendValueNotificationExt
                0x000518f9       0x16 depend_Debug_CSR102x_A06\cm_hal.o
                0x000518f9                HALSendValueNotificationExt
 .text.HALSendValueNotification
                0x0005190f       0x3a depend_Debug_CSR102x_A06\cm_hal.o
                0x0005190f                HALSendValueNotification
 .text.HALSendLongTermKeyAuthRsp
                0x00051949       0x13 depend_Debug_CSR102x_A06\cm_hal.o
                0x00051949                HALSendLongTermKeyAuthRsp
 .text.HALSMKeyRequestResponse
                0x0005195c        0xc depend_Debug_CSR102x_A06\cm_hal.o
                0x0005195c                HALSMKeyRequestResponse
 .text.HALSMDivApprovalRsp
                0x00051968        0x8 depend_Debug_CSR102x_A06\cm_hal.o
                0x00051968                HALSMDivApprovalRsp
 .text.HALConnectionParamUpdateReq
                0x00051970       0x1c depend_Debug_CSR102x_A06\cm_hal.o
                0x00051970                HALConnectionParamUpdateReq
 .text.HALConnectionUpdateSignallingRsp
                0x0005198c        0xf depend_Debug_CSR102x_A06\cm_hal.o
                0x0005198c                HALConnectionUpdateSignallingRsp
 .text.HALParseConnectionUpdateInd
                0x0005199b       0x10 depend_Debug_CSR102x_A06\cm_hal.o
                0x0005199b                HALParseConnectionUpdateInd
 .text.HALMatchBluetoothAddress
                0x000519ab       0x34 depend_Debug_CSR102x_A06\cm_hal.o
                0x000519ab                HALMatchBluetoothAddress
 .text.CMProcessMsg
                0x000519df        0x8 depend_Debug_CSR102x_A06\cm_hal.o
                0x000519df                CMProcessMsg
 .text.addNewDevice
                0x000519e7       0x31 depend_Debug_CSR102x_A06\cm_private.o
 .text.getDeviceFromBdAddr
                0x00051a18       0x2a depend_Debug_CSR102x_A06\cm_private.o
 .text.setConnInfo
                0x00051a42       0x1c depend_Debug_CSR102x_A06\cm_private.o
 .text.handleSignalLmEvConnectionComplete
                0x00051a5e       0x33 depend_Debug_CSR102x_A06\cm_private.o
 .text.handleSignalGattConnectCfm
                0x00051a91       0x2c depend_Debug_CSR102x_A06\cm_private.o
 .text.handleSignalLmDisconnectComplete
                0x00051abd       0x43 depend_Debug_CSR102x_A06\cm_private.o
 .text.handleSignalLsRadioEventInd
                0x00051b00       0x14 depend_Debug_CSR102x_A06\cm_private.o
 .text.handleSignaNumberOfCompletedPacketsEventInd
                0x00051b14       0x16 depend_Debug_CSR102x_A06\cm_private.o
 .text.handleSignalLsEarlyWakeUpInd
                0x00051b2a       0x10 depend_Debug_CSR102x_A06\cm_private.o
 .text.handleSignalLsDataRxTimingInd
                0x00051b3a       0x29 depend_Debug_CSR102x_A06\cm_private.o
 .text.handleSignalLsConnUpdateSignallingInd
                0x00051b63       0x1b depend_Debug_CSR102x_A06\cm_private.o
 .text.handleSignalLsConnParamUpdateInd
                0x00051b7e       0x25 depend_Debug_CSR102x_A06\cm_private.o
 .text.handleSignalLsConnParamUpdateCfm
                0x00051ba3       0x1c depend_Debug_CSR102x_A06\cm_private.o
 .text.handleSignalLsConnectionUpdate
                0x00051bbf       0x1e depend_Debug_CSR102x_A06\cm_private.o
 .text.handleSignalGattExchangeMtuInd
                0x00051bdd        0x8 depend_Debug_CSR102x_A06\cm_private.o
 .text.CMGetMainData
                0x00051be5        0x3 depend_Debug_CSR102x_A06\cm_private.o
                0x00051be5                CMGetMainData
 .text.CMNotifyEventToApplication
                0x00051be8       0x16 depend_Debug_CSR102x_A06\cm_private.o
                0x00051be8                CMNotifyEventToApplication
 .text.CMPrivateInit
                0x00051bfe       0x37 depend_Debug_CSR102x_A06\cm_private.o
                0x00051bfe                CMPrivateInit
 .text.CMSetConnParam
                0x00051c35       0x1b depend_Debug_CSR102x_A06\cm_private.o
                0x00051c35                CMSetConnParam
 .text.CMResetDevConnParam
                0x00051c50       0x2a depend_Debug_CSR102x_A06\cm_private.o
                0x00051c50                CMResetDevConnParam
 .text.CMGetDeviceId
                0x00051c7a        0xb depend_Debug_CSR102x_A06\cm_private.o
                0x00051c7a                CMGetDeviceId
 .text.CMIsDeviceIdValid
                0x00051c85        0xc depend_Debug_CSR102x_A06\cm_private.o
                0x00051c85                CMIsDeviceIdValid
 .text.CMGetConnId
                0x00051c91       0x16 depend_Debug_CSR102x_A06\cm_private.o
                0x00051c91                CMGetConnId
 .text.CMSetDevState
                0x00051ca7       0x44 depend_Debug_CSR102x_A06\cm_private.o
                0x00051ca7                CMSetDevState
 .text.CMSetDeviceBondState
                0x00051ceb       0x11 depend_Debug_CSR102x_A06\cm_private.o
                0x00051ceb                CMSetDeviceBondState
 .text.CMSetDeviceEncryptState
                0x00051cfc       0x18 depend_Debug_CSR102x_A06\cm_private.o
                0x00051cfc                CMSetDeviceEncryptState
 .text.CMReportPanic
                0x00051d14        0x7 depend_Debug_CSR102x_A06\cm_private.o
                0x00051d14                CMReportPanic
 .text.CMProcessEvent
                0x00051d1b      0x151 depend_Debug_CSR102x_A06\cm_private.o
                0x00051d1b                CMProcessEvent
 .text.getFreeIndex
                0x00051e6c       0x27 depend_Debug_CSR102x_A06\cm_security.o
 .text.storeBondedDeviceInfo
                0x00051e93       0x47 depend_Debug_CSR102x_A06\cm_security.o
 .text.readBondingInfoFromNVM
                0x00051eda       0x6e depend_Debug_CSR102x_A06\cm_security.o
 .text.handleSignalSmKeysInd
                0x00051f48       0x33 depend_Debug_CSR102x_A06\cm_security.o
 .text.handleSignalSMLongTermKeyInd
                0x00051f7b       0x69 depend_Debug_CSR102x_A06\cm_security.o
 .text.handleSignalSmSimplePairingCompleteInd
                0x00051fe4       0x52 depend_Debug_CSR102x_A06\cm_security.o
 .text.handleSignalSmDivApproveInd
                0x00052036       0x36 depend_Debug_CSR102x_A06\cm_security.o
 .text.handleSignalSmPairingAuthInd
                0x0005206c       0x11 depend_Debug_CSR102x_A06\cm_security.o
 .text.handleSignalLMEncryptionChange
                0x0005207d       0x34 depend_Debug_CSR102x_A06\cm_security.o
 .text.handleSignalSmPasskeyInputInd
                0x000520b1       0x1c depend_Debug_CSR102x_A06\cm_security.o
 .text.handleSignalSmkeyRequestInd
                0x000520cd       0x2c depend_Debug_CSR102x_A06\cm_security.o
 .text.CMSecurityInit
                0x000520f9       0x2d depend_Debug_CSR102x_A06\cm_security.o
                0x000520f9                CMSecurityInit
 .text.CMIsDeviceBonded
                0x00052126       0x4e depend_Debug_CSR102x_A06\cm_security.o
                0x00052126                CMIsDeviceBonded
 .text.CMGetBondId
                0x00052174       0x4e depend_Debug_CSR102x_A06\cm_security.o
                0x00052174                CMGetBondId
 .text.CMGetBondedBDAddr
                0x000521c2       0x21 depend_Debug_CSR102x_A06\cm_security.o
                0x000521c2                CMGetBondedBDAddr
 .text.ClearBondingInfo
                0x000521e3       0x57 depend_Debug_CSR102x_A06\cm_security.o
                0x000521e3                ClearBondingInfo
 .text.CMSecurityHandleProcessLMEvent
                0x0005223a       0x63 depend_Debug_CSR102x_A06\cm_security.o
                0x0005223a                CMSecurityHandleProcessLMEvent
 .text.handleSignalGattAddDbCfm
                0x0005229d       0x11 depend_Debug_CSR102x_A06\cm_server.o
 .text.handleGattCharValNotificationCfm
                0x000522ae       0x1d depend_Debug_CSR102x_A06\cm_server.o
 .text.handleGattCharValIndicationCfm
                0x000522cb       0x1d depend_Debug_CSR102x_A06\cm_server.o
 .text.handleSignalGattAccessInd
                0x000522e8       0x6e depend_Debug_CSR102x_A06\cm_server.o
 .text.CMServerInit
                0x00052356       0x25 depend_Debug_CSR102x_A06\cm_server.o
                0x00052356                CMServerInit
 .text.CMServerInitRegisterHandler
                0x0005237b       0x2d depend_Debug_CSR102x_A06\cm_server.o
                0x0005237b                CMServerInitRegisterHandler
 .text.CMServerGetHandler
                0x000523a8       0x2a depend_Debug_CSR102x_A06\cm_server.o
                0x000523a8                CMServerGetHandler
 .text.CMServerNotifyGenericEvent
                0x000523d2       0x2f depend_Debug_CSR102x_A06\cm_server.o
                0x000523d2                CMServerNotifyGenericEvent
 .text.CMServerNotifyGattEvent
                0x00052401       0x1a depend_Debug_CSR102x_A06\cm_server.o
                0x00052401                CMServerNotifyGattEvent
 .text.CMSendAccessRsp
                0x0005241b       0x1c depend_Debug_CSR102x_A06\cm_server.o
                0x0005241b                CMSendAccessRsp
 .text.CMSendValueNotificationExt
                0x00052437        0x6 depend_Debug_CSR102x_A06\cm_server.o
                0x00052437                CMSendValueNotificationExt
 .text.CMSendValueNotification
                0x0005243d        0x7 depend_Debug_CSR102x_A06\cm_server.o
                0x0005243d                CMSendValueNotification
 .text.CMServerHandleProcessLMEvent
                0x00052444       0x34 depend_Debug_CSR102x_A06\cm_server.o
                0x00052444                CMServerHandleProcessLMEvent
 .text.CMObserverInit
                0x00052478        0x4 depend_Debug_CSR102x_A06\cm_observer.o
                0x00052478                CMObserverInit
 .text.CMObserverEnableRawReports
                0x0005247c        0x6 depend_Debug_CSR102x_A06\cm_observer.o
                0x0005247c                CMObserverEnableRawReports
 .text.CMObserverHandleProcessLMEvent
                0x00052482       0x25 depend_Debug_CSR102x_A06\cm_observer.o
                0x00052482                CMObserverHandleProcessLMEvent
 .text.advertisingExit
                0x000524a7       0x13 depend_Debug_CSR102x_A06\cm_peripheral.o
 .text.addDeviceNameToAdvData
                0x000524ba       0x4a depend_Debug_CSR102x_A06\cm_peripheral.o
 .text.addDeviceNameToScanRspData
                0x00052504       0x2a depend_Debug_CSR102x_A06\cm_peripheral.o
 .text.gattAdvertTimerHandler
                0x0005252e       0x24 depend_Debug_CSR102x_A06\cm_peripheral.o
 .text.addAdvScanData
                0x00052552       0x8a depend_Debug_CSR102x_A06\cm_peripheral.o
 .text.startAdvertisements
                0x000525dc      0x12e depend_Debug_CSR102x_A06\cm_peripheral.o
 .text.handleSignalGattConnectCfm
                0x0005270a        0xe depend_Debug_CSR102x_A06\cm_peripheral.o
 .text.handleSignalLsCancelConnectCfm
                0x00052718       0x27 depend_Debug_CSR102x_A06\cm_peripheral.o
 .text.CMPeripheralInit
                0x0005273f        0xa depend_Debug_CSR102x_A06\cm_peripheral.o
                0x0005273f                CMPeripheralInit
 .text.CMSetAdvState
                0x00052749       0x24 depend_Debug_CSR102x_A06\cm_peripheral.o
                0x00052749                CMSetAdvState
 .text.CMGetAdvState
                0x0005276d        0x3 depend_Debug_CSR102x_A06\cm_peripheral.o
                0x0005276d                CMGetAdvState
 .text.CMPeripheralDirectAdvTimeout
                0x00052770       0x17 depend_Debug_CSR102x_A06\cm_peripheral.o
                0x00052770                CMPeripheralDirectAdvTimeout
 .text.CMIsAdvertising
                0x00052787        0xc depend_Debug_CSR102x_A06\cm_peripheral.o
                0x00052787                CMIsAdvertising
 .text.CMPeripheralHandleProcessLmEvent
                0x00052793       0x1a depend_Debug_CSR102x_A06\cm_peripheral.o
                0x00052793                CMPeripheralHandleProcessLmEvent
 .text.connTimerHandler
                0x000527ad        0xc depend_Debug_CSR102x_A06\cm_central.o
 .text.interestedDevice
                0x000527b9      0x152 depend_Debug_CSR102x_A06\cm_central.o
 .text.handleSignalGattConnectCfm
                0x0005290b       0x14 depend_Debug_CSR102x_A06\cm_central.o
 .text.handleSignalLsCancelConnectCfm
                0x0005291f       0x12 depend_Debug_CSR102x_A06\cm_central.o
 .text.CMCentralInit
                0x00052931        0xa depend_Debug_CSR102x_A06\cm_central.o
                0x00052931                CMCentralInit
 .text.CMSetScanState
                0x0005293b       0x15 depend_Debug_CSR102x_A06\cm_central.o
                0x0005293b                CMSetScanState
 .text.CMGetScanState
                0x00052950        0x3 depend_Debug_CSR102x_A06\cm_central.o
                0x00052950                CMGetScanState
 .text.CMSetConnState
                0x00052953       0x15 depend_Debug_CSR102x_A06\cm_central.o
                0x00052953                CMSetConnState
 .text.CMGetConnState
                0x00052968        0x3 depend_Debug_CSR102x_A06\cm_central.o
                0x00052968                CMGetConnState
 .text.CMCentralStopScanning
                0x0005296b       0x1a depend_Debug_CSR102x_A06\cm_central.o
                0x0005296b                CMCentralStopScanning
 .text.CMCentralConnect
                0x00052985       0x42 depend_Debug_CSR102x_A06\cm_central.o
                0x00052985                CMCentralConnect
 .text.CMCentralCancelConnect
                0x000529c7       0x10 depend_Debug_CSR102x_A06\cm_central.o
                0x000529c7                CMCentralCancelConnect
 .text.CMCentralHandleProcessLMEvent
                0x000529d7       0x44 depend_Debug_CSR102x_A06\cm_central.o
                0x000529d7                CMCentralHandleProcessLMEvent
 .text.notifyDiscoveryComplete
                0x00052a1b       0x53 depend_Debug_CSR102x_A06\cm_client.o
 .text.getInstanceAndHandler
                0x00052a6e       0x5c depend_Debug_CSR102x_A06\cm_client.o
 .text.instanceFree
                0x00052aca       0x22 depend_Debug_CSR102x_A06\cm_client.o
 .text.continueDiscovery
                0x00052aec       0x59 depend_Debug_CSR102x_A06\cm_client.o
 .text.moreCharDiscriptors
                0x00052b45       0x27 depend_Debug_CSR102x_A06\cm_client.o
 .text.moreCharacteristics
                0x00052b6c       0x49 depend_Debug_CSR102x_A06\cm_client.o
 .text.discoveryComplete
                0x00052bb5        0xb depend_Debug_CSR102x_A06\cm_client.o
 .text.discoverAllPrimaryServices
                0x00052bc0        0x7 depend_Debug_CSR102x_A06\cm_client.o
 .text.discoverServiceChar
                0x00052bc7       0x12 depend_Debug_CSR102x_A06\cm_client.o
 .text.discoverCharacteristicDesc
                0x00052bd9       0x1e depend_Debug_CSR102x_A06\cm_client.o
 .text.handleGenericDiscoverServiceInd
                0x00052bf7       0x82 depend_Debug_CSR102x_A06\cm_client.o
 .text.handleGenericServiceDiscoverAllPrimaryServiceCfm
                0x00052c79       0x68 depend_Debug_CSR102x_A06\cm_client.o
 .text.handleGenericGattServiceCharacteristicDeclarationInfoInd
                0x00052ce1       0x51 depend_Debug_CSR102x_A06\cm_client.o
 .text.handleGenericGattDiscoverServiceCharacteristicCfm
                0x00052d32       0x26 depend_Debug_CSR102x_A06\cm_client.o
 .text.handleGenericGattCharacteristicDescriptorInfoInd
                0x00052d58       0x40 depend_Debug_CSR102x_A06\cm_client.o
 .text.handleGenericGattCharacteristicDescriptorCfm
                0x00052d98       0x23 depend_Debug_CSR102x_A06\cm_client.o
 .text.handleSignalWriteCharValCfm
                0x00052dbb       0x2f depend_Debug_CSR102x_A06\cm_client.o
 .text.handleSignalReadCharValCfm
                0x00052dea       0x31 depend_Debug_CSR102x_A06\cm_client.o
 .text.handleSignalNotificationCharValInd
                0x00052e1b       0x2b depend_Debug_CSR102x_A06\cm_client.o
 .text.handleSignalIndicationCharValInd
                0x00052e46       0x2a depend_Debug_CSR102x_A06\cm_client.o
 .text.CMClientInit
                0x00052e70       0x17 depend_Debug_CSR102x_A06\cm_client.o
                0x00052e70                CMClientInit
 .text.CMClientInitRegisterHandler
                0x00052e87       0x1f depend_Debug_CSR102x_A06\cm_client.o
                0x00052e87                CMClientInitRegisterHandler
 .text.CMClientNotifyGenericEvent
                0x00052ea6       0x34 depend_Debug_CSR102x_A06\cm_client.o
                0x00052ea6                CMClientNotifyGenericEvent
 .text.CMClientNotifyGattEvent
                0x00052eda       0x1a depend_Debug_CSR102x_A06\cm_client.o
                0x00052eda                CMClientNotifyGattEvent
 .text.CMClientWriteRequest
                0x00052ef4       0x25 depend_Debug_CSR102x_A06\cm_client.o
                0x00052ef4                CMClientWriteRequest
 .text.CMClientStartDiscovery
                0x00052f19       0x1b depend_Debug_CSR102x_A06\cm_client.o
                0x00052f19                CMClientStartDiscovery
 .text.CMClientFindDevice
                0x00052f34       0x20 depend_Debug_CSR102x_A06\cm_client.o
                0x00052f34                CMClientFindDevice
 .text.CMClientCheckHandleRange
                0x00052f54       0x13 depend_Debug_CSR102x_A06\cm_client.o
                0x00052f54                CMClientCheckHandleRange
 .text.CMClientHandleProcessLMEvent
                0x00052f67       0x4d depend_Debug_CSR102x_A06\cm_client.o
                0x00052f67                CMClientHandleProcessLMEvent
 .text.ReadBatteryLevel
                0x00052fb4       0x6d depend_Debug_CSR102x_A06\battery_hw.o
                0x00052fb4                ReadBatteryLevel
 .text.SendLowBatteryIndication
                0x00053021        0x8 depend_Debug_CSR102x_A06\battery_hw.o
                0x00053021                SendLowBatteryIndication
 .text.setPioMask
                0x00053029       0x37 depend_Debug_CSR102x_A06\iot_hw.o
                0x00053029                setPioMask
 .text.IOTSwitchInit
                0x00053060       0x74 depend_Debug_CSR102x_A06\iot_hw.o
                0x00053060                IOTSwitchInit
 .text.GetIOTSwitchMask
                0x000530d4       0x18 depend_Debug_CSR102x_A06\iot_hw.o
                0x000530d4                GetIOTSwitchMask
 .text.getPsKeyOffset
                0x000530ec       0x1b depend_Debug_CSR102x_A06\csr_mesh_ps_ifce.o
 .text.CSRmeshPsInit
                0x00053107        0x2 depend_Debug_CSR102x_A06\csr_mesh_ps_ifce.o
                0x00053107                CSRmeshPsInit
 .text.CSRmeshIsPsReadyForAccess
                0x00053109       0x1f depend_Debug_CSR102x_A06\csr_mesh_ps_ifce.o
                0x00053109                CSRmeshIsPsReadyForAccess
 .text.CSRmeshPsReadSecureKey
                0x00053128        0x4 depend_Debug_CSR102x_A06\csr_mesh_ps_ifce.o
                0x00053128                CSRmeshPsReadSecureKey
 .text.CSRmeshPsRead
                0x0005312c        0xc depend_Debug_CSR102x_A06\csr_mesh_ps_ifce.o
                0x0005312c                CSRmeshPsRead
 .text.CSRmeshPsSecureRead
                0x00053138        0xc depend_Debug_CSR102x_A06\csr_mesh_ps_ifce.o
                0x00053138                CSRmeshPsSecureRead
 .text.CSRmeshPsWrite
                0x00053144        0xc depend_Debug_CSR102x_A06\csr_mesh_ps_ifce.o
                0x00053144                CSRmeshPsWrite
 .text.CSRmeshPsWriteWithOffset
                0x00053150        0xd depend_Debug_CSR102x_A06\csr_mesh_ps_ifce.o
                0x00053150                CSRmeshPsWriteWithOffset
 .text.CSRmeshPsSecureWrite
                0x0005315d        0xc depend_Debug_CSR102x_A06\csr_mesh_ps_ifce.o
                0x0005315d                CSRmeshPsSecureWrite
 .text.attnTimerHandler
                0x00053169        0xa depend_Debug_CSR102x_A06\core_mesh_handler.o
 .text.appProcessMeshEvent
                0x00053173      0x17f depend_Debug_CSR102x_A06\core_mesh_handler.o
 .text.deviceIdAdvertTimeoutHandler
                0x000532f2       0x5f depend_Debug_CSR102x_A06\core_mesh_handler.o
 .text.InitiateAssociation
                0x00053351       0x23 depend_Debug_CSR102x_A06\core_mesh_handler.o
                0x00053351                InitiateAssociation
 .text.AppUpdateBearerState
                0x00053374       0x13 depend_Debug_CSR102x_A06\core_mesh_handler.o
                0x00053374                AppUpdateBearerState
 .text.AppGetAssociatedState
                0x00053387        0x5 depend_Debug_CSR102x_A06\core_mesh_handler.o
                0x00053387                AppGetAssociatedState
 .text.IsGattBearerEnabled
                0x0005338c        0x6 depend_Debug_CSR102x_A06\core_mesh_handler.o
                0x0005338c                IsGattBearerEnabled
 .text.AppGetStoredBearerState
                0x00053392        0xb depend_Debug_CSR102x_A06\core_mesh_handler.o
                0x00053392                AppGetStoredBearerState
 .text.MeshHandlerInit
                0x0005339d        0xb depend_Debug_CSR102x_A06\core_mesh_handler.o
                0x0005339d                MeshHandlerInit
 .text.AppGetCurrentTTL
                0x000533a8        0x5 depend_Debug_CSR102x_A06\core_mesh_handler.o
                0x000533a8                AppGetCurrentTTL
 .text.AppSetTxPower
                0x000533ad       0x33 depend_Debug_CSR102x_A06\core_mesh_handler.o
                0x000533ad                AppSetTxPower
 .text.AppInitializeSeqCache
                0x000533e0        0x3 depend_Debug_CSR102x_A06\core_mesh_handler.o
                0x000533e0                AppInitializeSeqCache
 .text.AppClearSeqCache
                0x000533e3        0x4 depend_Debug_CSR102x_A06\core_mesh_handler.o
                0x000533e3                AppClearSeqCache
 .text.ReportPanic
                0x000533e7        0x7 depend_Debug_CSR102x_A06\app_util.o
                0x000533e7                ReportPanic
 .text.getCmInitParams
                0x000533ee       0x33 depend_Debug_CSR102x_A06\connection_handler.o
 .text.handleCmInitCfm
                0x00053421       0x11 depend_Debug_CSR102x_A06\connection_handler.o
 .text.connTimeoutHandler
                0x00053432       0x18 depend_Debug_CSR102x_A06\connection_handler.o
 .text.handleConnNotify
                0x0005344a       0xe3 depend_Debug_CSR102x_A06\connection_handler.o
 .text.handleBondNotify
                0x0005352d        0xe depend_Debug_CSR102x_A06\connection_handler.o
 .text.handleEncryptionChangeNotify
                0x0005353b        0xb depend_Debug_CSR102x_A06\connection_handler.o
 .text.handleCmConnectionUpdated
                0x00053546       0x3f depend_Debug_CSR102x_A06\connection_handler.o
 .text.handleCmAdvReport
                0x00053585        0x9 depend_Debug_CSR102x_A06\connection_handler.o
 .text.startDiscoveryTimeout
                0x0005358e        0xe depend_Debug_CSR102x_A06\connection_handler.o
 .text.startGattDiscovery
                0x0005359c       0x1e depend_Debug_CSR102x_A06\connection_handler.o
 .text.handleDiscoveryComplete
                0x000535ba       0x2d depend_Debug_CSR102x_A06\connection_handler.o
 .text.handleCmRawAdvReportInd
                0x000535e7       0x5e depend_Debug_CSR102x_A06\connection_handler.o
 .text.appHandleConnMgrProcEvent
                0x00053645       0x46 depend_Debug_CSR102x_A06\connection_handler.o
 .text.AppCMInit
                0x0005368b        0xf depend_Debug_CSR102x_A06\connection_handler.o
                0x0005368b                AppCMInit
 .text.InitialiseGattData
                0x0005369a       0x22 depend_Debug_CSR102x_A06\connection_handler.o
                0x0005369a                InitialiseGattData
 .text.GetConnectedDeviceId
                0x000536bc        0x3 depend_Debug_CSR102x_A06\connection_handler.o
                0x000536bc                GetConnectedDeviceId
 .text.AppSetState
                0x000536bf       0x2f depend_Debug_CSR102x_A06\connection_handler.o
                0x000536bf                AppSetState
 .text.AppRequestConnParamUpdate
                0x000536ee       0x40 depend_Debug_CSR102x_A06\connection_handler.o
                0x000536ee                AppRequestConnParamUpdate
 .text.GaiaOtauInProgress
                0x0005372e       0x1e depend_Debug_CSR102x_A06\connection_handler.o
                0x0005372e                GaiaOtauInProgress
 .text.IsGaiaOtauInProgress
                0x0005374c        0x3 depend_Debug_CSR102x_A06\connection_handler.o
                0x0005374c                IsGaiaOtauInProgress
 .text.GaiaOtauUpgradedApplication
                0x0005374f        0x6 depend_Debug_CSR102x_A06\connection_handler.o
                0x0005374f                GaiaOtauUpgradedApplication
 .text.IsGaiaOtauUpgradedApplication
                0x00053755        0x3 depend_Debug_CSR102x_A06\connection_handler.o
                0x00053755                IsGaiaOtauUpgradedApplication
 .text.GetConnInterval
                0x00053758        0x3 depend_Debug_CSR102x_A06\connection_handler.o
                0x00053758                GetConnInterval
 .text.AppConfigureNextService
                0x0005375b       0x19 depend_Debug_CSR102x_A06\connection_handler.o
                0x0005375b                AppConfigureNextService
 .text.SendConnectRequest
                0x00053774       0x12 depend_Debug_CSR102x_A06\connection_handler.o
                0x00053774                SendConnectRequest
 .text.AppSendConnectRequest
                0x00053786       0x2f depend_Debug_CSR102x_A06\connection_handler.o
                0x00053786                AppSendConnectRequest
 .text.AppGetLastConnectedAddress
                0x000537b5        0xa depend_Debug_CSR102x_A06\connection_handler.o
                0x000537b5                AppGetLastConnectedAddress
 .text.getSupported16BitUUIDServiceList
                0x000537bf       0x23 depend_Debug_CSR102x_A06\advertisement_handler.o
 .text.csrStoreUserAdvData
                0x000537e2       0x48 depend_Debug_CSR102x_A06\advertisement_handler.o
 .text.addDeviceNameToAdvData
                0x0005382a       0x57 depend_Debug_CSR102x_A06\advertisement_handler.o
 .text.gattSetAdvertData
                0x00053881       0x5d depend_Debug_CSR102x_A06\advertisement_handler.o
 .text.gattAdvertTimerHandler
                0x000538de        0xc depend_Debug_CSR102x_A06\advertisement_handler.o
 .text.GattTriggerConnectableAdverts
                0x000538ea       0xb3 depend_Debug_CSR102x_A06\advertisement_handler.o
                0x000538ea                GattTriggerConnectableAdverts
 .text.GattStopAdverts
                0x0005399d        0xa depend_Debug_CSR102x_A06\advertisement_handler.o
                0x0005399d                GattStopAdverts
 .text.handleConnParamUpdateCallback
                0x000539a7        0xd depend_Debug_CSR102x_A06\app_otau_handler.o
 .text.otauCallbackUpdateStarting
                0x000539b4       0x35 depend_Debug_CSR102x_A06\app_otau_handler.o
 .text.updateStoreType
                0x000539e9       0x18 depend_Debug_CSR102x_A06\app_otau_handler.o
 .text.otauCallbackValidateHeaderID
                0x00053a01       0x1c depend_Debug_CSR102x_A06\app_otau_handler.o
 .text.otauCallbackValidateHeaderBody
                0x00053a1d      0x135 depend_Debug_CSR102x_A06\app_otau_handler.o
 .text.otauCallbackHandlePartitionInfo
                0x00053b52       0x15 depend_Debug_CSR102x_A06\app_otau_handler.o
 .text.appHandleGaiaOtauEvent
                0x00053b67       0x3a depend_Debug_CSR102x_A06\app_otau_handler.o
 .text.appHandleGaiaEvent
                0x00053ba1       0x1d depend_Debug_CSR102x_A06\app_otau_handler.o
 .text.AppGaiaOtauInit
                0x00053bbe        0xf depend_Debug_CSR102x_A06\app_otau_handler.o
                0x00053bbe                AppGaiaOtauInit
 .text.AppGaiaOtauDataInit
                0x00053bcd        0xe depend_Debug_CSR102x_A06\app_otau_handler.o
                0x00053bcd                AppGaiaOtauDataInit
 .text.StopScanning
                0x00053bdb       0x10 depend_Debug_CSR102x_A06\scan_handler.o
                0x00053bdb                StopScanning
 .text.resetOtauTransferStateData
                0x00053beb       0x16 depend_Debug_CSR102x_A06\app_otau_client_handler.o
 .text.readDataFromNVM
                0x00053c01      0x110 depend_Debug_CSR102x_A06\app_otau_client_handler.o
 .text.updatePreviousStore
                0x00053d11       0x48 depend_Debug_CSR102x_A06\app_otau_client_handler.o
 .text.startSHA256sum
                0x00053d59       0x3e depend_Debug_CSR102x_A06\app_otau_client_handler.o
 .text.setCalculateHashStatus
                0x00053d97        0xf depend_Debug_CSR102x_A06\app_otau_client_handler.o
 .text.startUpgradeTimerExpiry
                0x00053da6       0x12 depend_Debug_CSR102x_A06\app_otau_client_handler.o
 .text.gaiaClientDataTransferEvent
                0x00053db8      0x1b5 depend_Debug_CSR102x_A06\app_otau_client_handler.o
 .text.gaiaClientConnNotifyEvent
                0x00053f6d       0x24 depend_Debug_CSR102x_A06\app_otau_client_handler.o
 .text.appHandleGaiaOtauClientEvent
                0x00053f91       0x58 depend_Debug_CSR102x_A06\app_otau_client_handler.o
 .text.handleAnnounceTimerExpiry
                0x00053fe9        0x9 depend_Debug_CSR102x_A06\app_otau_client_handler.o
 .text.AppOtauClientInit
                0x00053ff2        0x7 depend_Debug_CSR102x_A06\app_otau_client_handler.o
                0x00053ff2                AppOtauClientInit
 .text.GaiaAppClientInit
                0x00053ff9       0xd6 depend_Debug_CSR102x_A06\app_otau_client_handler.o
                0x00053ff9                GaiaAppClientInit
 .text.StoreHeaderDataToNVM
                0x000540cf       0x14 depend_Debug_CSR102x_A06\app_otau_client_handler.o
                0x000540cf                StoreHeaderDataToNVM
 .text.StorePartitionDataToNVM
                0x000540e3       0x30 depend_Debug_CSR102x_A06\app_otau_client_handler.o
                0x000540e3                StorePartitionDataToNVM
 .text.StoreRelayStoreInfo
                0x00054113       0x2e depend_Debug_CSR102x_A06\app_otau_client_handler.o
                0x00054113                StoreRelayStoreInfo
 .text.StorePartitionSignatureToNVM
                0x00054141       0x28 depend_Debug_CSR102x_A06\app_otau_client_handler.o
                0x00054141                StorePartitionSignatureToNVM
 .text.GaiaOtauSetCommitStatus
                0x00054169        0xf depend_Debug_CSR102x_A06\app_otau_client_handler.o
                0x00054169                GaiaOtauSetCommitStatus
 .text.GaiaOtauSetRelayStore
                0x00054178       0x7c depend_Debug_CSR102x_A06\app_otau_client_handler.o
                0x00054178                GaiaOtauSetRelayStore
 .text.SendLOTAnnouncePacket
                0x000541f4       0xb9 depend_Debug_CSR102x_A06\app_otau_client_handler.o
                0x000541f4                SendLOTAnnouncePacket
 .text.GaiaOtauClientConfigStoreMsg
                0x000542ad       0x23 depend_Debug_CSR102x_A06\app_otau_client_handler.o
                0x000542ad                GaiaOtauClientConfigStoreMsg
 .text.GaiaOtauClientHandleStoreUpdateMsg
                0x000542d0       0x89 depend_Debug_CSR102x_A06\app_otau_client_handler.o
                0x000542d0                GaiaOtauClientHandleStoreUpdateMsg
 .text.extendedMsgHandler
                0x00054359       0xdd depend_Debug_CSR102x_A06\extension_model_handler.o
 .text.extensionModelEventHandler
                0x00054436        0xd depend_Debug_CSR102x_A06\extension_model_handler.o
 .text.ExtensionModelHandlerInit
                0x00054443       0x21 depend_Debug_CSR102x_A06\extension_model_handler.o
                0x00054443                ExtensionModelHandlerInit
 .text.ExtensionModelDataInit
                0x00054464        0xa depend_Debug_CSR102x_A06\extension_model_handler.o
                0x00054464                ExtensionModelDataInit
 .text.ProcessRxData
                0x0005446e      0x15e depend_Debug_CSR102x_A06\extension_model_handler.o
                0x0005446e                ProcessRxData
 .text.serviceDataInit
                0x000545cc       0x1f depend_Debug_CSR102x_A06\gap_service.o
 .text.updateDeviceName
                0x000545eb       0x21 depend_Debug_CSR102x_A06\gap_service.o
 .text.writeDeviceNameToNvm
                0x0005460c       0x14 depend_Debug_CSR102x_A06\gap_service.o
 .text.handleAccessRead
                0x00054620       0x39 depend_Debug_CSR102x_A06\gap_service.o
 .text.handleAccessWrite
                0x00054659       0x22 depend_Debug_CSR102x_A06\gap_service.o
 .text.handleConnMgrProcedureEvent
                0x0005467b       0x12 depend_Debug_CSR102x_A06\gap_service.o
 .text.GapGetNameAndLength
                0x0005468d        0xc depend_Debug_CSR102x_A06\gap_service.o
                0x0005468d                GapGetNameAndLength
 .text.GapInitServerServiceNoBond
                0x00054699       0x16 depend_Debug_CSR102x_A06\gap_service.o
                0x00054699                GapInitServerServiceNoBond
 .text.writeToNvm
                0x000546af       0x1c depend_Debug_CSR102x_A06\gatt_service.o
 .text.readDataFromNVM
                0x000546cb       0x34 depend_Debug_CSR102x_A06\gatt_service.o
 .text.handleConnNotify
                0x000546ff        0xf depend_Debug_CSR102x_A06\gatt_service.o
 .text.handleBondNotify
                0x0005470e       0x1e depend_Debug_CSR102x_A06\gatt_service.o
 .text.handleAccessRead
                0x0005472c       0x31 depend_Debug_CSR102x_A06\gatt_service.o
 .text.handleAccessWrite
                0x0005475d       0x42 depend_Debug_CSR102x_A06\gatt_service.o
 .text.handleConnMgrProcedureEvent
                0x0005479f       0x25 depend_Debug_CSR102x_A06\gatt_service.o
 .text.GattExtInitServerService
                0x000547c4       0x29 depend_Debug_CSR102x_A06\gatt_service.o
                0x000547c4                GattExtInitServerService
 .text.MeshControlServiceDataInit
                0x000547ed        0x7 depend_Debug_CSR102x_A06\mesh_control_service.o
                0x000547ed                MeshControlServiceDataInit
 .text.handleAccessRead
                0x000547f4       0x50 depend_Debug_CSR102x_A06\mesh_control_service.o
 .text.handleAccessWrite
                0x00054844       0xcc depend_Debug_CSR102x_A06\mesh_control_service.o
 .text.handleConnMgrProcedureEvent
                0x00054910       0x1a depend_Debug_CSR102x_A06\mesh_control_service.o
 .text.MeshControlInitServerService
                0x0005492a       0x16 depend_Debug_CSR102x_A06\mesh_control_service.o
                0x0005492a                MeshControlInitServerService
 .text.MeshControlNotifyResponse
                0x00054940       0x33 depend_Debug_CSR102x_A06\mesh_control_service.o
                0x00054940                MeshControlNotifyResponse
 .text.SetUint8InArray
                0x00054973        0xa depend_Debug_CSR102x_A06\byte_utils.o
                0x00054973                SetUint8InArray
 .text.SetUint16InArray
                0x0005497d       0x15 depend_Debug_CSR102x_A06\byte_utils.o
                0x0005497d                SetUint16InArray
 .text.SetUint32InArray
                0x00054992       0x2b depend_Debug_CSR102x_A06\byte_utils.o
                0x00054992                SetUint32InArray
 .text.GetUint8FromArray
                0x000549bd        0x5 depend_Debug_CSR102x_A06\byte_utils.o
                0x000549bd                GetUint8FromArray
 .text.GetUint16FromArray
                0x000549c2       0x11 depend_Debug_CSR102x_A06\byte_utils.o
                0x000549c2                GetUint16FromArray
 .text.GetUint32FromArray
                0x000549d3       0x5b depend_Debug_CSR102x_A06\byte_utils.o
                0x000549d3                GetUint32FromArray
 .text.SwapBytes
                0x00054a2e       0x2a depend_Debug_CSR102x_A06\byte_utils.o
                0x00054a2e                SwapBytes
 .text.BufReadUint16BE
                0x00054a58       0x1b depend_Debug_CSR102x_A06\byte_utils.o
                0x00054a58                BufReadUint16BE
 .text.notifyApplication
                0x00054a73       0x1c depend_Debug_CSR102x_A06\gaia.o
 .text.gaiaHandleStatusCommandAck
                0x00054a8f        0x4 depend_Debug_CSR102x_A06\gaia.o
 .text.gaiaHandleControlCommand
                0x00054a93       0x11 depend_Debug_CSR102x_A06\gaia.o
 .text.gaiaHandleDataTransferCommand
                0x00054aa4       0xf1 depend_Debug_CSR102x_A06\gaia.o
 .text.gaiaHandleNotificationCommand
                0x00054b95       0x5d depend_Debug_CSR102x_A06\gaia.o
 .text.gaiaHandleNotificationCommandAck
                0x00054bf2       0x18 depend_Debug_CSR102x_A06\gaia.o
 .text.GaiaLibInit
                0x00054c0a        0xd depend_Debug_CSR102x_A06\gaia.o
                0x00054c0a                GaiaLibInit
 .text.GaiaLibHandleConnNotify
                0x00054c17        0x4 depend_Debug_CSR102x_A06\gaia.o
                0x00054c17                GaiaLibHandleConnNotify
 .text.GAIAProcessCommand
                0x00054c1b       0x77 depend_Debug_CSR102x_A06\gaia.o
                0x00054c1b                GAIAProcessCommand
 .text.GaiaSendPacket
                0x00054c92       0x4d depend_Debug_CSR102x_A06\gaia.o
                0x00054c92                GaiaSendPacket
 .text.GaiaRegisterCallback
                0x00054cdf        0xa depend_Debug_CSR102x_A06\gaia.o
                0x00054cdf                GaiaRegisterCallback
 .text.initStateVariables
                0x00054ce9       0x25 depend_Debug_CSR102x_A06\gaia_otau.o
 .text.setDefaultNVM
                0x00054d0e       0x1d depend_Debug_CSR102x_A06\gaia_otau.o
 .text.saveCurrentNVM
                0x00054d2b       0x14 depend_Debug_CSR102x_A06\gaia_otau.o
 .text.readDataFromNVM
                0x00054d3f       0x23 depend_Debug_CSR102x_A06\gaia_otau.o
 .text.notifyApplication
                0x00054d62       0x1c depend_Debug_CSR102x_A06\gaia_otau.o
 .text.notifyApplicationRebootWarning
                0x00054d7e        0xa depend_Debug_CSR102x_A06\gaia_otau.o
 .text.runNewApp
                0x00054d88       0x16 depend_Debug_CSR102x_A06\gaia_otau.o
 .text.isNewApp
                0x00054d9e        0xd depend_Debug_CSR102x_A06\gaia_otau.o
 .text.getAppStoreToUpgrade
                0x00054dab       0x1a depend_Debug_CSR102x_A06\gaia_otau.o
 .text.upgradeDeviceSendErrorInd
                0x00054dc5       0x48 depend_Debug_CSR102x_A06\gaia_otau.o
 .text.upgradeDeviceSendValidationCfm
                0x00054e0d       0x46 depend_Debug_CSR102x_A06\gaia_otau.o
 .text.upgradeDeviceSendTransferCompleteInd
                0x00054e53       0x36 depend_Debug_CSR102x_A06\gaia_otau.o
 .text.upgradeDeviceSendStartCfm
                0x00054e89       0x53 depend_Debug_CSR102x_A06\gaia_otau.o
 .text.upgradeDeviceSendDataBytesReq
                0x00054edc       0x5c depend_Debug_CSR102x_A06\gaia_otau.o
 .text.upgradeDeviceSendSyncCfm
                0x00054f38       0x64 depend_Debug_CSR102x_A06\gaia_otau.o
 .text.upgradeDeviceSendAbortCfm
                0x00054f9c       0x36 depend_Debug_CSR102x_A06\gaia_otau.o
 .text.upgradeDeviceSendUpdateCommitReq
                0x00054fd2       0x36 depend_Debug_CSR102x_A06\gaia_otau.o
 .text.upgradeDeviceSendUpdateCompleteInd
                0x00055008       0x36 depend_Debug_CSR102x_A06\gaia_otau.o
 .text.startSHA256sum
                0x0005503e       0x2f depend_Debug_CSR102x_A06\gaia_otau.o
 .text.storage_size_encode
                0x0005506d       0x70 depend_Debug_CSR102x_A06\gaia_otau.o
 .text.isPartitionHeader
                0x000550dd       0x16 depend_Debug_CSR102x_A06\gaia_otau.o
 .text.isFooterHeader
                0x000550f3       0x16 depend_Debug_CSR102x_A06\gaia_otau.o
 .text.handleOtauFileTransfer
                0x00055109      0x2e3 depend_Debug_CSR102x_A06\gaia_otau.o
 .text.hostCommitTimeoutHandler
                0x000553ec       0x18 depend_Debug_CSR102x_A06\gaia_otau.o
 .text.hostCommitTimeoutCreate
                0x00055404       0x1a depend_Debug_CSR102x_A06\gaia_otau.o
 .text.hostCommitTimeoutDelete
                0x0005541e        0xa depend_Debug_CSR102x_A06\gaia_otau.o
 .text.GaiaOtauInit
                0x00055428       0x2f depend_Debug_CSR102x_A06\gaia_otau.o
                0x00055428                GaiaOtauInit
 .text.GaiaOtauHandleConnNotify
                0x00055457       0x28 depend_Debug_CSR102x_A06\gaia_otau.o
                0x00055457                GaiaOtauHandleConnNotify
 .text.handleVmUpgradeHostSyncReq
                0x0005547f       0x49 depend_Debug_CSR102x_A06\gaia_otau.o
 .text.GaiaOtauHandleVmUpgradeControlCommand
                0x000554c8       0xdb depend_Debug_CSR102x_A06\gaia_otau.o
                0x000554c8                GaiaOtauHandleVmUpgradeControlCommand
 .text.GaiaOtauHandleStoreUpdateMsg
                0x000555a3       0xd4 depend_Debug_CSR102x_A06\gaia_otau.o
                0x000555a3                GaiaOtauHandleStoreUpdateMsg
 .text.GaiaOtauConfigStoreMsg
                0x00055677       0x24 depend_Debug_CSR102x_A06\gaia_otau.o
                0x00055677                GaiaOtauConfigStoreMsg
 .text.GaiaOtauRegisterCallback
                0x0005569b        0xa depend_Debug_CSR102x_A06\gaia_otau.o
                0x0005569b                GaiaOtauRegisterCallback
 .text.GaiaOtauContinueUpgrade
                0x000556a5       0x12 depend_Debug_CSR102x_A06\gaia_otau.o
                0x000556a5                GaiaOtauContinueUpgrade
 .text.readDataFromNVM
                0x000556b7       0x23 depend_Debug_CSR102x_A06\gaia_service.o
 .text.handleAccessRead
                0x000556da       0x25 depend_Debug_CSR102x_A06\gaia_service.o
 .text.handleAccessWrite
                0x000556ff       0x52 depend_Debug_CSR102x_A06\gaia_service.o
 .text.handleConnNotify
                0x00055751        0x9 depend_Debug_CSR102x_A06\gaia_service.o
 .text.handleBondNotify
                0x0005575a       0x12 depend_Debug_CSR102x_A06\gaia_service.o
 .text.handleSignalNumberOfCompletedPackets
                0x0005576c       0x13 depend_Debug_CSR102x_A06\gaia_service.o
 .text.handleConnMgrProcedureEvent
                0x0005577f       0x1f depend_Debug_CSR102x_A06\gaia_service.o
 .text.GAIAInitServerService
                0x0005579e       0x20 depend_Debug_CSR102x_A06\gaia_service.o
                0x0005579e                GAIAInitServerService
 .text.GAIASendNotification
                0x000557be       0x30 depend_Debug_CSR102x_A06\gaia_service.o
                0x000557be                GAIASendNotification
 .text.HextoASCII
                0x000557ee       0x10 depend_Debug_CSR102x_A06\main_app.o
                0x000557ee                HextoASCII
 .text.configStoreProcessEvent
                0x000557fe       0x96 depend_Debug_CSR102x_A06\main_app.o
 .text.readUserKeys
                0x00055894        0xa depend_Debug_CSR102x_A06\main_app.o
 .text.InitAppSupportedServices
                0x0005589e       0x2c depend_Debug_CSR102x_A06\main_app.o
                0x0005589e                InitAppSupportedServices
 .text.AppDataInit
                0x000558ca        0x8 depend_Debug_CSR102x_A06\main_app.o
                0x000558ca                AppDataInit
 .text.AppInit  0x000558d2       0x21 depend_Debug_CSR102x_A06\main_app.o
                0x000558d2                AppInit
 .text.appUserReadIndCallback
                0x000558f3       0x84 depend_Debug_CSR102x_A06\main_app.o
 .text.AppNvmReady
                0x00055977       0x11 depend_Debug_CSR102x_A06\main_app.o
                0x00055977                AppNvmReady
 .text.AppProcessSystemEvent
                0x00055988       0x12 depend_Debug_CSR102x_A06\main_app.o
                0x00055988                AppProcessSystemEvent
 .text.AppProcessEvent
                0x0005599a       0x47 depend_Debug_CSR102x_A06\main_app.o
                0x0005599a                AppProcessEvent
 .text.setMeshConfigParams
                0x000559e1       0x13 depend_Debug_CSR102x_A06\app_mesh_handler.o
 .text.setGenericConfigParams
                0x000559f4       0x1c depend_Debug_CSR102x_A06\app_mesh_handler.o
 .text.setLeConfigParams
                0x00055a10        0x8 depend_Debug_CSR102x_A06\app_mesh_handler.o
 .text.initializeSupportedModelData
                0x00055a18        0x4 depend_Debug_CSR102x_A06\app_mesh_handler.o
 .text.initializeSupportedModels
                0x00055a1c        0xa depend_Debug_CSR102x_A06\app_mesh_handler.o
 .text.initializeSupportedModelGroups
                0x00055a26       0x2e depend_Debug_CSR102x_A06\app_mesh_handler.o
                0x00055a26                initializeSupportedModelGroups
 .text.writeSupportedModelGroupsOntoNVM
                0x00055a54        0xb depend_Debug_CSR102x_A06\app_mesh_handler.o
                0x00055a54                writeSupportedModelGroupsOntoNVM
 .text.readSupportedModelGroupsFromNVM
                0x00055a5f        0xb depend_Debug_CSR102x_A06\app_mesh_handler.o
 .text.readPersistentStore
                0x00055a6a       0xa7 depend_Debug_CSR102x_A06\app_mesh_handler.o
 .text.AppMeshInit
                0x00055b11       0x44 depend_Debug_CSR102x_A06\app_mesh_handler.o
                0x00055b11                AppMeshInit
 .text.HandleGroupSetMsg
                0x00055b55       0x29 depend_Debug_CSR102x_A06\app_mesh_handler.o
                0x00055b55                HandleGroupSetMsg
 .text.RemoveAssociation
                0x00055b7e       0x4f depend_Debug_CSR102x_A06\app_mesh_handler.o
                0x00055b7e                RemoveAssociation
 .text.AppHandleAssociationComplete
                0x00055bcd       0x1a depend_Debug_CSR102x_A06\app_mesh_handler.o
                0x00055bcd                AppHandleAssociationComplete
 .text.IsAppAssociated
                0x00055be7        0xb depend_Debug_CSR102x_A06\app_mesh_handler.o
                0x00055be7                IsAppAssociated
 .text.UUIDrandom
                0x00055bf2       0x20 depend_Debug_CSR102x_A06\app_mesh_handler.o
                0x00055bf2                UUIDrandom
 .text.HandlePIOChangedEvent
                0x00055c12       0x2b depend_Debug_CSR102x_A06\app_hw.o
                0x00055c12                HandlePIOChangedEvent
 .text.LightHardwareInit
                0x00055c3d        0x4 depend_Debug_CSR102x_A06\app_hw.o
                0x00055c3d                LightHardwareInit
 .text.genUartCheckSum
                0x00055c41       0x1d depend_Debug_CSR102x_A06\ONESECOND.o
                0x00055c41                genUartCheckSum
 .text.timerCallbackUartRxedPinToLow
                0x00055c5e        0x8 depend_Debug_CSR102x_A06\ONESECOND.o
                0x00055c5e                timerCallbackUartRxedPinToLow
 .text.timerCallbackWaitUartTxAck
                0x00055c66        0xd depend_Debug_CSR102x_A06\ONESECOND.o
                0x00055c66                timerCallbackWaitUartTxAck
 .text.createUartTxAckTimeout
                0x00055c73       0x11 depend_Debug_CSR102x_A06\ONESECOND.o
                0x00055c73                createUartTxAckTimeout
 .text.timerCallbackUartTxedPinToLow
                0x00055c84        0x8 depend_Debug_CSR102x_A06\ONESECOND.o
                0x00055c84                timerCallbackUartTxedPinToLow
 .text.sendTxData
                0x00055c8c       0x1b depend_Debug_CSR102x_A06\ONESECOND.o
                0x00055c8c                sendTxData
 .text.setUartTxAckFlag
                0x00055ca7        0x6 depend_Debug_CSR102x_A06\ONESECOND.o
                0x00055ca7                setUartTxAckFlag
 .text.mainUartTxHandler
                0x00055cad       0x39 depend_Debug_CSR102x_A06\ONESECOND.o
                0x00055cad                mainUartTxHandler
 .text.copyToTXPacketBuffer
                0x00055ce6       0x20 depend_Debug_CSR102x_A06\uart_queue.o
                0x00055ce6                copyToTXPacketBuffer
 .text.getTXPacketBuff
                0x00055d06       0x25 depend_Debug_CSR102x_A06\uart_queue.o
                0x00055d06                getTXPacketBuff
 .text.appUartProcessReadIndEvent
                0x00055d2b       0x17 depend_Debug_CSR102x_A06\UARTMCU.o
 .text.appUartProcessWriteCfmEvent
                0x00055d42        0x3 depend_Debug_CSR102x_A06\UARTMCU.o
 .text.AppUartProcessEvent
                0x00055d45       0x23 depend_Debug_CSR102x_A06\UARTMCU.o
                0x00055d45                AppUartProcessEvent
 .text.UARTMCUinit
                0x00055d68       0x38 depend_Debug_CSR102x_A06\UARTMCU.o
                0x00055d68                UARTMCUinit
 .text.CSRmeshRegisterAppCallback
                0x00055da0       0x14 ..\mesh_common\mesh\libraries\CSR102x_A06\libcsrmesh.a(csr_mesh.o)
                0x00055da0                CSRmeshRegisterAppCallback
 .text.___libcsrmesh_85
                0x00055db4        0xc ..\mesh_common\mesh\libraries\CSR102x_A06\libcsrmesh.a(csr_mesh.o)
                0x00055db4                ___libcsrmesh_85
 .text.CSRmeshAssociateToANetwork
                0x00055dc0       0x18 ..\mesh_common\mesh\libraries\CSR102x_A06\libcsrmesh.a(csr_mesh.o)
                0x00055dc0                CSRmeshAssociateToANetwork
 .text.CSRmeshGetDefaultTTL
                0x00055dd8       0x1b ..\mesh_common\mesh\libraries\CSR102x_A06\libcsrmesh.a(csr_mesh.o)
                0x00055dd8                CSRmeshGetDefaultTTL
 .text.CSRmeshSetDefaultTTL
                0x00055df3       0x10 ..\mesh_common\mesh\libraries\CSR102x_A06\libcsrmesh.a(csr_mesh.o)
                0x00055df3                CSRmeshSetDefaultTTL
 .text.CSRmeshDisableSequenceCache
                0x00055e03        0x2 ..\mesh_common\mesh\libraries\CSR102x_A06\libcsrmesh.a(csr_mesh.o)
                0x00055e03                CSRmeshDisableSequenceCache
 .text.CSRmeshSetTransmitState
                0x00055e05       0x27 ..\mesh_common\mesh\libraries\CSR102x_A06\libcsrmesh.a(csr_mesh.o)
                0x00055e05                CSRmeshSetTransmitState
 .text.___libcsrmesh_84
                0x00055e2c        0x9 ..\mesh_common\mesh\libraries\CSR102x_A06\libcsrmesh.a(csr_mesh.o)
                0x00055e2c                ___libcsrmesh_84
 .text.___libcsrmesh_88
                0x00055e35       0x31 ..\mesh_common\mesh\libraries\CSR102x_A06\libcsrmesh.a(csr_mesh.o)
                0x00055e35                ___libcsrmesh_88
 .text.CSRmeshRemoveNetwork
                0x00055e66       0x24 ..\mesh_common\mesh\libraries\CSR102x_A06\libcsrmesh.a(csr_mesh.o)
                0x00055e66                CSRmeshRemoveNetwork
 .text.CSRMeshUpdateMeshContextData
                0x00055e8a       0x9a ..\mesh_common\mesh\libraries\CSR102x_A06\libcsrmesh.a(csr_mesh.o)
 .text.CSRmeshStop
                0x00055f24       0x18 ..\mesh_common\mesh\libraries\CSR102x_A06\libcsrmesh.a(csr_mesh.o)
                0x00055f24                CSRmeshStop
 .text.CSRmeshStart
                0x00055f3c       0x20 ..\mesh_common\mesh\libraries\CSR102x_A06\libcsrmesh.a(csr_mesh.o)
                0x00055f3c                CSRmeshStart
 .text.CSRMeshUpdateConfigRole
                0x00055f5c       0x14 ..\mesh_common\mesh\libraries\CSR102x_A06\libcsrmesh.a(csr_mesh.o)
 .text.CSRmeshInit
                0x00055f70       0x67 ..\mesh_common\mesh\libraries\CSR102x_A06\libcsrmesh.a(csr_mesh.o)
                0x00055f70                CSRmeshInit
 .text.___libcsrmesh_215
                0x00055fd7       0x22 ..\mesh_common\mesh\libraries\CSR102x_A06\libcsrmesh.a(csr_mesh_masp_mcp_common.o)
                0x00055fd7                ___libcsrmesh_215
 .text.___libcsrmesh_281
                0x00055ff9        0x5 ..\mesh_common\mesh\libraries\CSR102x_A06\libcsrmesh.a(csr_mesh_mtl.o)
                0x00055ff9                ___libcsrmesh_281
 .text.___libcsrmesh_273
                0x00055ffe        0x6 ..\mesh_common\mesh\libraries\CSR102x_A06\libcsrmesh.a(csr_mesh_mtl.o)
                0x00055ffe                ___libcsrmesh_273
 .text.___libcsrmesh_274
                0x00056004        0x5 ..\mesh_common\mesh\libraries\CSR102x_A06\libcsrmesh.a(csr_mesh_mtl.o)
                0x00056004                ___libcsrmesh_274
 .text.___libcsrmesh_270
                0x00056009        0x7 ..\mesh_common\mesh\libraries\CSR102x_A06\libcsrmesh.a(csr_mesh_mtl.o)
                0x00056009                ___libcsrmesh_270
 .text.___libcsrmesh_278
                0x00056010       0x6c ..\mesh_common\mesh\libraries\CSR102x_A06\libcsrmesh.a(csr_mesh_mtl.o)
                0x00056010                ___libcsrmesh_278
 .text.___libcsrmesh_282
                0x0005607c       0x21 ..\mesh_common\mesh\libraries\CSR102x_A06\libcsrmesh.a(csr_mesh_mtl.o)
                0x0005607c                ___libcsrmesh_282
 .text.___libcsrmesh_283
                0x0005609d       0x23 ..\mesh_common\mesh\libraries\CSR102x_A06\libcsrmesh.a(csr_mesh_mtl.o)
                0x0005609d                ___libcsrmesh_283
 .text.___libcsrmesh_272
                0x000560c0       0x2d ..\mesh_common\mesh\libraries\CSR102x_A06\libcsrmesh.a(csr_mesh_mtl.o)
                0x000560c0                ___libcsrmesh_272
 .text.MtlCryptMessage
                0x000560ed       0x28 ..\mesh_common\mesh\libraries\CSR102x_A06\libcsrmesh.a(csr_mesh_mtl.o)
 .text.___libcsrmesh_276
                0x00056115      0x22b ..\mesh_common\mesh\libraries\CSR102x_A06\libcsrmesh.a(csr_mesh_mtl.o)
                0x00056115                ___libcsrmesh_276
 .text.___libcsrmesh_279
                0x00056340       0x59 ..\mesh_common\mesh\libraries\CSR102x_A06\libcsrmesh.a(csr_mesh_mtl.o)
                0x00056340                ___libcsrmesh_279
 .text.___libcsrmesh_271
                0x00056399       0x1e ..\mesh_common\mesh\libraries\CSR102x_A06\libcsrmesh.a(csr_mesh_mtl.o)
                0x00056399                ___libcsrmesh_271
 .text.___libcsrmesh_284
                0x000563b7       0x33 ..\mesh_common\mesh\libraries\CSR102x_A06\libcsrmesh.a(csr_mesh_mtl.o)
                0x000563b7                ___libcsrmesh_284
 .text.___libcsrmesh_118
                0x000563ea        0x3 ..\mesh_common\mesh\libraries\CSR102x_A06\libcsrmesh.a(csr_mesh_ec_alloc.o)
                0x000563ea                ___libcsrmesh_118
 .text.___libcsrmesh_119
                0x000563ed        0x1 ..\mesh_common\mesh\libraries\CSR102x_A06\libcsrmesh.a(csr_mesh_ec_alloc.o)
                0x000563ed                ___libcsrmesh_119
 .text.___libcsrmesh_117
                0x000563ee        0xa ..\mesh_common\mesh\libraries\CSR102x_A06\libcsrmesh.a(csr_mesh_ec_alloc.o)
                0x000563ee                ___libcsrmesh_117
 .text.___libcsrmesh_116
                0x000563f8       0x1f ..\mesh_common\mesh\libraries\CSR102x_A06\libcsrmesh.a(csr_mesh_ec_alloc.o)
                0x000563f8                ___libcsrmesh_116
 .text.maspFreeConfirmationBuffers
                0x00056417       0x12 ..\mesh_common\mesh\libraries\CSR102x_A06\libcsrmesh.a(csr_mesh_masp.o)
 .text.maspFreeClientPublicKeyBuffer
                0x00056429        0xc ..\mesh_common\mesh\libraries\CSR102x_A06\libcsrmesh.a(csr_mesh_masp.o)
 .text.maspFreeAlgoBuffer