Archive member included because of file (symbol)

..\mesh_common\mesh\libraries\CSR102x_A06\libcsrmesh.a(csr_mesh.o)
                              depend_Release_CSR102x_A06\core_mesh_handler.o (CSRmeshRegisterAppCallback)
..\mesh_common\mesh\libraries\CSR102x_A06\libcsrmesh.a(csr_mesh_masp_mcp_common.o)
                              ..\mesh_common\mesh\libraries\CSR102x_A06\libcsrmesh.a(csr_mesh.o) (___libcsrmesh_215)
..\mesh_common\mesh\libraries\CSR102x_A06\libcsrmesh.a(csr_mesh_mtl.o)
                              ..\mesh_common\mesh\libraries\CSR102x_A06\libcsrmesh.a(csr_mesh.o) (___libcsrmesh_269)
..\mesh_common\mesh\libraries\CSR102x_A06\libcsrmesh.a(csr_mesh_ec_alloc.o)
                              ..\mesh_common\mesh\libraries\CSR102x_A06\libcsrmesh.a(csr_mesh.o) (___libcsrmesh_118)
..\mesh_common\mesh\libraries\CSR102x_A06\libcsrmesh.a(csr_mesh_masp.o)
                              ..\mesh_common\mesh\libraries\CSR102x_A06\libcsrmesh.a(csr_mesh.o) (___libcsrmesh_212)
..\mesh_common\mesh\libraries\CSR102x_A06\libcsrmesh.a(csr_mesh_mcp.o)
                              ..\mesh_common\mesh\libraries\CSR102x_A06\libcsrmesh.a(csr_mesh.o) (___libcsrmesh_243)
..\mesh_common\mesh\libraries\CSR102x_A06\libcsrmesh.a(csr_mesh_sha256_get_results.o)
                              ..\mesh_common\mesh\libraries\CSR102x_A06\libcsrmesh.a(csr_mesh_masp_mcp_common.o) (___libcsrmesh_297)
..\mesh_common\mesh\libraries\CSR102x_A06\libcsrmesh.a(csr_mesh_sha256_hmac.o)
                              ..\mesh_common\mesh\libraries\CSR102x_A06\libcsrmesh.a(csr_mesh_masp_mcp_common.o) (___libcsrmesh_308)
..\mesh_common\mesh\libraries\CSR102x_A06\libcsrmesh.a(csr_mesh_sha256_initialise.o)
                              ..\mesh_common\mesh\libraries\CSR102x_A06\libcsrmesh.a(csr_mesh_masp_mcp_common.o) (___libcsrmesh_311)
..\mesh_common\mesh\libraries\CSR102x_A06\libcsrmesh.a(csr_mesh_sha256_process_data.o)
                              ..\mesh_common\mesh\libraries\CSR102x_A06\libcsrmesh.a(csr_mesh_sha256_hmac.o) (___libcsrmesh_317)
..\mesh_common\mesh\libraries\CSR102x_A06\libcsrmesh.a(csr_mesh_bearer.o)
                              ..\mesh_common\mesh\libraries\CSR102x_A06\libcsrmesh.a(csr_mesh_mtl.o) (___libcsrmesh_335)
..\mesh_common\mesh\libraries\CSR102x_A06\libcsrmesh.a(csr_mesh_bearer_porting_util.o)
                              ..\mesh_common\mesh\libraries\CSR102x_A06\libcsrmesh.a(csr_mesh_bearer.o) (___libcsrmesh_353)
..\mesh_common\mesh\libraries\CSR102x_A06\libcsrmesh.a(csr1010_scheduler.o)
                              ..\mesh_common\mesh\libraries\CSR102x_A06\libcsrmesh.a(csr_mesh_bearer_porting_util.o) (IsCSRSchedRunning)
..\mesh_common\mesh\libraries\CSR102x_A06\libcsrmesh.a(csr_mesh_hal_ifce.o)
                              ..\mesh_common\mesh\libraries\CSR102x_A06\libcsrmesh.a(csr_mesh_masp.o) (___libcsrmesh_363)
..\mesh_common\mesh\libraries\CSR102x_A06\libcsrmesh.a(csr_mesh_security_ifce_101x.o)
                              ..\mesh_common\mesh\libraries\CSR102x_A06\libcsrmesh.a(csr_mesh_mtl.o) (___libcsrmesh_371)
..\mesh_common\mesh\libraries\CSR102x_A06\libcsrmesh.a(csr_mesh_config_model.o)
                              ..\mesh_common\mesh\libraries\CSR102x_A06\libcsrmesh.a(csr_mesh_mcp.o) (ConfigModelInit)
..\mesh_common\mesh\libraries\CSR102x_A06\libcsrmesh.a(csr_mesh_bearer_model.o)
                              ..\mesh_common\mesh\libraries\CSR102x_A06\libcsrmesh.a(csr_mesh_mcp.o) (BearerModelInit)
..\mesh_common\mesh\libraries\CSR102x_A06\libcsrmesh.a(csr_mesh_ec_math.o)
                              ..\mesh_common\mesh\libraries\CSR102x_A06\libcsrmesh.a(csr_mesh_masp.o) (___libcsrmesh_127)
..\mesh_common\mesh\libraries\CSR102x_A06\libcsrmesh.a(csr_mesh_group_model.o)
                              ..\mesh_common\mesh\libraries\CSR102x_A06\libcsrmesh.a(csr_mesh_mcp.o) (GroupModelInit)
..\mesh_common\mesh\libraries\CSR102x_A06\libcsrmesh.a(csr_mesh_large_num.o)
                              ..\mesh_common\mesh\libraries\CSR102x_A06\libcsrmesh.a(csr_mesh_ec_math.o) (___libcsrmesh_161)
..\mesh_common\mesh\libraries\CSR102x_A06\libcsrmesh.a(csr_mesh_sha_add_to_cache.o)
                              ..\mesh_common\mesh\libraries\CSR102x_A06\libcsrmesh.a(csr_mesh_sha256_get_results.o) (___libcsrmesh_286)
..\mesh_common\mesh\libraries\CSR102x_A06\libcsrmesh.a(csr_mesh_sha256_calc_ith_hash_val.o)
                              ..\mesh_common\mesh\libraries\CSR102x_A06\libcsrmesh.a(csr_mesh_sha256_process_data.o) (___libcsrmesh_292)
..\mesh_common\mesh\libraries\CSR102x_A06\libextension_server.a(extension_model.o)
                              depend_Release_CSR102x_A06\extension_model_handler.o (ExtensionModelInit)
..\mesh_common\mesh\libraries\CSR102x_A06\libextension_server.a(extension_server_exception.o)
                              depend_Release_CSR102x_A06\extension_model_handler.o (ExtensionServerSetupOpcodeList)
[...]
Memory Configuration

Name             Origin             Length             Attributes
p_rom            0x00000000         0x00018000
p_otp            0x00018000         0x00008000
p_cram0          0x00020000         0x00004000
p_cram1          0x00024000         0x00002000
p_cram2          0x00026000         0x00002000
p_smem           0x00028000         0x00020000
p_ram            0x00048000         0x00002000
p_flexi          0x00050000         0x00020000
p_app            0x00000000         0x00070000
d_mtp            0x00000080         0x00000080
d_pmem           0x00000200         0x00000200
d_imem           0x00000600         0x00000080
d_memarb         0x00000800         0x00000800
d_rom            0x00001000         0x00004000
d_fwromcram      0x00005000         0x00001000
d_appdata        0x00006000         0x00004000
d_appconst       0x0000a000         0x00001000
d_fwsmemotp      0x0000b000         0x00001000
d_appsmem        0x0000c000         0x00001000
d_ram            0x0000d000         0x00002000
d_app            0x00000000         0x0000f000
*default*        0x00000000         0xffffffff

Linker script and memory map

LOAD depend_Release_CSR102x_A06\app_gatt_db.o
LOAD depend_Release_CSR102x_A06\gaia_client.o
LOAD depend_Release_CSR102x_A06\gaia_client_service.o
LOAD depend_Release_CSR102x_A06\gaia_otau_client.o
LOAD depend_Release_CSR102x_A06\conn_param_update.o
LOAD depend_Release_CSR102x_A06\nvm_access.o
LOAD depend_Release_CSR102x_A06\cm_common.o
LOAD depend_Release_CSR102x_A06\cm_hal.o
LOAD depend_Release_CSR102x_A06\cm_private.o
LOAD depend_Release_CSR102x_A06\cm_security.o
LOAD depend_Release_CSR102x_A06\cm_server.o
LOAD depend_Release_CSR102x_A06\cm_observer.o
LOAD depend_Release_CSR102x_A06\cm_peripheral.o
LOAD depend_Release_CSR102x_A06\cm_central.o
LOAD depend_Release_CSR102x_A06\cm_client.o
LOAD depend_Release_CSR102x_A06\battery_hw.o
LOAD depend_Release_CSR102x_A06\fast_pwm.o
LOAD depend_Release_CSR102x_A06\iot_hw.o
LOAD depend_Release_CSR102x_A06\csr_mesh_ps_ifce.o
LOAD depend_Release_CSR102x_A06\attention_model_handler.o
LOAD depend_Release_CSR102x_A06\battery_model_handler.o
LOAD depend_Release_CSR102x_A06\core_mesh_handler.o
LOAD depend_Release_CSR102x_A06\data_model_handler.o
LOAD depend_Release_CSR102x_A06\light_model_handler.o
LOAD depend_Release_CSR102x_A06\power_model_handler.o
LOAD depend_Release_CSR102x_A06\app_util.o
LOAD depend_Release_CSR102x_A06\connection_handler.o
LOAD depend_Release_CSR102x_A06\advertisement_handler.o
LOAD depend_Release_CSR102x_A06\time_model_handler.o
LOAD depend_Release_CSR102x_A06\action_model_handler.o
LOAD depend_Release_CSR102x_A06\largeobjecttransfer_model_handler.o
LOAD depend_Release_CSR102x_A06\asset_model_handler.o
LOAD depend_Release_CSR102x_A06\tracker_model_handler.o
LOAD depend_Release_CSR102x_A06\app_otau_handler.o
LOAD depend_Release_CSR102x_A06\scan_handler.o
LOAD depend_Release_CSR102x_A06\app_otau_client_handler.o
LOAD depend_Release_CSR102x_A06\extension_model_handler.o
LOAD depend_Release_CSR102x_A06\gap_service.o
LOAD depend_Release_CSR102x_A06\gatt_service.o
LOAD depend_Release_CSR102x_A06\mesh_control_service.o
LOAD depend_Release_CSR102x_A06\byte_utils.o
LOAD depend_Release_CSR102x_A06\gaia.o
LOAD depend_Release_CSR102x_A06\gaia_otau.o
LOAD depend_Release_CSR102x_A06\gaia_service.o
LOAD depend_Release_CSR102x_A06\main_app.o
LOAD depend_Release_CSR102x_A06\app_mesh_handler.o
LOAD depend_Release_CSR102x_A06\app_hw.o
LOAD depend_Release_CSR102x_A06\ONESECOND.o
LOAD depend_Release_CSR102x_A06\uart_queue.o
LOAD depend_Release_CSR102x_A06\UARTMCU.o
LOAD depend_Release_CSR102x_A06\pio_ctrlr_code.o
LOAD ..\mesh_common\mesh\libraries\CSR102x_A06\libcsrmesh.a
LOAD ..\mesh_common\mesh\libraries\CSR102x_A06\libasset_server.a
LOAD ..\mesh_common\mesh\libraries\CSR102x_A06\libasset_client.a
LOAD ..\mesh_common\mesh\libraries\CSR102x_A06\libtracker_server.a
LOAD ..\mesh_common\mesh\libraries\CSR102x_A06\libtracker_client.a
LOAD ..\mesh_common\mesh\libraries\CSR102x_A06\libaction_server.a
LOAD ..\mesh_common\mesh\libraries\CSR102x_A06\libtuning_server.a
LOAD ..\mesh_common\mesh\libraries\CSR102x_A06\libtime_server.a
LOAD ..\mesh_common\mesh\libraries\CSR102x_A06\libtime_client.a
LOAD ..\mesh_common\mesh\libraries\CSR102x_A06\liblight_server.a
LOAD ..\mesh_common\mesh\libraries\CSR102x_A06\libpower_server.a
LOAD ..\mesh_common\mesh\libraries\CSR102x_A06\libping_server.a
LOAD ..\mesh_common\mesh\libraries\CSR102x_A06\libattention_server.a
LOAD ..\mesh_common\mesh\libraries\CSR102x_A06\libdata_server.a
LOAD ..\mesh_common\mesh\libraries\CSR102x_A06\libdata_client.a
LOAD ..\mesh_common\mesh\libraries\CSR102x_A06\libbattery_server.a
LOAD ..\mesh_common\mesh\libraries\CSR102x_A06\libextension_server.a
LOAD ..\mesh_common\mesh\libraries\CSR102x_A06\libextension_client.a
LOAD ..\mesh_common\mesh\libraries\CSR102x_A06\liblargeobjecttransfer_server.a
LOAD ..\mesh_common\mesh\libraries\CSR102x_A06\liblargeobjecttransfer_client.a
LOAD ..\mesh_common\mesh\libraries\CSR102x_A06\libextension_client.a
LOAD ..\mesh_common\mesh\libraries\CSR102x_A06\libextension_server.a
LOAD ..\mesh_common\mesh\libraries\CSR102x_A06\libgroup_client.a
LOAD ..\mesh_common\mesh\libraries\CSR102x_A06\libgroup_server.a
LOAD ..\mesh_common\mesh\libraries\CSR102x_A06\libbattery_client.a
LOAD ..\mesh_common\mesh\libraries\CSR102x_A06\libbattery_server.a
LOAD C:\CSR102x_SDK-3.1.1\tools\lib\CSR102x_A06\libgatt_lib_ram.a
                0x00050000                PROG_APPCODE_START = PROG_FLEXI_START
                0x00000000                APP_SIGNATURE_SIZE = 0x0
                0x00000001                DRAM_APPDATA_MODEL = 0x1
                0x00000000                STORE_OFFSET = 0x0
LOAD C:\CSR102x_SDK-3.1.1\tools\lib\CSR102x_A06\rom_img.elf
                0x00028000                PROG_SMEM_START = 0x28000
                0x00018000                PROG_OTP_START = 0x18000
                0x00050000                PROG_FLEXI_START = 0x50000
                0x00048000                PROG_DRAM_START = 0x48000
                0x00005000                DATA_FW_ROM_CRAM_WINDOW = 0x5000
                0x0000b000                DATA_FW_SMEM_OTP_WINDOW = 0xb000
                0x0000c000                DATA_APP_SMEM_WINDOW = 0xc000
                0x00020000                PROG_CRAM0_START = 0x20000
                0x0000a000                DATA_APPCONST_START = DEFINED (DATA_APPCONST_OVERRIDE)?DATA_APPCONST_OVERRIDE:0xa000
                [0x00000001]                DRAM_APPDATA_MODEL = DEFINED (DRAM_APPDATA_MODEL)?DRAM_APPDATA_MODEL:0x0
                0x00006000                DATA_APPDATA_START = (DRAM_APPDATA_MODEL == 0x0)?DATA_APPHOLE_START:0x6000
                0x00002000                DATA_APPDATA_MAX_SIZE = (DRAM_APPDATA_MODEL == 0x0)?APPDATA_SIZE:(DRAM_APPDATA_MODEL == 0x1)?0x2000:0x4000
                0x80000000                $CODE$ = 0x80000000
                0x00000000                $DATA$ = 0x0
                0x0000ffe0                PROVIDE ($XAP_AH, 0xffe0)
                0x0000ffe1                PROVIDE ($XAP_AL, 0xffe1)
                0x0000ffe2                PROVIDE ($XAP_UXH, 0xffe2)
                0x0000ffe3                PROVIDE ($XAP_UXL, 0xffe3)
                0x0000ffe4                PROVIDE ($XAP_UY, 0xffe4)
                0x0000ffe5                PROVIDE ($XAP_IXH, 0xffe5)
                0x0000ffe6                PROVIDE ($XAP_IXL, 0xffe6)
                0x0000ffe7                PROVIDE ($XAP_IY, 0xffe7)
                0x00000001                ASSERT (DEFINED (DATA_APPCONST_START), DATA_APPCONST_START must be defined.)
                0x00000001                ASSERT (DEFINED (DATA_APPDATA_START), DATA_APPDATA_START not defined - check the firmware is valid.)
                [0x00050000]                PROG_APPCODE_START = DEFINED (PROG_APPCODE_START)?PROG_APPCODE_START:PROG_FLEXI_START
                0x00000001                ASSERT (DEFINED (APP_SIGNATURE_SIZE), APP_SIGNATURE_SIZE must be defined)
                0x00000010                APP_HASH_SIZE = 0x10
                [0x00000000]                STORE_OFFSET = DEFINED (STORE_OFFSET)?STORE_OFFSET:0x0
                0x00000000                STORE_SEG_BASE = (STORE_OFFSET & 0xfffff000)
                0x00000000                STORE_SEG_OFFSET = (STORE_OFFSET & 0xfff)
                0x00050000                PROG_FLEXI_OFFSET = (PROG_FLEXI_START - STORE_SEG_BASE)
                0x00000008                APP_ENC_IV_SIZE = 0x8
                0x00000010                APPHEADER_SIZE = (0x8 + APP_ENC_IV_SIZE)
                0x00000001                ASSERT (((STORE_OFFSET % APPHEADER_SIZE) == 0x0), STORE_OFFSET is not an exact multiple of APPHEADER_SIZE)

.appheader      0x00050000       0x10 load address 0x80050000
                0x00050000                PROG_APPCRT_START = .
 *app_proxy_crt.o(.text)
 .text          0x00050000        0x7 C:\CSR102x_SDK-3.1.1\tools\lib\CSR102x_A06\libgatt_lib_ram.a(app_proxy_crt.o)
                0x00050005                _app_store_header_fw_init
 *app_proxy_crt.o(.text.*)
                0x00050010                . = ALIGN (APPHEADER_SIZE)
 *fill*         0x00050007       0x12 00
                0x00050010                PROG_APPCRT_END = .

.appconst       0x0000a010      0x3b3 load address 0x00050010
                0x0000a010                D_APPCONST_START = .
 *(CONST)
 *(CONST.*)
 *(.rodata)
 .rodata        0x0000a010        0x2 depend_Release_CSR102x_A06\advertisement_handler.o
 *(.rodata.*)
 .rodata.ConnectionParamUpdateEvent
                0x0000a012        0x5 depend_Release_CSR102x_A06\conn_param_update.o
 .rodata.str2.2
                0x0000a017        0x8 depend_Release_CSR102x_A06\cm_hal.o
 .rodata.csr_mesh_pskey_offset_table
                0x0000a01f       0x1e depend_Release_CSR102x_A06\csr_mesh_ps_ifce.o
 .rodata.fh_tx_pwr_map
                0x0000a03d       0x10 depend_Release_CSR102x_A06\core_mesh_handler.o
 .rodata.appHandleConnMgrProcEvent
                0x0000a04d       0x1c depend_Release_CSR102x_A06\connection_handler.o
 .rodata.C.2..3663.
                0x0000a069        0x3 depend_Release_CSR102x_A06\advertisement_handler.o
 .rodata.str2.2
                0x0000a06c        0x9 depend_Release_CSR102x_A06\app_otau_handler.o
 .rodata.appHandleGaiaOtauEvent
                0x0000a075        0xf depend_Release_CSR102x_A06\app_otau_handler.o
 .rodata.str2.2
                0x0000a084        0x8 depend_Release_CSR102x_A06\gap_service.o
 .rodata.g_service_handler
                0x0000a08c        0x2 depend_Release_CSR102x_A06\gap_service.o
 .rodata.g_server_handler
                0x0000a08e        0x2 depend_Release_CSR102x_A06\gatt_service.o
 .rodata.handleAccessWrite
                0x0000a090        0x7 depend_Release_CSR102x_A06\mesh_control_service.o
 .rodata.g_mesh_server_handlers
                0x0000a097        0x2 depend_Release_CSR102x_A06\mesh_control_service.o
 .rodata.GaiaOtauHandleStoreUpdateMsg
                0x0000a099        0xf depend_Release_CSR102x_A06\gaia_otau.o
 .rodata.str2.2
                0x0000a0a8       0x12 depend_Release_CSR102x_A06\gaia_otau.o
 .rodata.handleOtauFileTransfer
                0x0000a0ba        0x8 depend_Release_CSR102x_A06\gaia_otau.o
 .rodata.GaiaOtauHandleVmUpgradeControlCommand
                0x0000a0c2       0x16 depend_Release_CSR102x_A06\gaia_otau.o
 .rodata.g_gaia_server_handlers
                0x0000a0d8        0x2 depend_Release_CSR102x_A06\gaia_service.o
 .rodata.masp_enc_key
                0x0000a0da       0x1f ..\mesh_common\mesh\libraries\CSR102x_A06\libcsrmesh.a(csr_mesh_mtl.o)
 .rodata.masp_nw_iv
                0x0000a0f9        0x8 ..\mesh_common\mesh\libraries\CSR102x_A06\libcsrmesh.a(csr_mesh_mtl.o)
 .rodata.masp_nw_key
                0x0000a101       0x10 ..\mesh_common\mesh\libraries\CSR102x_A06\libcsrmesh.a(csr_mesh_mtl.o)
 .rodata.str2.2
                0x0000a111        0x6 ..\mesh_common\mesh\libraries\CSR102x_A06\libcsrmesh.a(csr_mesh_ec_alloc.o)
 .rodata.handleMaspMessage
                0x0000a117       0x17 ..\mesh_common\mesh\libraries\CSR102x_A06\libcsrmesh.a(csr_mesh_masp.o)
 .rodata.str2.2
                0x0000a12e       0x14 ..\mesh_common\mesh\libraries\CSR102x_A06\libcsrmesh.a(csr_mesh_masp.o)
 .rodata.masp_msg_len
                0x0000a142       0x19 ..\mesh_common\mesh\libraries\CSR102x_A06\libcsrmesh.a(csr_mesh_masp.o)
 .rodata.sha256_init_table
                0x0000a15b       0x10 ..\mesh_common\mesh\libraries\CSR102x_A06\libcsrmesh.a(csr_mesh_sha256_initialise.o)
 .rodata.csr_mesh_ad_data
                0x0000a16b        0x3 ..\mesh_common\mesh\libraries\CSR102x_A06\libcsrmesh.a(csr1010_scheduler.o)
 .rodata.handleConfigGetDeviceInfo
                0x0000a16e        0x9 ..\mesh_common\mesh\libraries\CSR102x_A06\libcsrmesh.a(csr_mesh_config_model.o)
 .rodata.configModelServerHandler
                0x0000a177       0x11 ..\mesh_common\mesh\libraries\CSR102x_A06\libcsrmesh.a(csr_mesh_config_model.o)
 .rodata.P192_curve_generator_x
                0x0000a188        0xd ..\mesh_common\mesh\libraries\CSR102x_A06\libcsrmesh.a(csr_mesh_ec_math.o)
 .rodata.P192_curve_generator_y
                0x0000a195        0xd ..\mesh_common\mesh\libraries\CSR102x_A06\libcsrmesh.a(csr_mesh_ec_math.o)
 .rodata.sha256_consts
                0x0000a1a2       0x80 ..\mesh_common\mesh\libraries\CSR102x_A06\libcsrmesh.a(csr_mesh_sha256_calc_ith_hash_val.o)
 .rodata.ram_build_identifier_integer
                0x0000a222        0x1 C:\CSR102x_SDK-3.1.1\tools\lib\CSR102x_A06\libgatt_lib_ram.a(id_ram.o)
                0x0000a222                ram_build_identifier_integer
 .rodata.ram_build_identifier_string
                0x0000a223       0x25 C:\CSR102x_SDK-3.1.1\tools\lib\CSR102x_A06\libgatt_lib_ram.a(id_ram.o)
                0x0000a223                ram_build_identifier_string
 .rodata.patch_table_data
                0x0000a248       0x36 C:\CSR102x_SDK-3.1.1\tools\lib\CSR102x_A06\libgatt_lib_ram.a(sw_patch_ram.o)
 .rodata.patch_shared_reset
                0x0000a27e        0x5 C:\CSR102x_SDK-3.1.1\tools\lib\CSR102x_A06\libgatt_lib_ram.a(patch_reset.o)
 .rodata.p_halmem_api_rom
                0x0000a283        0x5 C:\CSR102x_SDK-3.1.1\tools\lib\CSR102x_A06\libgatt_lib_ram.a(patch_reset.o)
                0x0000a283                ___libgatt_lib_db_5602
 .rodata.p_halmem_smem_instance
                0x0000a288       0x12 C:\CSR102x_SDK-3.1.1\tools\lib\CSR102x_A06\libgatt_lib_ram.a(patch_reset.o)
 .rodata.haluart_api_patch
                0x0000a29a        0x1 C:\CSR102x_SDK-3.1.1\tools\lib\CSR102x_A06\libgatt_lib_ram.a(patch_hal_uart.o)
                0x0000a29a                ___libgatt_lib_db_5625
 .rodata.patched_uart_instances
                0x0000a29b       0x12 C:\CSR102x_SDK-3.1.1\tools\lib\CSR102x_A06\libgatt_lib_ram.a(patch_hal_uart.o)
 *(.pio_ctrlr_code)
                0x0000a2ad                APP_BUILD_VERSION = .
 *(.app_bld_ver)
                0x0000a2ad                PROG_PATCH_ADDRESS = .
 *(.hw_patch)
 .hw_patch      0x0000a2ad      0x116 C:\CSR102x_SDK-3.1.1\tools\lib\CSR102x_A06\libgatt_lib_ram.a(patch_flashheart_d06.o)
                0x0000a2ad                hw_patch
                0x0000a3c3                PROG_PATCH_END = .
                0x0000a3c3                D_APPCONST_END = .
                0x000003b3                APPCONST_SIZE = SIZEOF (.appconst)
                0x00000001                ASSERT (((D_APPCONST_START & 0x1000) == (D_APPCONST_END & 0x1000)), Application uses too much CONST data (page boundary exceeded))

.progapp_appconst
                0x00050010      0x3b3
                0x000503c3                . = (. + APPCONST_SIZE)
 *fill*         0x00050010      0x766 00

.appdata        0x00006000       0xec load address 0x000503c3
                0x00006000                DATA_APPINITDATA_START = .
 *(.data)
 *(.data.*)
 .data.gattDatabase
                0x00006000       0xb8 depend_Release_CSR102x_A06\app_gatt_db.o
                0x00006000                gattDatabase
 .data.g_nvm_type
                0x000060b8        0x1 depend_Release_CSR102x_A06\nvm_access.o
 .data.g_cm_app_handler
                0x000060b9        0x2 depend_Release_CSR102x_A06\connection_handler.o
 .data.mesh_ad_data
                0x000060bb        0x3 depend_Release_CSR102x_A06\app_mesh_handler.o
                0x000060bb                mesh_ad_data
 .data.vid_pid_info
                0x000060be        0x4 depend_Release_CSR102x_A06\app_mesh_handler.o
                0x000060be                vid_pid_info
 .data.appearance
                0x000060c2        0xd depend_Release_CSR102x_A06\app_mesh_handler.o
                0x000060c2                appearance
 .data.Get_Group_count
                0x000060cf        0x1 depend_Release_CSR102x_A06\ONESECOND.o
                0x000060cf                Get_Group_count
 .data.g_headPtr
                0x000060d0        0x1 depend_Release_CSR102x_A06\uart_queue.o
                0x000060d0                g_headPtr
 .data.g_writePtr
                0x000060d1        0x1 depend_Release_CSR102x_A06\uart_queue.o
                0x000060d1                g_writePtr
 .data.g_readPtr
                0x000060d2        0x1 depend_Release_CSR102x_A06\uart_queue.o
                0x000060d2                g_readPtr
 .data.key_iv_status_values
                0x000060d3        0x8 ..\mesh_common\mesh\libraries\CSR102x_A06\libcsrmesh.a(csr_mesh_masp.o)
 .data.P192_p   0x000060db        0xd ..\mesh_common\mesh\libraries\CSR102x_A06\libcsrmesh.a(csr_mesh_ec_math.o)
                0x000060db                ___libcsrmesh_132
 .data.PATCH_DBG_UART_CONFIG
                0x000060e8        0x1 C:\CSR102x_SDK-3.1.1\tools\lib\CSR102x_A06\libgatt_lib_ram.a(patch_uart.o)
                0x000060e8                ___libgatt_lib_db_5598
 .data.patched_halbleradio_api
                0x000060e9        0x1 C:\CSR102x_SDK-3.1.1\tools\lib\CSR102x_A06\libgatt_lib_ram.a(patch_hal_bleradio.o)
 .data.first_run
                0x000060ea        0x1 C:\CSR102x_SDK-3.1.1\tools\lib\CSR102x_A06\libgatt_lib_ram.a(patch_sysop_fosc_trim.o)
                0x000060ea                ___libgatt_lib_db_5630
 .data.switch_pio_g
                0x000060eb        0x1 C:\CSR102x_SDK-3.1.1\tools\lib\CSR102x_A06\libgatt_lib_ram.a(patch_activity.o)
                0x000060ec                DATA_APPINITDATA_END = .
                0x000000ec                APPINITDATA_SIZE = SIZEOF (.appdata)
                0x00000001                ASSERT (((APPCONST_SIZE + APPINITDATA_SIZE) <= 0x1000), Application uses too much CONST / Initialised data)

.progapp_appdata
                0x000503c3       0xec
                0x000504af                . = (. + APPINITDATA_SIZE)
 *fill*         0x000503c3      0x1d8 00

.patchtext      0x000504af        0x0 load address 0x800504af
                0x000504af                PROG_SW_PATCH_FN_START = .
 *(.patch_text)
 *(.patch_text.*)
                0x000504af                PROG_SW_PATCH_FN_END = .

.apptext        0x000504af     0x72b9 load address 0x800504af
 *(.extra_crt)
 *(.text)
 .text          0x000504af       0x2f C:\CSR102x_SDK-3.1.1\tools\lib\CSR102x_A06\libgatt_lib_ram.a(sm_ram.o)
                0x000504af                ___libgatt_lib_db_962
                0x000504d8                SMInit
 .text          0x000504de        0x3 C:\CSR102x_SDK-3.1.1\tools\lib\CSR102x_A06\libgatt_lib_ram.a(sm_key_req_api.o)
                0x000504de                SMKeyRequestRsp
 .text          0x000504e1        0x3 C:\CSR102x_SDK-3.1.1\tools\lib\CSR102x_A06\libgatt_lib_ram.a(sm_div_approval_api.o)
                0x000504e1                SMDivApprovalRsp
 .text          0x000504e4        0x3 C:\CSR102x_SDK-3.1.1\tools\lib\CSR102x_A06\libgatt_lib_ram.a(sm_pairing_auth_api.o)
                0x000504e4                SMPairingAuthRsp
 .text          0x000504e7        0x6 C:\CSR102x_SDK-3.1.1\tools\lib\CSR102x_A06\libgatt_lib_ram.a(sm_ltk_api.o)
                0x000504e7                SMLongTermKeyRsp
 *(.text.*)
 .text.GattGetDatabase
                0x000504ed        0x8 depend_Release_CSR102x_A06\app_gatt_db.o
                0x000504ed                GattGetDatabase
 .text.GetUpdatedConnParams
                0x000504f5        0xd depend_Release_CSR102x_A06\conn_param_update.o
                0x000504f5                GetUpdatedConnParams
 .text.ConnectionParamUpdateSetCallback
                0x00050502        0x5 depend_Release_CSR102x_A06\conn_param_update.o
                0x00050502                ConnectionParamUpdateSetCallback
 .text.handleGapCppTimerExpiry
                0x00050507       0x14 depend_Release_CSR102x_A06\conn_param_update.o
 .text.requestConnParamUpdate
                0x0005051b       0x41 depend_Release_CSR102x_A06\conn_param_update.o
 .text.ConnectionParamUpdateEvent
                0x0005055c       0x94 depend_Release_CSR102x_A06\conn_param_update.o
                0x0005055c                ConnectionParamUpdateEvent
 .text.StopConnParamsUpdate
                0x000505f0        0xf depend_Release_CSR102x_A06\conn_param_update.o
                0x000505f0                StopConnParamsUpdate
 .text.processNewParams
                0x000505ff       0x49 depend_Release_CSR102x_A06\conn_param_update.o
 .text.RequestConnParamsUpdateOnce
                0x00050648       0x27 depend_Release_CSR102x_A06\conn_param_update.o
                0x00050648                RequestConnParamsUpdateOnce
 .text.RequestConnParamsUpdate
                0x0005066f       0x28 depend_Release_CSR102x_A06\conn_param_update.o
                0x0005066f                RequestConnParamsUpdate
 .text.Nvm_Read_Secure_Key
                0x00050697        0x9 depend_Release_CSR102x_A06\nvm_access.o
                0x00050697                Nvm_Read_Secure_Key
 .text.Nvm_Init
                0x000506a0       0x19 depend_Release_CSR102x_A06\nvm_access.o
                0x000506a0                Nvm_Init
 .text.reportPanic
                0x000506b9        0x3 depend_Release_CSR102x_A06\nvm_access.o
 .text.Nvm_Write
                0x000506bc       0x17 depend_Release_CSR102x_A06\nvm_access.o
                0x000506bc                Nvm_Write
 .text.Nvm_Read
                0x000506d3        0xb depend_Release_CSR102x_A06\nvm_access.o
                0x000506d3                Nvm_Read
 .text.NvmProcessEvent
                0x000506de      0x100 depend_Release_CSR102x_A06\nvm_access.o
                0x000506de                NvmProcessEvent
 .text.CMUuidEqual
                0x000507de       0x53 depend_Release_CSR102x_A06\cm_common.o
                0x000507de                CMUuidEqual
 .text.CMIsAddressResolvableRandom
                0x00050831       0x11 depend_Release_CSR102x_A06\cm_common.o
                0x00050831                CMIsAddressResolvableRandom
 .text.CMSignalNumberOfCompletedPackets
                0x00050842        0x7 depend_Release_CSR102x_A06\cm_common.o
                0x00050842                CMSignalNumberOfCompletedPackets
 .text.CMGetDeviceBondState
                0x00050849        0xb depend_Release_CSR102x_A06\cm_common.o
                0x00050849                CMGetDeviceBondState
 .text.CMEnableEarlyWakeup
                0x00050854        0x9 depend_Release_CSR102x_A06\cm_common.o
                0x00050854                CMEnableEarlyWakeup
 .text.CMReadRssi
                0x0005085d        0x9 depend_Release_CSR102x_A06\cm_common.o
                0x0005085d                CMReadRssi
 .text.CMConfigureRadioEvent
                0x00050866        0xc depend_Release_CSR102x_A06\cm_common.o
                0x00050866                CMConfigureRadioEvent
 .text.CMGetDevConnParam
                0x00050872       0x17 depend_Release_CSR102x_A06\cm_common.o
                0x00050872                CMGetDevConnParam
 .text.CMGetPeerDeviceRole
                0x00050889       0x13 depend_Release_CSR102x_A06\cm_common.o
                0x00050889                CMGetPeerDeviceRole
 .text.CMGetDevState
                0x0005089c       0x13 depend_Release_CSR102x_A06\cm_common.o
                0x0005089c                CMGetDevState
 .text.CMConnectionUpdateSignalingRsp
                0x000508af        0x2 depend_Release_CSR102x_A06\cm_common.o
                0x000508af                CMConnectionUpdateSignalingRsp
 .text.CMConnParamUpdateReq
                0x000508b1        0x2 depend_Release_CSR102x_A06\cm_common.o
                0x000508b1                CMConnParamUpdateReq
 .text.CMGetBdAdressFromDeviceId
                0x000508b3       0x17 depend_Release_CSR102x_A06\cm_common.o
                0x000508b3                CMGetBdAdressFromDeviceId
 .text.CMGetBondIdFromDeviceId
                0x000508ca       0x14 depend_Release_CSR102x_A06\cm_common.o
                0x000508ca                CMGetBondIdFromDeviceId
 .text.CMDisconnect
                0x000508de        0xe depend_Release_CSR102x_A06\cm_common.o
                0x000508de                CMDisconnect
 .text.CMInit   0x000508ec       0x25 depend_Release_CSR102x_A06\cm_common.o
                0x000508ec                CMInit
 .text.asyncApiTimeout
                0x00050911        0x7 depend_Release_CSR102x_A06\cm_common.o
 .text.getDeviceIdFromCid
                0x00050918       0x12 depend_Release_CSR102x_A06\cm_hal.o
 .text.HALGetMsgId
                0x0005092a        0x5 depend_Release_CSR102x_A06\cm_hal.o
                0x0005092a                HALGetMsgId
 .text.HALGetMsg
                0x0005092f        0x5 depend_Release_CSR102x_A06\cm_hal.o
                0x0005092f                HALGetMsg
 .text.HALAddNewDevice
                0x00050934       0x1f depend_Release_CSR102x_A06\cm_hal.o
                0x00050934                HALAddNewDevice
 .text.HALGetDeviceId
                0x00050953       0x76 depend_Release_CSR102x_A06\cm_hal.o
                0x00050953                HALGetDeviceId
 .text.HALParseConnCompleteInd
                0x000509c9        0xa depend_Release_CSR102x_A06\cm_hal.o
                0x000509c9                HALParseConnCompleteInd
 .text.HALParseEncChangeInd
                0x000509d3        0xa depend_Release_CSR102x_A06\cm_hal.o
                0x000509d3                HALParseEncChangeInd
 .text.HALParseRadioEventInd
                0x000509dd        0xb depend_Release_CSR102x_A06\cm_hal.o
                0x000509dd                HALParseRadioEventInd
 .text.HALIsAdvertisingReport
                0x000509e8       0x12 depend_Release_CSR102x_A06\cm_hal.o
                0x000509e8                HALIsAdvertisingReport
 .text.HALParseAccessWriteInd
                0x000509fa        0xb depend_Release_CSR102x_A06\cm_hal.o
                0x000509fa                HALParseAccessWriteInd
 .text.HALParseAccessReadInd
                0x00050a05        0xb depend_Release_CSR102x_A06\cm_hal.o
                0x00050a05                HALParseAccessReadInd
 .text.HALParseDiscoverServiceInd
                0x00050a10        0x6 depend_Release_CSR102x_A06\cm_hal.o
                0x00050a10                HALParseDiscoverServiceInd
 .text.HALParseReadCharValCfm
                0x00050a16        0xf depend_Release_CSR102x_A06\cm_hal.o
                0x00050a16                HALParseReadCharValCfm
 .text.HALParseNotifInd
                0x00050a25        0xb depend_Release_CSR102x_A06\cm_hal.o
                0x00050a25                HALParseNotifInd
 .text.HALParseSmPairingAuthInd
                0x00050a30        0x1 depend_Release_CSR102x_A06\cm_hal.o
                0x00050a30                HALParseSmPairingAuthInd
 .text.HALParseConnectionUpdateInd
                0x00050a31        0xf depend_Release_CSR102x_A06\cm_hal.o
                0x00050a31                HALParseConnectionUpdateInd
 .text.CMProcessMsg
                0x00050a40        0x6 depend_Release_CSR102x_A06\cm_hal.o
                0x00050a40                CMProcessMsg
 .text.HALMatchBluetoothAddress
                0x00050a46       0x2d depend_Release_CSR102x_A06\cm_hal.o
                0x00050a46                HALMatchBluetoothAddress
 .text.HALConnectionUpdateSignallingRsp
                0x00050a73        0xb depend_Release_CSR102x_A06\cm_hal.o
                0x00050a73                HALConnectionUpdateSignallingRsp
 .text.HALConnectionParamUpdateReq
                0x00050a7e       0x10 depend_Release_CSR102x_A06\cm_hal.o
                0x00050a7e                HALConnectionParamUpdateReq
 .text.HALSMDivApprovalRsp
                0x00050a8e        0x2 depend_Release_CSR102x_A06\cm_hal.o
                0x00050a8e                HALSMDivApprovalRsp
 .text.HALSMKeyRequestResponse
                0x00050a90        0x8 depend_Release_CSR102x_A06\cm_hal.o
                0x00050a90                HALSMKeyRequestResponse
 .text.HALSendLongTermKeyAuthRsp
                0x00050a98        0xb depend_Release_CSR102x_A06\cm_hal.o
                0x00050a98                HALSendLongTermKeyAuthRsp
 .text.HALSendValueNotificationExt
                0x00050aa3       0x11 depend_Release_CSR102x_A06\cm_hal.o
                0x00050aa3                HALSendValueNotificationExt
 .text.HALParseDisconnCompleteInd
                0x00050ab4       0x12 depend_Release_CSR102x_A06\cm_hal.o
                0x00050ab4                HALParseDisconnCompleteInd
 .text.HALSendValueNotification
                0x00050ac6       0x33 depend_Release_CSR102x_A06\cm_hal.o
                0x00050ac6                HALSendValueNotification
 .text.sendNotificationCfmTimer
                0x00050af9       0x12 depend_Release_CSR102x_A06\cm_hal.o
 .text.HALSMInit
                0x00050b0b        0x9 depend_Release_CSR102x_A06\cm_hal.o
                0x00050b0b                HALSMInit
 .text.HALServerWriteInit
                0x00050b14        0x3 depend_Release_CSR102x_A06\cm_hal.o
                0x00050b14                HALServerWriteInit
 .text.HALGapSetPeripheralMode
                0x00050b17        0xb depend_Release_CSR102x_A06\cm_hal.o
                0x00050b17                HALGapSetPeripheralMode
 .text.HALGapLsFindAdType
                0x00050b22        0x6 depend_Release_CSR102x_A06\cm_hal.o
                0x00050b22                HALGapLsFindAdType
 .text.parseName
                0x00050b28       0x5f depend_Release_CSR102x_A06\cm_hal.o
 .text.HALParseAdvertisingReportInd
                0x00050b87       0x24 depend_Release_CSR102x_A06\cm_hal.o
                0x00050b87                HALParseAdvertisingReportInd
 .text.CMGetMainData
                0x00050bab        0x3 depend_Release_CSR102x_A06\cm_private.o
                0x00050bab                CMGetMainData
 .text.CMNotifyEventToApplication
                0x00050bae       0x13 depend_Release_CSR102x_A06\cm_private.o
                0x00050bae                CMNotifyEventToApplication
 .text.CMPrivateInit
                0x00050bc1       0x1d depend_Release_CSR102x_A06\cm_private.o
                0x00050bc1                CMPrivateInit
 .text.CMResetDevConnParam
                0x00050bde        0xd depend_Release_CSR102x_A06\cm_private.o
                0x00050bde                CMResetDevConnParam
 .text.CMIsDeviceIdValid
                0x00050beb        0x7 depend_Release_CSR102x_A06\cm_private.o
                0x00050beb                CMIsDeviceIdValid
 .text.CMSetDeviceBondState
                0x00050bf2        0x9 depend_Release_CSR102x_A06\cm_private.o
                0x00050bf2                CMSetDeviceBondState
 .text.CMReportPanic
                0x00050bfb        0x3 depend_Release_CSR102x_A06\cm_private.o
                0x00050bfb                CMReportPanic
 .text.CMSetDeviceEncryptState
                0x00050bfe       0x11 depend_Release_CSR102x_A06\cm_private.o
                0x00050bfe                CMSetDeviceEncryptState
 .text.CMGetConnId
                0x00050c0f        0xe depend_Release_CSR102x_A06\cm_private.o
                0x00050c0f                CMGetConnId
 .text.CMSetConnParam
                0x00050c1d       0x13 depend_Release_CSR102x_A06\cm_private.o
                0x00050c1d                CMSetConnParam
 .text.CMSetDevState
                0x00050c30       0x2a depend_Release_CSR102x_A06\cm_private.o
                0x00050c30                CMSetDevState
 .text.CMGetDeviceId
                0x00050c5a        0x7 depend_Release_CSR102x_A06\cm_private.o
                0x00050c5a                CMGetDeviceId
 .text.handleSignalLmDisconnectComplete
                0x00050c61       0x3c depend_Release_CSR102x_A06\cm_private.o
 .text.handleSignalLsDataRxTimingInd
                0x00050c9d       0x1c depend_Release_CSR102x_A06\cm_private.o
 .text.handleSignalLsConnUpdateSignallingInd
                0x00050cb9       0x1b depend_Release_CSR102x_A06\cm_private.o
 .text.handleSignalLsConnParamUpdateInd
                0x00050cd4       0x1e depend_Release_CSR102x_A06\cm_private.o
 .text.handleSignalLsConnParamUpdateCfm
                0x00050cf2       0x18 depend_Release_CSR102x_A06\cm_private.o
 .text.handleSignalLsConnectionUpdate
                0x00050d0a       0x1e depend_Release_CSR102x_A06\cm_private.o
 .text.CMProcessEvent
                0x00050d28      0x1ee depend_Release_CSR102x_A06\cm_private.o
                0x00050d28                CMProcessEvent
 .text.CMGetBondedBDAddr
                0x00050f16       0x11 depend_Release_CSR102x_A06\cm_security.o
                0x00050f16                CMGetBondedBDAddr
 .text.handleSignalSMLongTermKeyInd
                0x00050f27       0x3b depend_Release_CSR102x_A06\cm_security.o
 .text.ClearBondingInfo
                0x00050f62       0x2f depend_Release_CSR102x_A06\cm_security.o
                0x00050f62                ClearBondingInfo
 .text.handleSignalSmSimplePairingCompleteInd
                0x00050f91       0x47 depend_Release_CSR102x_A06\cm_security.o
 .text.CMGetBondId
                0x00050fd8       0x21 depend_Release_CSR102x_A06\cm_security.o
                0x00050fd8                CMGetBondId
 .text.storeBondedDeviceInfo
                0x00050ff9       0x32 depend_Release_CSR102x_A06\cm_security.o
 .text.handleSignalSmKeysInd
                0x0005102b       0x26 depend_Release_CSR102x_A06\cm_security.o
 .text.CMSecurityHandleProcessLMEvent
                0x00051051       0xd5 depend_Release_CSR102x_A06\cm_security.o
                0x00051051                CMSecurityHandleProcessLMEvent
 .text.CMIsDeviceBonded
                0x00051126       0x20 depend_Release_CSR102x_A06\cm_security.o
                0x00051126                CMIsDeviceBonded
 .text.CMSecurityInit
                0x00051146       0x4c depend_Release_CSR102x_A06\cm_security.o
                0x00051146                CMSecurityInit
 .text.CMServerGetHandler
                0x00051192       0x13 depend_Release_CSR102x_A06\cm_server.o
                0x00051192                CMServerGetHandler
 .text.CMServerNotifyGenericEvent
                0x000511a5       0x1e depend_Release_CSR102x_A06\cm_server.o
                0x000511a5                CMServerNotifyGenericEvent
 .text.CMServerNotifyGattEvent
                0x000511c3       0x13 depend_Release_CSR102x_A06\cm_server.o
                0x000511c3                CMServerNotifyGattEvent
 .text.CMServerInitRegisterHandler
                0x000511d6       0x26 depend_Release_CSR102x_A06\cm_server.o
                0x000511d6                CMServerInitRegisterHandler
 .text.CMServerHandleProcessLMEvent
                0x000511fc       0xb7 depend_Release_CSR102x_A06\cm_server.o
                0x000511fc                CMServerHandleProcessLMEvent
 .text.CMSendValueNotification
                0x000512b3        0x5 depend_Release_CSR102x_A06\cm_server.o
                0x000512b3                CMSendValueNotification
 .text.CMSendValueNotificationExt
                0x000512b8        0x2 depend_Release_CSR102x_A06\cm_server.o
                0x000512b8                CMSendValueNotificationExt
 .text.CMSendAccessRsp
                0x000512ba       0x15 depend_Release_CSR102x_A06\cm_server.o
                0x000512ba                CMSendAccessRsp
 .text.CMServerInit
                0x000512cf       0x1b depend_Release_CSR102x_A06\cm_server.o
                0x000512cf                CMServerInit
 .text.CMObserverInit
                0x000512ea        0x4 depend_Release_CSR102x_A06\cm_observer.o
                0x000512ea                CMObserverInit
 .text.CMObserverEnableRawReports
                0x000512ee        0x3 depend_Release_CSR102x_A06\cm_observer.o
                0x000512ee                CMObserverEnableRawReports
 .text.CMObserverHandleProcessLMEvent
                0x000512f1       0x1f depend_Release_CSR102x_A06\cm_observer.o
                0x000512f1                CMObserverHandleProcessLMEvent
 .text.CMPeripheralInit
                0x00051310        0xa depend_Release_CSR102x_A06\cm_peripheral.o
                0x00051310                CMPeripheralInit
 .text.CMGetAdvState
                0x0005131a        0x3 depend_Release_CSR102x_A06\cm_peripheral.o
                0x0005131a                CMGetAdvState
 .text.CMIsAdvertising
                0x0005131d        0x9 depend_Release_CSR102x_A06\cm_peripheral.o
                0x0005131d                CMIsAdvertising
 .text.addAdvScanData
                0x00051326       0x9e depend_Release_CSR102x_A06\cm_peripheral.o
 .text.gattAdvertTimerHandler
                0x000513c4       0x1c depend_Release_CSR102x_A06\cm_peripheral.o
 .text.CMSetAdvState
                0x000513e0       0x27 depend_Release_CSR102x_A06\cm_peripheral.o
                0x000513e0                CMSetAdvState
 .text.startAdvertisements
                0x00051407       0xe4 depend_Release_CSR102x_A06\cm_peripheral.o
 .text.handleSignalLsCancelConnectCfm
                0x000514eb       0x23 depend_Release_CSR102x_A06\cm_peripheral.o
 .text.CMPeripheralDirectAdvTimeout
                0x0005150e       0x10 depend_Release_CSR102x_A06\cm_peripheral.o
                0x0005150e                CMPeripheralDirectAdvTimeout
 .text.CMPeripheralHandleProcessLmEvent
                0x0005151e       0x28 depend_Release_CSR102x_A06\cm_peripheral.o
                0x0005151e                CMPeripheralHandleProcessLmEvent
 .text.CMCentralInit
                0x00051546        0x8 depend_Release_CSR102x_A06\cm_central.o
                0x00051546                CMCentralInit
 .text.CMGetScanState
                0x0005154e        0x3 depend_Release_CSR102x_A06\cm_central.o
                0x0005154e                CMGetScanState
 .text.CMGetConnState
                0x00051551        0x3 depend_Release_CSR102x_A06\cm_central.o
                0x00051551                CMGetConnState
 .text.CMSetConnState
                0x00051554        0xe depend_Release_CSR102x_A06\cm_central.o
                0x00051554                CMSetConnState
 .text.interestedDevice
                0x00051562       0xa5 depend_Release_CSR102x_A06\cm_central.o
 .text.CMCentralHandleProcessLMEvent
                0x00051607       0x54 depend_Release_CSR102x_A06\cm_central.o
                0x00051607                CMCentralHandleProcessLMEvent
 .text.moreCharDiscriptors
                0x0005165b       0x21 depend_Release_CSR102x_A06\cm_client.o
 .text.moreCharacteristics
                0x0005167c       0x38 depend_Release_CSR102x_A06\cm_client.o
 .text.CMClientNotifyGenericEvent
                0x000516b4       0x1e depend_Release_CSR102x_A06\cm_client.o
                0x000516b4                CMClientNotifyGenericEvent
 .text.CMClientNotifyGattEvent
                0x000516d2       0x13 depend_Release_CSR102x_A06\cm_client.o
                0x000516d2                CMClientNotifyGattEvent
 .text.CMClientCheckHandleRange
                0x000516e5        0xc depend_Release_CSR102x_A06\cm_client.o
                0x000516e5                CMClientCheckHandleRange
 .text.getInstanceAndHandler
                0x000516f1       0x3c depend_Release_CSR102x_A06\cm_client.o
 .text.discoverServiceChar
                0x0005172d        0xd depend_Release_CSR102x_A06\cm_client.o
 .text.discoveryComplete
                0x0005173a       0x3e depend_Release_CSR102x_A06\cm_client.o
 .text.discoverCharacteristicDesc
                0x00051778       0x15 depend_Release_CSR102x_A06\cm_client.o
 .text.CMClientHandleProcessLMEvent
                0x0005178d      0x278 depend_Release_CSR102x_A06\cm_client.o
                0x0005178d                CMClientHandleProcessLMEvent
 .text.CMClientInit
                0x00051a05       0x14 depend_Release_CSR102x_A06\cm_client.o
                0x00051a05                CMClientInit
 .text.ReadBatteryLevel
                0x00051a19       0x28 depend_Release_CSR102x_A06\battery_hw.o
                0x00051a19                ReadBatteryLevel
 .text.SendLowBatteryIndication
                0x00051a41        0x1 depend_Release_CSR102x_A06\battery_hw.o
                0x00051a41                SendLowBatteryIndication
 .text.setPioMask
                0x00051a42       0x21 depend_Release_CSR102x_A06\iot_hw.o
                0x00051a42                setPioMask
 .text.GetIOTSwitchMask
                0x00051a63        0xf depend_Release_CSR102x_A06\iot_hw.o
                0x00051a63                GetIOTSwitchMask
 .text.IOTSwitchInit
                0x00051a72       0x6a depend_Release_CSR102x_A06\iot_hw.o
                0x00051a72                IOTSwitchInit
 .text.getPsKeyOffset
                0x00051adc       0x16 depend_Release_CSR102x_A06\csr_mesh_ps_ifce.o
 .text.CSRmeshPsInit
                0x00051af2        0x2 depend_Release_CSR102x_A06\csr_mesh_ps_ifce.o
                0x00051af2                CSRmeshPsInit
 .text.CSRmeshPsSecureWrite
                0x00051af4        0xa depend_Release_CSR102x_A06\csr_mesh_ps_ifce.o
                0x00051af4                CSRmeshPsSecureWrite
 .text.CSRmeshPsWriteWithOffset
                0x00051afe        0xb depend_Release_CSR102x_A06\csr_mesh_ps_ifce.o
                0x00051afe                CSRmeshPsWriteWithOffset
 .text.CSRmeshPsWrite
                0x00051b09        0xa depend_Release_CSR102x_A06\csr_mesh_ps_ifce.o
                0x00051b09                CSRmeshPsWrite
 .text.CSRmeshPsSecureRead
                0x00051b13        0xa depend_Release_CSR102x_A06\csr_mesh_ps_ifce.o
                0x00051b13                CSRmeshPsSecureRead
 .text.CSRmeshPsRead
                0x00051b1d        0xa depend_Release_CSR102x_A06\csr_mesh_ps_ifce.o
                0x00051b1d                CSRmeshPsRead
 .text.CSRmeshIsPsReadyForAccess
                0x00051b27       0x1a depend_Release_CSR102x_A06\csr_mesh_ps_ifce.o
                0x00051b27                CSRmeshIsPsReadyForAccess
 .text.CSRmeshPsReadSecureKey
                0x00051b41        0x2 depend_Release_CSR102x_A06\csr_mesh_ps_ifce.o
                0x00051b41                CSRmeshPsReadSecureKey
 .text.attnTimerHandler
                0x00051b43        0x8 depend_Release_CSR102x_A06\core_mesh_handler.o
 .text.IsGattBearerEnabled
                0x00051b4b        0x6 depend_Release_CSR102x_A06\core_mesh_handler.o
                0x00051b4b                IsGattBearerEnabled
 .text.AppGetStoredBearerState
                0x00051b51        0xb depend_Release_CSR102x_A06\core_mesh_handler.o
                0x00051b51                AppGetStoredBearerState
 .text.AppGetCurrentTTL
                0x00051b5c        0x5 depend_Release_CSR102x_A06\core_mesh_handler.o
                0x00051b5c                AppGetCurrentTTL
 .text.AppInitializeSeqCache
                0x00051b61        0x1 depend_Release_CSR102x_A06\core_mesh_handler.o
                0x00051b61                AppInitializeSeqCache
 .text.AppClearSeqCache
                0x00051b62        0x2 depend_Release_CSR102x_A06\core_mesh_handler.o
                0x00051b62                AppClearSeqCache
 .text.AppSetTxPower
                0x00051b64       0x1e depend_Release_CSR102x_A06\core_mesh_handler.o
                0x00051b64                AppSetTxPower
 .text.MeshHandlerInit
                0x00051b82        0xb depend_Release_CSR102x_A06\core_mesh_handler.o
                0x00051b82                MeshHandlerInit
 .text.AppUpdateBearerState
                0x00051b8d        0xf depend_Release_CSR102x_A06\core_mesh_handler.o
                0x00051b8d                AppUpdateBearerState
 .text.InitiateAssociation
                0x00051b9c       0x1f depend_Release_CSR102x_A06\core_mesh_handler.o
                0x00051b9c                InitiateAssociation
 .text.appProcessMeshEvent
                0x00051bbb      0x100 depend_Release_CSR102x_A06\core_mesh_handler.o
 .text.deviceIdAdvertTimeoutHandler
                0x00051cbb       0x31 depend_Release_CSR102x_A06\core_mesh_handler.o
 .text.ReportPanic
                0x00051cec        0x3 depend_Release_CSR102x_A06\app_util.o
                0x00051cec                ReportPanic
 .text.InitialiseGattData
                0x00051cef        0xc depend_Release_CSR102x_A06\connection_handler.o
                0x00051cef                InitialiseGattData
 .text.GetConnectedDeviceId
                0x00051cfb        0x3 depend_Release_CSR102x_A06\connection_handler.o
                0x00051cfb                GetConnectedDeviceId
 .text.IsGaiaOtauInProgress
                0x00051cfe        0x3 depend_Release_CSR102x_A06\connection_handler.o
                0x00051cfe                IsGaiaOtauInProgress
 .text.GaiaOtauUpgradedApplication
                0x00051d01        0x3 depend_Release_CSR102x_A06\connection_handler.o
                0x00051d01                GaiaOtauUpgradedApplication
 .text.IsGaiaOtauUpgradedApplication
                0x00051d04        0x3 depend_Release_CSR102x_A06\connection_handler.o
                0x00051d04                IsGaiaOtauUpgradedApplication
 .text.GetConnInterval
                0x00051d07        0x3 depend_Release_CSR102x_A06\connection_handler.o
                0x00051d07                GetConnInterval
 .text.GaiaOtauInProgress
                0x00051d0a       0x1d depend_Release_CSR102x_A06\connection_handler.o
                0x00051d0a                GaiaOtauInProgress
 .text.AppRequestConnParamUpdate
                0x00051d27       0x3e depend_Release_CSR102x_A06\connection_handler.o
                0x00051d27                AppRequestConnParamUpdate
 .text.AppSetState
                0x00051d65       0x20 depend_Release_CSR102x_A06\connection_handler.o
                0x00051d65                AppSetState
 .text.AppCMInit
                0x00051d85       0x22 depend_Release_CSR102x_A06\connection_handler.o
                0x00051d85                AppCMInit
 .text.handleConnNotify
                0x00051da7       0x8f depend_Release_CSR102x_A06\connection_handler.o
 .text.appHandleConnMgrProcEvent
                0x00051e36       0xbd depend_Release_CSR102x_A06\connection_handler.o
 .text.GattStopAdverts
                0x00051ef3        0xa depend_Release_CSR102x_A06\advertisement_handler.o
                0x00051ef3                GattStopAdverts
 .text.csrStoreUserAdvData
                0x00051efd       0x2e depend_Release_CSR102x_A06\advertisement_handler.o
 .text.gattSetAdvertData
                0x00051f2b       0x69 depend_Release_CSR102x_A06\advertisement_handler.o
 .text.GattTriggerConnectableAdverts
                0x00051f94       0x84 depend_Release_CSR102x_A06\advertisement_handler.o
                0x00051f94                GattTriggerConnectableAdverts
 .text.gattAdvertTimerHandler
                0x00052018        0xa depend_Release_CSR102x_A06\advertisement_handler.o
 .text.updateStoreType
                0x00052022        0x2 depend_Release_CSR102x_A06\app_otau_handler.o
 .text.AppGaiaOtauDataInit
                0x00052024        0xa depend_Release_CSR102x_A06\app_otau_handler.o
                0x00052024                AppGaiaOtauDataInit
 .text.AppGaiaOtauInit
                0x0005202e        0xd depend_Release_CSR102x_A06\app_otau_handler.o
                0x0005202e                AppGaiaOtauInit
 .text.handleConnParamUpdateCallback
                0x0005203b        0xc depend_Release_CSR102x_A06\app_otau_handler.o
 .text.appHandleGaiaOtauEvent
                0x00052047      0x111 depend_Release_CSR102x_A06\app_otau_handler.o
 .text.appHandleGaiaEvent
                0x00052158       0x14 depend_Release_CSR102x_A06\app_otau_handler.o
 .text.extendedMsgHandler
                0x0005216c       0xaf depend_Release_CSR102x_A06\extension_model_handler.o
 .text.extensionModelEventHandler
                0x0005221b        0x9 depend_Release_CSR102x_A06\extension_model_handler.o
 .text.ProcessRxData
                0x00052224      0x14b depend_Release_CSR102x_A06\extension_model_handler.o
                0x00052224                ProcessRxData
 .text.ExtensionModelDataInit
                0x0005236f        0x7 depend_Release_CSR102x_A06\extension_model_handler.o
                0x0005236f                ExtensionModelDataInit
 .text.BatteryModelHandlerInit_A
                0x00052376        0x5 depend_Release_CSR102x_A06\extension_model_handler.o
                0x00052376                BatteryModelHandlerInit_A
 .text.BatteryModelEventHandler
                0x0005237b       0x28 depend_Release_CSR102x_A06\extension_model_handler.o
 .text.GroupModelEventHandler
                0x000523a3       0x51 depend_Release_CSR102x_A06\extension_model_handler.o
 .text.GroupModelHandlerInit
                0x000523f4        0x5 depend_Release_CSR102x_A06\extension_model_handler.o
                0x000523f4                GroupModelHandlerInit
 .text.ExtensionModelHandlerInit
                0x000523f9       0x20 depend_Release_CSR102x_A06\extension_model_handler.o
                0x000523f9                ExtensionModelHandlerInit
 .text.writeDeviceNameToNvm
                0x00052419       0x16 depend_Release_CSR102x_A06\gap_service.o
 .text.handleConnMgrProcedureEvent
                0x0005242f       0x53 depend_Release_CSR102x_A06\gap_service.o
 .text.serviceDataInit
                0x00052482       0x1b depend_Release_CSR102x_A06\gap_service.o
 .text.GapInitServerServiceNoBond
                0x0005249d       0x12 depend_Release_CSR102x_A06\gap_service.o
                0x0005249d                GapInitServerServiceNoBond
 .text.GapGetNameAndLength
                0x000524af        0xc depend_Release_CSR102x_A06\gap_service.o
                0x000524af                GapGetNameAndLength
 .text.writeToNvm
                0x000524bb       0x1f depend_Release_CSR102x_A06\gatt_service.o
 .text.handleConnMgrProcedureEvent
                0x000524da       0x85 depend_Release_CSR102x_A06\gatt_service.o
 .text.readDataFromNVM
                0x0005255f       0x30 depend_Release_CSR102x_A06\gatt_service.o
 .text.GattExtInitServerService
                0x0005258f       0x24 depend_Release_CSR102x_A06\gatt_service.o
                0x0005258f                GattExtInitServerService
 .text.MeshControlServiceDataInit
                0x000525b3        0x8 depend_Release_CSR102x_A06\mesh_control_service.o
                0x000525b3                MeshControlServiceDataInit
 .text.MeshControlNotifyResponse
                0x000525bb       0x2a depend_Release_CSR102x_A06\mesh_control_service.o
                0x000525bb                MeshControlNotifyResponse
 .text.MeshControlInitServerService
                0x000525e5       0x12 depend_Release_CSR102x_A06\mesh_control_service.o
                0x000525e5                MeshControlInitServerService
 .text.handleAccessRead
                0x000525f7       0x3f depend_Release_CSR102x_A06\mesh_control_service.o
 .text.handleAccessWrite
                0x00052636       0xa0 depend_Release_CSR102x_A06\mesh_control_service.o
 .text.handleConnMgrProcedureEvent
                0x000526d6        0xe depend_Release_CSR102x_A06\mesh_control_service.o
 .text.SetUint8InArray
                0x000526e4        0x7 depend_Release_CSR102x_A06\byte_utils.o
                0x000526e4                SetUint8InArray
 .text.SetUint16InArray
                0x000526eb        0xd depend_Release_CSR102x_A06\byte_utils.o
                0x000526eb                SetUint16InArray
 .text.SetUint32InArray
                0x000526f8       0x16 depend_Release_CSR102x_A06\byte_utils.o
                0x000526f8                SetUint32InArray
 .text.GetUint8FromArray
                0x0005270e        0x4 depend_Release_CSR102x_A06\byte_utils.o
                0x0005270e                GetUint8FromArray
 .text.GetUint16FromArray
                0x00052712        0x6 depend_Release_CSR102x_A06\byte_utils.o
                0x00052712                GetUint16FromArray
 .text.GetUint32FromArray
                0x00052718       0x1b depend_Release_CSR102x_A06\byte_utils.o
                0x00052718                GetUint32FromArray
 .text.SwapBytes
                0x00052733       0x1d depend_Release_CSR102x_A06\byte_utils.o
                0x00052733                SwapBytes
 .text.BufReadUint16BE
                0x00052750        0xc depend_Release_CSR102x_A06\byte_utils.o
                0x00052750                BufReadUint16BE
 .text.notifyApplication
                0x0005275c       0x15 depend_Release_CSR102x_A06\gaia.o
 .text.GaiaLibInit
                0x00052771        0x9 depend_Release_CSR102x_A06\gaia.o
                0x00052771                GaiaLibInit
 .text.GaiaLibHandleConnNotify
                0x0005277a        0x1 depend_Release_CSR102x_A06\gaia.o
                0x0005277a                GaiaLibHandleConnNotify
 .text.GaiaRegisterCallback
                0x0005277b        0x5 depend_Release_CSR102x_A06\gaia.o
                0x0005277b                GaiaRegisterCallback
 .text.GaiaSendPacket
                0x00052780       0x2b depend_Release_CSR102x_A06\gaia.o
                0x00052780                GaiaSendPacket
 .text.GAIAProcessCommand
                0x000527ab      0x124 depend_Release_CSR102x_A06\gaia.o
                0x000527ab                GAIAProcessCommand
 .text.initStateVariables
                0x000528cf       0x17 depend_Release_CSR102x_A06\gaia_otau.o
 .text.notifyApplication
                0x000528e6       0x15 depend_Release_CSR102x_A06\gaia_otau.o
 .text.notifyApplicationRebootWarning
                0x000528fb        0xa depend_Release_CSR102x_A06\gaia_otau.o
 .text.isNewApp
                0x00052905        0x9 depend_Release_CSR102x_A06\gaia_otau.o
 .text.getAppStoreToUpgrade
                0x0005290e       0x10 depend_Release_CSR102x_A06\gaia_otau.o
 .text.GaiaOtauConfigStoreMsg
                0x0005291e       0x1a depend_Release_CSR102x_A06\gaia_otau.o
                0x0005291e                GaiaOtauConfigStoreMsg
 .text.GaiaOtauRegisterCallback
                0x00052938        0x5 depend_Release_CSR102x_A06\gaia_otau.o
                0x00052938                GaiaOtauRegisterCallback
 .text.GaiaOtauHandleConnNotify
                0x0005293d       0x1f depend_Release_CSR102x_A06\gaia_otau.o
                0x0005293d                GaiaOtauHandleConnNotify
 .text.setDefaultNVM
                0x0005295c       0x1a depend_Release_CSR102x_A06\gaia_otau.o
 .text.hostCommitTimeoutHandler
                0x00052976       0x15 depend_Release_CSR102x_A06\gaia_otau.o
 .text.handleVmUpgradeHostSyncReq
                0x0005298b       0x74 depend_Release_CSR102x_A06\gaia_otau.o
 .text.GaiaOtauContinueUpgrade
                0x000529ff        0xe depend_Release_CSR102x_A06\gaia_otau.o
                0x000529ff                GaiaOtauContinueUpgrade
 .text.upgradeDeviceSendDataBytesReq
                0x00052a0d       0x43 depend_Release_CSR102x_A06\gaia_otau.o
 .text.upgradeDeviceSendErrorInd
                0x00052a50       0x33 depend_Release_CSR102x_A06\gaia_otau.o
 .text.upgradeDeviceSendValidationCfm
                0x00052a83       0x2f depend_Release_CSR102x_A06\gaia_otau.o
 .text.GaiaOtauHandleStoreUpdateMsg
                0x00052ab2       0xb3 depend_Release_CSR102x_A06\gaia_otau.o
                0x00052ab2                GaiaOtauHandleStoreUpdateMsg
 .text.hostCommitTimeoutCreate
                0x00052b65       0x15 depend_Release_CSR102x_A06\gaia_otau.o
 .text.upgradeDeviceSendStartCfm
                0x00052b7a       0x3c depend_Release_CSR102x_A06\gaia_otau.o
 .text.handleOtauFileTransfer
                0x00052bb6      0x211 depend_Release_CSR102x_A06\gaia_otau.o
 .text.hostCommitTimeoutDelete
                0x00052dc7        0xc depend_Release_CSR102x_A06\gaia_otau.o
 .text.runNewApp
                0x00052dd3       0x17 depend_Release_CSR102x_A06\gaia_otau.o
 .text.GaiaOtauHandleVmUpgradeControlCommand
                0x00052dea      0x142 depend_Release_CSR102x_A06\gaia_otau.o
                0x00052dea                GaiaOtauHandleVmUpgradeControlCommand
 .text.GaiaOtauInit
                0x00052f2c       0x41 depend_Release_CSR102x_A06\gaia_otau.o
                0x00052f2c                GaiaOtauInit
 .text.GAIASendNotification
                0x00052f6d       0x28 depend_Release_CSR102x_A06\gaia_service.o
                0x00052f6d                GAIASendNotification
 .text.handleConnMgrProcedureEvent
                0x00052f95       0x89 depend_Release_CSR102x_A06\gaia_service.o
 .text.GAIAInitServerService
                0x0005301e       0x38 depend_Release_CSR102x_A06\gaia_service.o
                0x0005301e                GAIAInitServerService
 .text.HextoASCII
                0x00053056        0x6 depend_Release_CSR102x_A06\main_app.o
                0x00053056                HextoASCII
 .text.AppProcessEvent
                0x0005305c       0x99 depend_Release_CSR102x_A06\main_app.o
                0x0005305c                AppProcessEvent
 .text.AppProcessSystemEvent
                0x000530f5        0xc depend_Release_CSR102x_A06\main_app.o
                0x000530f5                AppProcessSystemEvent
 .text.AppNvmReady
                0x00053101        0xd depend_Release_CSR102x_A06\main_app.o
                0x00053101                AppNvmReady
 .text.AppInit  0x0005310e       0x27 depend_Release_CSR102x_A06\main_app.o
                0x0005310e                AppInit
 .text.appUserReadIndCallback
                0x00053135       0x67 depend_Release_CSR102x_A06\main_app.o
 .text.AppDataInit
                0x0005319c        0x8 depend_Release_CSR102x_A06\main_app.o
                0x0005319c                AppDataInit
 .text.InitAppSupportedServices
                0x000531a4       0x21 depend_Release_CSR102x_A06\main_app.o
                0x000531a4                InitAppSupportedServices
 .text.UUIDrandom
                0x000531c5       0x18 depend_Release_CSR102x_A06\app_mesh_handler.o
                0x000531c5                UUIDrandom
 .text.HandleGroupSetMsg
                0x000531dd       0x1c depend_Release_CSR102x_A06\app_mesh_handler.o
                0x000531dd                HandleGroupSetMsg
 .text.writeSupportedModelGroupsOntoNVM
                0x000531f9        0xa depend_Release_CSR102x_A06\app_mesh_handler.o
                0x000531f9                writeSupportedModelGroupsOntoNVM
 .text.AppHandleAssociationComplete
                0x00053203       0x18 depend_Release_CSR102x_A06\app_mesh_handler.o
                0x00053203                AppHandleAssociationComplete
 .text.initializeSupportedModelGroups
                0x0005321b       0x2c depend_Release_CSR102x_A06\app_mesh_handler.o
                0x0005321b                initializeSupportedModelGroups
 .text.RemoveAssociation
                0x00053247       0x48 depend_Release_CSR102x_A06\app_mesh_handler.o
                0x00053247                RemoveAssociation
 .text.AppMeshInit
                0x0005328f      0x118 depend_Release_CSR102x_A06\app_mesh_handler.o
                0x0005328f                AppMeshInit
 .text.LightHardwareInit
                0x000533a7        0x2 depend_Release_CSR102x_A06\app_hw.o
                0x000533a7                LightHardwareInit
 .text.HandlePIOChangedEvent
                0x000533a9       0x22 depend_Release_CSR102x_A06\app_hw.o
                0x000533a9                HandlePIOChangedEvent
 .text.genUartCheckSum
                0x000533cb       0x14 depend_Release_CSR102x_A06\ONESECOND.o
                0x000533cb                genUartCheckSum
 .text.setUartTxAckFlag
                0x000533df        0x3 depend_Release_CSR102x_A06\ONESECOND.o
                0x000533df                setUartTxAckFlag
 .text.Group_Set_UartTxHandler
                0x000533e2       0x91 depend_Release_CSR102x_A06\ONESECOND.o
                0x000533e2                Group_Set_UartTxHandler
 .text.createUartTxAckTimeout
                0x00053473       0x11 depend_Release_CSR102x_A06\ONESECOND.o
                0x00053473                createUartTxAckTimeout
 .text.timerCallbackUartTxedPinToLow
                0x00053484        0x5 depend_Release_CSR102x_A06\ONESECOND.o
                0x00053484                timerCallbackUartTxedPinToLow
 .text.timerCallbackUartRxedPinToLow
                0x00053489        0x5 depend_Release_CSR102x_A06\ONESECOND.o
                0x00053489                timerCallbackUartRxedPinToLow
 .text.sendTxData
                0x0005348e       0x1b depend_Release_CSR102x_A06\ONESECOND.o
                0x0005348e                sendTxData
 .text.mainUartTxHandler
                0x000534a9       0x31 depend_Release_CSR102x_A06\ONESECOND.o
                0x000534a9                mainUartTxHandler
 .text.timerCallbackWaitUartTxAck
                0x000534da        0xd depend_Release_CSR102x_A06\ONESECOND.o
                0x000534da                timerCallbackWaitUartTxAck
 .text.getTXPacketBuff
                0x000534e7       0x16 depend_Release_CSR102x_A06\uart_queue.o
                0x000534e7                getTXPacketBuff
 .text.copyToTXPacketBuffer
                0x000534fd       0x14 depend_Release_CSR102x_A06\uart_queue.o
                0x000534fd                copyToTXPacketBuffer
 .text.UARTMCUinit
                0x00053511       0x35 depend_Release_CSR102x_A06\UARTMCU.o
                0x00053511                UARTMCUinit
 .text.AppUartProcessEvent
                0x00053546       0x1f depend_Release_CSR102x_A06\UARTMCU.o
                0x00053546                AppUartProcessEvent
 .text.CSRmeshRegisterAppCallback
                0x00053565       0x14 ..\mesh_common\mesh\libraries\CSR102x_A06\libcsrmesh.a(csr_mesh.o)
                0x00053565                CSRmeshRegisterAppCallback
 .text.___libcsrmesh_86
                0x00053579       0x1a ..\mesh_common\mesh\libraries\CSR102x_A06\libcsrmesh.a(csr_mesh.o)
                0x00053579                ___libcsrmesh_86
 .text.___libcsrmesh_85
                0x00053593        0xc ..\mesh_common\mesh\libraries\CSR102x_A06\libcsrmesh.a(csr_mesh.o)
                0x00053593                ___libcsrmesh_85
 .text.CSRmeshAssociateToANetwork
                0x0005359f       0x18 ..\mesh_common\mesh\libraries\CSR102x_A06\libcsrmesh.a(csr_mesh.o)
                0x0005359f                CSRmeshAssociateToANetwork
 .text.CSRmeshGetDefaultTTL
                0x000535b7       0x1b ..\mesh_common\mesh\libraries\CSR102x_A06\libcsrmesh.a(csr_mesh.o)
                0x000535b7                CSRmeshGetDefaultTTL
 .text.CSRmeshSetDefaultTTL
                0x000535d2       0x10 ..\mesh_common\mesh\libraries\CSR102x_A06\libcsrmesh.a(csr_mesh.o)
                0x000535d2                CSRmeshSetDefaultTTL
 .text.CSRmeshDisableSequenceCache
                0x000535e2        0x2 ..\mesh_common\mesh\libraries\CSR102x_A06\libcsrmesh.a(csr_mesh.o)
                0x000535e2                CSRmeshDisableSequenceCache
 .text.CSRmeshSetTransmitState
                0x000535e4       0x27 ..\mesh_common\mesh\libraries\CSR102x_A06\libcsrmesh.a(csr_mesh.o)
                0x000535e4                CSRmeshSetTransmitState
 .text.___libcsrmesh_84
                0x0005360b        0x9 ..\mesh_common\mesh\libraries\CSR102x_A06\libcsrmesh.a(csr_mesh.o)
                0x0005360b                ___libcsrmesh_84
 .text.___libcsrmesh_88
                0x00053614       0x31 ..\mesh_common\mesh\libraries\CSR102x_A06\libcsrmesh.a(csr_mesh.o)
                0x00053614                ___libcsrmesh_88
 .text.CSRmeshRemoveNetwork
                0x00053645       0x24 ..\mesh_common\mesh\libraries\CSR102x_A06\libcsrmesh.a(csr_mesh.o)
                0x00053645                CSRmeshRemoveNetwork
 .text.CSRMeshUpdateMeshContextData
                0x00053669       0x9a ..\mesh_common\mesh\libraries\CSR102x_A06\libcsrmesh.a(csr_mesh.o)
 .text.CSRmeshStop
                0x00053703       0x18 ..\mesh_common\mesh\libraries\CSR102x_A06\libcsrmesh.a(csr_mesh.o)
                0x00053703                CSRmeshStop
 .text.CSRmeshStart
                0x0005371b       0x20 ..\mesh_common\mesh\libraries\CSR102x_A06\libcsrmesh.a(csr_mesh.o)
                0x0005371b                CSRmeshStart
 .text.CSRMeshUpdateConfigRole
                0x0005373b       0x14 ..\mesh_common\mesh\libraries\CSR102x_A06\libcsrmesh.a(csr_mesh.o)
 .text.CSRmeshInit
                0x0005374f       0x67 ..\mesh_common\mesh\libraries\CSR102x_A06\libcsrmesh.a(csr_mesh.o)
                0x0005374f                CSRmeshInit
 .text.___libcsrmesh_215
                0x000537b6       0x22 ..\mesh_common\mesh\libraries\CSR102x_A06\libcsrmesh.a(csr_mesh_masp_mcp_common.o)
                0x000537b6                ___libcsrmesh_215
 .text.___libcsrmesh_281
                0x000537d8        0x5 ..\mesh_common\mesh\libraries\CSR102x_A06\libcsrmesh.a(csr_mesh_mtl.o)
                0x000537d8                ___libcsrmesh_281
 .text.___libcsrmesh_273
                0x000537dd        0x6 ..\mesh_common\mesh\libraries\CSR102x_A06\libcsrmesh.a(csr_mesh_mtl.o)
                0x000537dd                ___libcsrmesh_273
 .text.___libcsrmesh_274
                0x000537e3        0x5 ..\mesh_common\mesh\libraries\CSR102x_A06\libcsrmesh.a(csr_mesh_mtl.o)
                0x000537e3                ___libcsrmesh_274
 .text.___libcsrmesh_270
                0x000537e8        0x7 ..\mesh_common\mesh\libraries\CSR102x_A06\libcsrmesh.a(csr_mesh_mtl.o)
                0x000537e8                ___libcsrmesh_270
 .text.___libcsrmesh_278
                0x000537ef       0x6c ..\mesh_common\mesh\libraries\CSR102x_A06\libcsrmesh.a(csr_mesh_mtl.o)
                0x000537ef                ___libcsrmesh_278
 .text.___libcsrmesh_282
                0x0005385b       0x21 ..\mesh_common\mesh\libraries\CSR102x_A06\libcsrmesh.a(csr_mesh_mtl.o)
                0x0005385b                ___libcsrmesh_282
 .text.___libcsrmesh_283
                0x0005387c       0x23 ..\mesh_common\mesh\libraries\CSR102x_A06\libcsrmesh.a(csr_mesh_mtl.o)
                0x0005387c                ___libcsrmesh_283
 .text.___libcsrmesh_272
                0x0005389f       0x2d ..\mesh_common\mesh\libraries\CSR102x_A06\libcsrmesh.a(csr_mesh_mtl.o)
                0x0005389f                ___libcsrmesh_272
 .text.MtlCryptMessage
                0x000538cc       0x28 ..\mesh_common\mesh\libraries\CSR102x_A06\libcsrmesh.a(csr_mesh_mtl.o)
 .text.___libcsrmesh_276
                0x000538f4      0x22b ..\mesh_common\mesh\libraries\CSR102x_A06\libcsrmesh.a(csr_mesh_mtl.o)
                0x000538f4                ___libcsrmesh_276
 .text.___libcsrmesh_279
                0x00053b1f       0x59 ..\mesh_common\mesh\libraries\CSR102x_A06\libcsrmesh.a(csr_mesh_mtl.o)
                0x00053b1f                ___libcsrmesh_279
 .text.___libcsrmesh_271
                0x00053b78       0x1e ..\mesh_common\mesh\libraries\CSR102x_A06\libcsrmesh.a(csr_mesh_mtl.o)
                0x00053b78                ___libcsrmesh_271
 .text.___libcsrmesh_284
                0x00053b96       0x33 ..\mesh_common\mesh\libraries\CSR102x_A06\libcsrmesh.a(csr_mesh_mtl.o)
                0x00053b96                ___libcsrmesh_284
 .text.___libcsrmesh_118
                0x00053bc9        0x3 ..\mesh_common\mesh\libraries\CSR102x_A06\libcsrmesh.a(csr_mesh_ec_alloc.o)
                0x00053bc9                ___libcsrmesh_118
 .text.___libcsrmesh_119
                0x00053bcc        0x1 ..\mesh_common\mesh\libraries\CSR102x_A06\libcsrmesh.a(csr_mesh_ec_alloc.o)
                0x00053bcc                ___libcsrmesh_119
 .text.___libcsrmesh_117
                0x00053bcd        0xa ..\mesh_common\mesh\libraries\CSR102x_A06\libcsrmesh.a(csr_mesh_ec_alloc.o)
                0x00053bcd                ___libcsrmesh_117
 .text.___libcsrmesh_116
                0x00053bd7       0x1f ..\mesh_common\mesh\libraries\CSR102x_A06\libcsrmesh.a(csr_mesh_ec_alloc.o)
                0x00053bd7                ___libcsrmesh_116
 .text.maspFreeConfirmationBuffers
                0x00053bf6       0x12 ..\mesh_common\mesh\libraries\CSR102x_A06\libcsrmesh.a(csr_mesh_masp.o)
 .text.maspFreeClientPublicKeyBuffer
                0x00053c08        0xc ..\mesh_common\mesh\libraries\CSR102x_A06\libcsrmesh.a(csr_mesh_masp.o)
 .text.maspFreeAlgoBuffer
                0x00053c14        0xa ..\mesh_common\mesh\libraries\CSR102x_A06\libcsrmesh.a(csr_mesh_masp.o)
 .text.maspAllocNmakeKeyPair
                0x00053c1e       0x17 ..\mesh_common\mesh\libraries\CSR102x_A06\libcsrmesh.a(csr_mesh_masp.o)
 .text.maspAllocAlgoBuffer
                0x00053c35        0x6 ..\mesh_common\mesh\libraries\CSR102x_A06\libcsrmesh.a(csr_mesh_masp.o)
 .text.maspAllocClientPublicKeyBuffer
                0x00053c3b       0x12 ..\mesh_common\mesh\libraries\CSR102x_A06\libcsrmesh.a(csr_mesh_masp.o)
 .text.maspSendEventToApp
                0x00053c4d       0x28 ..\mesh_common\mesh\libraries\CSR102x_A06\libcsrmesh.a(csr_mesh_masp.o)
 .text.maspResetState
                0x00053c75       0x61 ..\mesh_common\mesh\libraries\CSR102x_A06\libcsrmesh.a(csr_mesh_masp.o)
 .text.___libcsrmesh_208
                0x00053cd6        0x2 ..\mesh_common\mesh\libraries\CSR102x_A06\libcsrmesh.a(csr_mesh_masp.o)
                0x00053cd6                ___libcsrmesh_208
 .text.maspPrepareKeyIVDistributionAckResponse
                0x00053cd8       0x1d ..\mesh_common\mesh\libraries\CSR102x_A06\libcsrmesh.a(csr_mesh_masp.o)
 .text.___libcsrmesh_212
                0x00053cf5       0x15 ..\mesh_common\mesh\libraries\CSR102x_A06\libcsrmesh.a(csr_mesh_masp.o)
                0x00053cf5                ___libcsrmesh_212
 .text.___libcsrmesh_204
                0x00053d0a        0x9 ..\mesh_common\mesh\libraries\CSR102x_A06\libcsrmesh.a(csr_mesh_masp.o)
                0x00053d0a                ___libcsrmesh_204
 .text.maspCalculateConfirmation
                0x00053d13       0x51 ..\mesh_common\mesh\libraries\CSR102x_A06\libcsrmesh.a(csr_mesh_masp.o)
 .text.maspGenerateNetworkIdentifier
                0x00053d64       0x26 ..\mesh_common\mesh\libraries\CSR102x_A06\libcsrmesh.a(csr_mesh_masp.o)
 .text.maspGenerateKeyIVStateSignature
                0x00053d8a       0x36 ..\mesh_common\mesh\libraries\CSR102x_A06\libcsrmesh.a(csr_mesh_masp.o)
 .text.maspAllocConfirmationBuffers
                0x00053dc0       0x26 ..\mesh_common\mesh\libraries\CSR102x_A06\libcsrmesh.a(csr_mesh_masp.o)
 .text.___libcsrmesh_205
                0x00053de6       0x10 ..\mesh_common\mesh\libraries\CSR102x_A06\libcsrmesh.a(csr_mesh_masp.o)
                0x00053de6                ___libcsrmesh_205
 .text.maspGenerateRandom
                0x00053df6       0x2a ..\mesh_common\mesh\libraries\CSR102x_A06\libcsrmesh.a(csr_mesh_masp.o)
 .text.maspUpdateKeyIVStatus
                0x00053e20       0x65 ..\mesh_common\mesh\libraries\CSR102x_A06\libcsrmesh.a(csr_mesh_masp.o)
 .text.maspSendMessage
                0x00053e85       0x44 ..\mesh_common\mesh\libraries\CSR102x_A06\libcsrmesh.a(csr_mesh_masp.o)
 .text.handleMaspMessage
                0x00053ec9      0x503 ..\mesh_common\mesh\libraries\CSR102x_A06\libcsrmesh.a(csr_mesh_masp.o)
 .text.___libcsrmesh_207
                0x000543cc       0x58 ..\mesh_common\mesh\libraries\CSR102x_A06\libcsrmesh.a(csr_mesh_masp.o)
                0x000543cc                ___libcsrmesh_207
 .text.___libcsrmesh_199
                0x00054424       0x3c ..\mesh_common\mesh\libraries\CSR102x_A06\libcsrmesh.a(csr_mesh_masp.o)
                0x00054424                ___libcsrmesh_199
 .text.maspWatchdogTimeoutHandler
                0x00054460       0x1f ..\mesh_common\mesh\libraries\CSR102x_A06\libcsrmesh.a(csr_mesh_masp.o)
 .text.___libcsrmesh_206
                0x0005447f       0x55 ..\mesh_common\mesh\libraries\CSR102x_A06\libcsrmesh.a(csr_mesh_masp.o)
                0x0005447f                ___libcsrmesh_206
 .text.___libcsrmesh_237
                0x000544d4       0x11 ..\mesh_common\mesh\libraries\CSR102x_A06\libcsrmesh.a(csr_mesh_mcp.o)
                0x000544d4                ___libcsrmesh_237
 .text.___libcsrmesh_236
                0x000544e5       0x18 ..\mesh_common\mesh\libraries\CSR102x_A06\libcsrmesh.a(csr_mesh_mcp.o)
                0x000544e5                ___libcsrmesh_236
 .text.___libcsrmesh_247
                0x000544fd        0x8 ..\mesh_common\mesh\libraries\CSR102x_A06\libcsrmesh.a(csr_mesh_mcp.o)
                0x000544fd                ___libcsrmesh_247
 .text.___libcsrmesh_246
                0x00054505        0x3 ..\mesh_common\mesh\libraries\CSR102x_A06\libcsrmesh.a(csr_mesh_mcp.o)
                0x00054505                ___libcsrmesh_246
 .text.___libcsrmesh_233
                0x00054508        0x3 ..\mesh_common\mesh\libraries\CSR102x_A06\libcsrmesh.a(csr_mesh_mcp.o)
                0x00054508                ___libcsrmesh_233
 .text.___libcsrmesh_235
                0x0005450b        0x3 ..\mesh_common\mesh\libraries\CSR102x_A06\libcsrmesh.a(csr_mesh_mcp.o)
                0x0005450b                ___libcsrmesh_235
 .text.___libcsrmesh_232
                0x0005450e       0x32 ..\mesh_common\mesh\libraries\CSR102x_A06\libcsrmesh.a(csr_mesh_mcp.o)
                0x0005450e                ___libcsrmesh_232
 .text.___libcsrmesh_241
                0x00054540       0x83 ..\mesh_common\mesh\libraries\CSR102x_A06\libcsrmesh.a(csr_mesh_mcp.o)
                0x00054540                ___libcsrmesh_241
 .text.___libcsrmesh_245
                0x000545c3       0x13 ..\mesh_common\mesh\libraries\CSR102x_A06\libcsrmesh.a(csr_mesh_mcp.o)
                0x000545c3                ___libcsrmesh_245
 .text.___libcsrmesh_239
                0x000545d6      0x22e ..\mesh_common\mesh\libraries\CSR102x_A06\libcsrmesh.a(csr_mesh_mcp.o)
                0x000545d6                ___libcsrmesh_239
 .text.___libcsrmesh_234
                0x00054804        0x5 ..\mesh_common\mesh\libraries\CSR102x_A06\libcsrmesh.a(csr_mesh_mcp.o)
                0x00054804                ___libcsrmesh_234
 .text.___libcsrmesh_459
                0x00054809       0x2e ..\mesh_common\mesh\libraries\CSR102x_A06\libcsrmesh.a(csr_mesh_mcp.o)
                0x00054809                ___libcsrmesh_459
 .text.___libcsrmesh_238
                0x00054837       0x4f ..\mesh_common\mesh\libraries\CSR102x_A06\libcsrmesh.a(csr_mesh_mcp.o)
                0x00054837                ___libcsrmesh_238
 .text.___libcsrmesh_297
                0x00054886       0x97 ..\mesh_common\mesh\libraries\CSR102x_A06\libcsrmesh.a(csr_mesh_sha256_get_results.o)
                0x00054886                ___libcsrmesh_297
 .text.___libcsrmesh_308
                0x0005491d       0x24 ..\mesh_common\mesh\libraries\CSR102x_A06\libcsrmesh.a(csr_mesh_sha256_hmac.o)
                0x0005491d                ___libcsrmesh_308
 .text.___libcsrmesh_304
                0x00054941       0x43 ..\mesh_common\mesh\libraries\CSR102x_A06\libcsrmesh.a(csr_mesh_sha256_hmac.o)
                0x00054941                ___libcsrmesh_304
 .text.___libcsrmesh_307
                0x00054984       0x3d ..\mesh_common\mesh\libraries\CSR102x_A06\libcsrmesh.a(csr_mesh_sha256_hmac.o)
                0x00054984                ___libcsrmesh_307
 .text.___libcsrmesh_305
                0x000549c1       0x79 ..\mesh_common\mesh\libraries\CSR102x_A06\libcsrmesh.a(csr_mesh_sha256_hmac.o)
                0x000549c1                ___libcsrmesh_305
 .text.___libcsrmesh_311
                0x00054a3a       0x19 ..\mesh_common\mesh\libraries\CSR102x_A06\libcsrmesh.a(csr_mesh_sha256_initialise.o)
                0x00054a3a                ___libcsrmesh_311
 .text.sha256_process_data
                0x00054a53       0x85 ..\mesh_common\mesh\libraries\CSR102x_A06\libcsrmesh.a(csr_mesh_sha256_process_data.o)
 .text.___libcsrmesh_317
                0x00054ad8        0xc ..\mesh_common\mesh\libraries\CSR102x_A06\libcsrmesh.a(csr_mesh_sha256_process_data.o)
                0x00054ad8                ___libcsrmesh_317
 .text.___libcsrmesh_318
                0x00054ae4        0xa ..\mesh_common\mesh\libraries\CSR102x_A06\libcsrmesh.a(csr_mesh_sha256_process_data.o)
                0x00054ae4                ___libcsrmesh_318
 .text.___libcsrmesh_337
                0x00054aee       0x11 ..\mesh_common\mesh\libraries\CSR102x_A06\libcsrmesh.a(csr_mesh_bearer.o)
                0x00054aee                ___libcsrmesh_337
 .text.___libcsrmesh_330
                0x00054aff       0x25 ..\mesh_common\mesh\libraries\CSR102x_A06\libcsrmesh.a(csr_mesh_bearer.o)
                0x00054aff                ___libcsrmesh_330
 .text.___libcsrmesh_336
                0x00054b24        0xa ..\mesh_common\mesh\libraries\CSR102x_A06\libcsrmesh.a(csr_mesh_bearer.o)
                0x00054b24                ___libcsrmesh_336
 .text.___libcsrmesh_335
                0x00054b2e       0x1f ..\mesh_common\mesh\libraries\CSR102x_A06\libcsrmesh.a(csr_mesh_bearer.o)
                0x00054b2e                ___libcsrmesh_335
 .text.___libcsrmesh_332
                0x00054b4d        0x8 ..\mesh_common\mesh\libraries\CSR102x_A06\libcsrmesh.a(csr_mesh_bearer.o)
                0x00054b4d                ___libcsrmesh_332
 .text.___libcsrmesh_331
                0x00054b55       0x35 ..\mesh_common\mesh\libraries\CSR102x_A06\libcsrmesh.a(csr_mesh_bearer.o)
                0x00054b55                ___libcsrmesh_331
 .text.___libcsrmesh_333
                0x00054b8a       0x21 ..\mesh_common\mesh\libraries\CSR102x_A06\libcsrmesh.a(csr_mesh_bearer.o)
                0x00054b8a                ___libcsrmesh_333
 .text.___libcsrmesh_329
                0x00054bab        0x8 ..\mesh_common\mesh\libraries\CSR102x_A06\libcsrmesh.a(csr_mesh_bearer.o)
                0x00054bab                ___libcsrmesh_329
 .text.___libcsrmesh_334
                0x00054bb3       0x62 ..\mesh_common\mesh\libraries\CSR102x_A06\libcsrmesh.a(csr_mesh_bearer.o)
                0x00054bb3                ___libcsrmesh_334
 .text.___libcsrmesh_353
                0x00054c15       0x11 ..\mesh_common\mesh\libraries\CSR102x_A06\libcsrmesh.a(csr_mesh_bearer_porting_util.o)
                0x00054c15                ___libcsrmesh_353
 .text.___libcsrmesh_350
                0x00054c26       0x19 ..\mesh_common\mesh\libraries\CSR102x_A06\libcsrmesh.a(csr_mesh_bearer_porting_util.o)
                0x00054c26                ___libcsrmesh_350
 .text.___libcsrmesh_352
                0x00054c3f       0x1d ..\mesh_common\mesh\libraries\CSR102x_A06\libcsrmesh.a(csr_mesh_bearer_porting_util.o)
                0x00054c3f                ___libcsrmesh_352
 .text.___libcsrmesh_355
                0x00054c5c        0x3 ..\mesh_common\mesh\libraries\CSR102x_A06\libcsrmesh.a(csr_mesh_bearer_porting_util.o)
                0x00054c5c                ___libcsrmesh_355
 .text.___libcsrmesh_354
                0x00054c5f        0x3 ..\mesh_common\mesh\libraries\CSR102x_A06\libcsrmesh.a(csr_mesh_bearer_porting_util.o)
                0x00054c5f                ___libcsrmesh_354
 .text.___libcsrmesh_351
                0x00054c62       0x58 ..\mesh_common\mesh\libraries\CSR102x_A06\libcsrmesh.a(csr_mesh_bearer_porting_util.o)
                0x00054c62                ___libcsrmesh_351
 .text.checkMessageInTransmitQueue
                0x00054cba       0x40 ..\mesh_common\mesh\libraries\CSR102x_A06\libcsrmesh.a(csr_mesh_bearer_porting_util.o)
 .text.___libcsrmesh_349
                0x00054cfa       0x74 ..\mesh_common\mesh\libraries\CSR102x_A06\libcsrmesh.a(csr_mesh_bearer_porting_util.o)
                0x00054cfa                ___libcsrmesh_349
 .text.CSRSchedGetScanDutyCycle
                0x00054d6e       0x1b ..\mesh_common\mesh\libraries\CSR102x_A06\libcsrmesh.a(csr1010_scheduler.o)
                0x00054d6e                CSRSchedGetScanDutyCycle
 .text.IsCSRSchedRunning
                0x00054d89        0x5 ..\mesh_common\mesh\libraries\CSR102x_A06\libcsrmesh.a(csr1010_scheduler.o)
                0x00054d89                IsCSRSchedRunning
 .text.CSRSchedLeAdvScanDisable
                0x00054d8e       0x12 ..\mesh_common\mesh\libraries\CSR102x_A06\libcsrmesh.a(csr1010_scheduler.o)
 .text.CSRSchedLeStartScan
                0x00054da0       0x44 ..\mesh_common\mesh\libraries\CSR102x_A06\libcsrmesh.a(csr1010_scheduler.o)
 .text.CSRSchedEnableListening
                0x00054de4       0x13 ..\mesh_common\mesh\libraries\CSR102x_A06\libcsrmesh.a(csr1010_scheduler.o)
                0x00054de4                CSRSchedEnableListening
 .text.CSRSchedSetScanDutyCycle
                0x00054df7       0xc8 ..\mesh_common\mesh\libraries\CSR102x_A06\libcsrmesh.a(csr1010_scheduler.o)
                0x00054df7                CSRSchedSetScanDutyCycle
 .text.CSRSchedHandleIncomingData
                0x00054ebf       0x4f ..\mesh_common\mesh\libraries\CSR102x_A06\libcsrmesh.a(csr1010_scheduler.o)
                0x00054ebf                CSRSchedHandleIncomingData
 .text.CSRSchedMeshLeStartAdverts
                0x00054f0e       0xa0 ..\mesh_common\mesh\libraries\CSR102x_A06\libcsrmesh.a(csr1010_scheduler.o)
 .text.CSRSchedSendPriorityMsg
                0x00054fae       0x22 ..\mesh_common\mesh\libraries\CSR102x_A06\libcsrmesh.a(csr1010_scheduler.o)
                0x00054fae                CSRSchedSendPriorityMsg
 .text.CSRSchedAdvertTimeoutHandler
                0x00054fd0       0x6e ..\mesh_common\mesh\libraries\CSR102x_A06\libcsrmesh.a(csr1010_scheduler.o)
 .text.CSRSchedLeStartUserAdverts
                0x0005503e       0x7c ..\mesh_common\mesh\libraries\CSR102x_A06\libcsrmesh.a(csr1010_scheduler.o)
 .text.CSRSchedMeshLeStartAdvertsFromQueue
                0x000550ba       0x13 ..\mesh_common\mesh\libraries\CSR102x_A06\libcsrmesh.a(csr1010_scheduler.o)
 .text.CSRSchedScanTimeoutHandler
                0x000550cd       0x13 ..\mesh_common\mesh\libraries\CSR102x_A06\libcsrmesh.a(csr1010_scheduler.o)
 .text.CSRSchedStart
                0x000550e0       0x24 ..\mesh_common\mesh\libraries\CSR102x_A06\libcsrmesh.a(csr1010_scheduler.o)
                0x000550e0                CSRSchedStart
 .text.CSRSchedNotifyGattEvent
                0x00055104       0xae ..\mesh_common\mesh\libraries\CSR102x_A06\libcsrmesh.a(csr1010_scheduler.o)
                0x00055104                CSRSchedNotifyGattEvent
 .text.CSRSchedMissingRadioEventTimeoutHandler
                0x000551b2        0xd ..\mesh_common\mesh\libraries\CSR102x_A06\libcsrmesh.a(csr1010_scheduler.o)
 .text.CSRSchedConnectionBusyTimeoutHandler
                0x000551bf       0x23 ..\mesh_common\mesh\libraries\CSR102x_A06\libcsrmesh.a(csr1010_scheduler.o)
 .text.CSRSchedSendUserAdv
                0x000551e2       0x47 ..\mesh_common\mesh\libraries\CSR102x_A06\libcsrmesh.a(csr1010_scheduler.o)
                0x000551e2                CSRSchedSendUserAdv
 .text.CSRSchedGetConfigParams
                0x00055229       0x41 ..\mesh_common\mesh\libraries\CSR102x_A06\libcsrmesh.a(csr1010_scheduler.o)
                0x00055229                CSRSchedGetConfigParams
 .text.CSRSchedSetConfigParams
                0x0005526a       0x76 ..\mesh_common\mesh\libraries\CSR102x_A06\libcsrmesh.a(csr1010_scheduler.o)
                0x0005526a                CSRSchedSetConfigParams
 .text.CsrSchedSetTxPower
                0x000552e0        0x8 ..\mesh_common\mesh\libraries\CSR102x_A06\libcsrmesh.a(csr1010_scheduler.o)
                0x000552e0                CsrSchedSetTxPower
 .text.CSRSchedEnableRadioEvent
                0x000552e8       0x12 ..\mesh_common\mesh\libraries\CSR102x_A06\libcsrmesh.a(csr1010_scheduler.o)
                0x000552e8                CSRSchedEnableRadioEvent
 .text.CSRSchedDisableRadioEvent
                0x000552fa       0x11 ..\mesh_common\mesh\libraries\CSR102x_A06\libcsrmesh.a(csr1010_scheduler.o)
                0x000552fa                CSRSchedDisableRadioEvent
 .text.___libcsrmesh_363
                0x0005530b        0x6 ..\mesh_common\mesh\libraries\CSR102x_A06\libcsrmesh.a(csr_mesh_hal_ifce.o)
                0x0005530b                ___libcsrmesh_363
 .text.___libcsrmesh_367
                0x00055311        0x5 ..\mesh_common\mesh\libraries\CSR102x_A06\libcsrmesh.a(csr_mesh_hal_ifce.o)
                0x00055311                ___libcsrmesh_367
 .text.___libcsrmesh_362
                0x00055316        0xc ..\mesh_common\mesh\libraries\CSR102x_A06\libcsrmesh.a(csr_mesh_hal_ifce.o)
                0x00055316                ___libcsrmesh_362
 .text.___libcsrmesh_366
                0x00055322        0xb ..\mesh_common\mesh\libraries\CSR102x_A06\libcsrmesh.a(csr_mesh_hal_ifce.o)
                0x00055322                ___libcsrmesh_366
 .text.___libcsrmesh_365
                0x0005532d        0xe ..\mesh_common\mesh\libraries\CSR102x_A06\libcsrmesh.a(csr_mesh_hal_ifce.o)
                0x0005532d                ___libcsrmesh_365
 .text.___libcsrmesh_364
                0x0005533b        0x3 ..\mesh_common\mesh\libraries\CSR102x_A06\libcsrmesh.a(csr_mesh_hal_ifce.o)
                0x0005533b                ___libcsrmesh_364
 .text.___libcsrmesh_371
                0x0005533e       0x5f ..\mesh_common\mesh\libraries\CSR102x_A06\libcsrmesh.a(csr_mesh_security_ifce_101x.o)
                0x0005533e                ___libcsrmesh_371
 .text.___libcsrmesh_373
                0x0005539d       0x24 ..\mesh_common\mesh\libraries\CSR102x_A06\libcsrmesh.a(csr_mesh_security_ifce_101x.o)
                0x0005539d                ___libcsrmesh_373
 .text.___libcsrmesh_372
                0x000553c1       0x21 ..\mesh_common\mesh\libraries\CSR102x_A06\libcsrmesh.a(csr_mesh_security_ifce_101x.o)
                0x000553c1                ___libcsrmesh_372
 .text.___libcsrmesh_111
                0x000553e2       0x15 ..\mesh_common\mesh\libraries\CSR102x_A06\libcsrmesh.a(csr_mesh_config_model.o)
                0x000553e2                ___libcsrmesh_111
 .text.ConfigModelInit
                0x000553f7       0x1b ..\mesh_common\mesh\libraries\CSR102x_A06\libcsrmesh.a(csr_mesh_config_model.o)
                0x000553f7                ConfigModelInit
 .text.handleConfigGetDeviceInfo
                0x00055412      0x150 ..\mesh_common\mesh\libraries\CSR102x_A06\libcsrmesh.a(csr_mesh_config_model.o)
 .text.configModelServerHandler
                0x00055562      0x30d ..\mesh_common\mesh\libraries\CSR102x_A06\libcsrmesh.a(csr_mesh_config_model.o)
 .text.BearerModelInit
                0x0005586f       0x14 ..\mesh_common\mesh\libraries\CSR102x_A06\libcsrmesh.a(csr_mesh_bearer_model.o)
                0x0005586f                BearerModelInit
 .text.handleMcpBearerModelMsg
                0x00055883       0xb4 ..\mesh_common\mesh\libraries\CSR102x_A06\libcsrmesh.a(csr_mesh_bearer_model.o)
 .text.free_buffers
                0x00055937        0x3 ..\mesh_common\mesh\libraries\CSR102x_A06\libcsrmesh.a(csr_mesh_ec_math.o)
 .text.ec_math_192_double
                0x0005593a       0xb5 ..\mesh_common\mesh\libraries\CSR102x_A06\libcsrmesh.a(csr_mesh_ec_math.o)
 .text.ec_math_192_mul
                0x000559ef      0x116 ..\mesh_common\mesh\libraries\CSR102x_A06\libcsrmesh.a(csr_mesh_ec_math.o)
 .text.___libcsrmesh_127
                0x00055b05        0xc ..\mesh_common\mesh\libraries\CSR102x_A06\libcsrmesh.a(csr_mesh_ec_math.o)
                0x00055b05                ___libcsrmesh_127
 .text.___libcsrmesh_128
                0x00055b11       0x2e ..\mesh_common\mesh\libraries\CSR102x_A06\libcsrmesh.a(csr_mesh_ec_math.o)
                0x00055b11                ___libcsrmesh_128
 .text.GroupModelInit
                0x00055b3f       0x14 ..\mesh_common\mesh\libraries\CSR102x_A06\libcsrmesh.a(csr_mesh_group_model.o)
                0x00055b3f                GroupModelInit
 .text.groupModelServerHandler
                0x00055b53      0x11d ..\mesh_common\mesh\libraries\CSR102x_A06\libcsrmesh.a(csr_mesh_group_model.o)
 .text.___libcsrmesh_159
                0x00055c70       0x2e ..\mesh_common\mesh\libraries\CSR102x_A06\libcsrmesh.a(csr_mesh_large_num.o)
                0x00055c70                ___libcsrmesh_159
 .text.___libcsrmesh_157
                0x00055c9e        0xc ..\mesh_common\mesh\libraries\CSR102x_A06\libcsrmesh.a(csr_mesh_large_num.o)
                0x00055c9e                ___libcsrmesh_157
 .text.___libcsrmesh_161
                0x00055caa       0x10 ..\mesh_common\mesh\libraries\CSR102x_A06\libcsrmesh.a(csr_mesh_large_num.o)
                0x00055caa                ___libcsrmesh_161
 .text.___libcsrmesh_168
                0x00055cba       0x25 ..\mesh_common\mesh\libraries\CSR102x_A06\libcsrmesh.a(csr_mesh_large_num.o)
                0x00055cba                ___libcsrmesh_168
 .text.___libcsrmesh_158
                0x00055cdf       0x64 ..\mesh_common\mesh\libraries\CSR102x_A06\libcsrmesh.a(csr_mesh_large_num.o)
                0x00055cdf                ___libcsrmesh_158
 .text.___libcsrmesh_169
                0x00055d43       0x4f ..\mesh_common\mesh\libraries\CSR102x_A06\libcsrmesh.a(csr_mesh_large_num.o)
                0x00055d43                ___libcsrmesh_169
 .text.___libcsrmesh_165
                0x00055d92       0x18 ..\mesh_common\mesh\libraries\CSR102x_A06\libcsrmesh.a(csr_mesh_large_num.o)
                0x00055d92                ___libcsrmesh_165
 .text.___libcsrmesh_167
                0x00055daa       0x3b ..\mesh_common\mesh\libraries\CSR102x_A06\libcsrmesh.a(csr_mesh_large_num.o)
                0x00055daa                ___libcsrmesh_167
 .text.___libcsrmesh_166
                0x00055de5       0x36 ..\mesh_common\mesh\libraries\CSR102x_A06\libcsrmesh.a(csr_mesh_large_num.o)
                0x00055de5                ___libcsrmesh_166
 .text.___libcsrmesh_160
                0x00055e1b        0x8 ..\mesh_common\mesh\libraries\CSR102x_A06\libcsrmesh.a(csr_mesh_large_num.o)
                0x00055e1b                ___libcsrmesh_160
 .text.___libcsrmesh_171
                0x00055e23       0xb6 ..\mesh_common\mesh\libraries\CSR102x_A06\libcsrmesh.a(csr_mesh_large_num.o)
                0x00055e23                ___libcsrmesh_171
 .text.___libcsrmesh_155
                0x00055ed9        0x2 ..\mesh_common\mesh\libraries\CSR102x_A06\libcsrmesh.a(csr_mesh_large_num.o)
                0x00055ed9                ___libcsrmesh_155
 .text.___libcsrmesh_156
                0x00055edb        0x2 ..\mesh_common\mesh\libraries\CSR102x_A06\libcsrmesh.a(csr_mesh_large_num.o)
                0x00055edb                ___libcsrmesh_156
 .text.___libcsrmesh_170
                0x00055edd       0xac ..\mesh_common\mesh\libraries\CSR102x_A06\libcsrmesh.a(csr_mesh_large_num.o)
                0x00055edd                ___libcsrmesh_170
 .text.___libcsrmesh_163
                0x00055f89       0x14 ..\mesh_common\mesh\libraries\CSR102x_A06\libcsrmesh.a(csr_mesh_large_num.o)
                0x00055f89                ___libcsrmesh_163
 .text.___libcsrmesh_164
                0x00055f9d        0x5 ..\mesh_common\mesh\libraries\CSR102x_A06\libcsrmesh.a(csr_mesh_large_num.o)
                0x00055f9d                ___libcsrmesh_164
 .text.___libcsrmesh_162
                0x00055fa2       0x21 ..\mesh_common\mesh\libraries\CSR102x_A06\libcsrmesh.a(csr_mesh_large_num.o)
                0x00055fa2                ___libcsrmesh_162
 .text.___libcsrmesh_286
                0x00055fc3       0x44 ..\mesh_common\mesh\libraries\CSR102x_A06\libcsrmesh.a(csr_mesh_sha_add_to_cache.o)
                0x00055fc3                ___libcsrmesh_286
 .text.sha256_calc_ith_hash_val
                0x00056007      0x1b8 ..\mesh_common\mesh\libraries\CSR102x_A06\libcsrmesh.a(csr_mesh_sha256_calc_ith_hash_val.o)
 .text.___libcsrmesh_292
                0x000561bf       0x16 ..\mesh_common\mesh\libraries\CSR102x_A06\libcsrmesh.a(csr_mesh_sha256_calc_ith_hash_val.o)
                0x000561bf                ___libcsrmesh_292
 .text.___libcsrmesh_293
                0x000561d5       0x37 ..\mesh_common\mesh\libraries\CSR102x_A06\libcsrmesh.a(csr_mesh_sha256_calc_ith_hash_val.o)
                0x000561d5                ___libcsrmesh_293
 .text.___libcsrmesh_294
                0x0005620c        0xb ..\mesh_common\mesh\libraries\CSR102x_A06\libcsrmesh.a(csr_mesh_sha256_calc_ith_hash_val.o)
                0x0005620c                ___libcsrmesh_294
 .text.ExtensionModelInit